Archive member included to satisfy reference by file (symbol)

libSYS_LIB.a(system_stm32f4xx.c.obj)
                              CMakeFiles/MyStm32F407Project.elf.dir/Core/Src/bsp.c.obj (SystemCoreClock)
libSYS_LIB.a(startup_stm32f407xx.s.obj)
                              (Reset_Handler)
libHAL_LIB.a(stm32f4xx_hal.c.obj)
                              CMakeFiles/MyStm32F407Project.elf.dir/Core/Src/bsp.c.obj (HAL_Init)
libHAL_LIB.a(stm32f4xx_hal_cortex.c.obj)
                              libHAL_LIB.a(stm32f4xx_hal.c.obj) (HAL_NVIC_SetPriorityGrouping)
libHAL_LIB.a(stm32f4xx_hal_gpio.c.obj)
                              CMakeFiles/MyStm32F407Project.elf.dir/Core/Src/bsp.c.obj (HAL_GPIO_Init)
libHAL_LIB.a(stm32f4xx_hal_rcc.c.obj)
                              CMakeFiles/MyStm32F407Project.elf.dir/Core/Src/bsp.c.obj (HAL_RCC_OscConfig)
libHAL_LIB.a(stm32f4xx_hal_tim.c.obj)
                              CMakeFiles/MyStm32F407Project.elf.dir/Core/Src/bsp.c.obj (HAL_TIM_Base_Init)
libHAL_LIB.a(stm32f4xx_hal_tim_ex.c.obj)
                              libHAL_LIB.a(stm32f4xx_hal_tim.c.obj) (TIMEx_DMACommutationCplt)
libHAL_LIB.a(stm32f4xx_hal_dma.c.obj)
                              libHAL_LIB.a(stm32f4xx_hal_tim.c.obj) (HAL_DMA_Start_IT)
/usr/lib/gcc/arm-none-eabi/15.2.0/thumb/v7e-m+fp/hard/libgcc.a(_aeabi_uldivmod.o)
                              libHAL_LIB.a(stm32f4xx_hal_rcc.c.obj) (__aeabi_uldivmod)
/usr/lib/gcc/arm-none-eabi/15.2.0/thumb/v7e-m+fp/hard/libgcc.a(_udivmoddi4.o)
                              /usr/lib/gcc/arm-none-eabi/15.2.0/thumb/v7e-m+fp/hard/libgcc.a(_aeabi_uldivmod.o) (__udivmoddi4)
/usr/lib/gcc/arm-none-eabi/15.2.0/thumb/v7e-m+fp/hard/libgcc.a(_dvmd_tls.o)
                              /usr/lib/gcc/arm-none-eabi/15.2.0/thumb/v7e-m+fp/hard/libgcc.a(_aeabi_uldivmod.o) (__aeabi_ldiv0)
/usr/lib/gcc/arm-none-eabi/15.2.0/../../../../arm-none-eabi/lib/thumb/v7e-m+fp/hard/libg_nano.a(libc_a-atexit.o)
                              /usr/lib/gcc/arm-none-eabi/15.2.0/../../../../arm-none-eabi/lib/thumb/v7e-m+fp/hard/crt0.o (atexit)
/usr/lib/gcc/arm-none-eabi/15.2.0/../../../../arm-none-eabi/lib/thumb/v7e-m+fp/hard/libg_nano.a(libc_a-exit.o)
                              /usr/lib/gcc/arm-none-eabi/15.2.0/../../../../arm-none-eabi/lib/thumb/v7e-m+fp/hard/crt0.o (exit)
/usr/lib/gcc/arm-none-eabi/15.2.0/../../../../arm-none-eabi/lib/thumb/v7e-m+fp/hard/libg_nano.a(libc_a-findfp.o)
                              /usr/lib/gcc/arm-none-eabi/15.2.0/../../../../arm-none-eabi/lib/thumb/v7e-m+fp/hard/libg_nano.a(libc_a-exit.o) (__stdio_exit_handler)
/usr/lib/gcc/arm-none-eabi/15.2.0/../../../../arm-none-eabi/lib/thumb/v7e-m+fp/hard/libg_nano.a(libc_a-fwalk.o)
                              /usr/lib/gcc/arm-none-eabi/15.2.0/../../../../arm-none-eabi/lib/thumb/v7e-m+fp/hard/libg_nano.a(libc_a-findfp.o) (_fwalk_sglue)
/usr/lib/gcc/arm-none-eabi/15.2.0/../../../../arm-none-eabi/lib/thumb/v7e-m+fp/hard/libg_nano.a(libc_a-stdio.o)
                              /usr/lib/gcc/arm-none-eabi/15.2.0/../../../../arm-none-eabi/lib/thumb/v7e-m+fp/hard/libg_nano.a(libc_a-findfp.o) (__sread)
/usr/lib/gcc/arm-none-eabi/15.2.0/../../../../arm-none-eabi/lib/thumb/v7e-m+fp/hard/libg_nano.a(libc_a-memset.o)
                              /usr/lib/gcc/arm-none-eabi/15.2.0/../../../../arm-none-eabi/lib/thumb/v7e-m+fp/hard/crt0.o (memset)
/usr/lib/gcc/arm-none-eabi/15.2.0/../../../../arm-none-eabi/lib/thumb/v7e-m+fp/hard/libg_nano.a(libc_a-closer.o)
                              /usr/lib/gcc/arm-none-eabi/15.2.0/../../../../arm-none-eabi/lib/thumb/v7e-m+fp/hard/libg_nano.a(libc_a-stdio.o) (_close_r)
/usr/lib/gcc/arm-none-eabi/15.2.0/../../../../arm-none-eabi/lib/thumb/v7e-m+fp/hard/libg_nano.a(libc_a-reent.o)
                              /usr/lib/gcc/arm-none-eabi/15.2.0/../../../../arm-none-eabi/lib/thumb/v7e-m+fp/hard/libg_nano.a(libc_a-closer.o) (errno)
/usr/lib/gcc/arm-none-eabi/15.2.0/../../../../arm-none-eabi/lib/thumb/v7e-m+fp/hard/libg_nano.a(libc_a-impure.o)
                              /usr/lib/gcc/arm-none-eabi/15.2.0/../../../../arm-none-eabi/lib/thumb/v7e-m+fp/hard/libg_nano.a(libc_a-reent.o) (_impure_ptr)
/usr/lib/gcc/arm-none-eabi/15.2.0/../../../../arm-none-eabi/lib/thumb/v7e-m+fp/hard/libg_nano.a(libc_a-lseekr.o)
                              /usr/lib/gcc/arm-none-eabi/15.2.0/../../../../arm-none-eabi/lib/thumb/v7e-m+fp/hard/libg_nano.a(libc_a-stdio.o) (_lseek_r)
/usr/lib/gcc/arm-none-eabi/15.2.0/../../../../arm-none-eabi/lib/thumb/v7e-m+fp/hard/libg_nano.a(libc_a-readr.o)
                              /usr/lib/gcc/arm-none-eabi/15.2.0/../../../../arm-none-eabi/lib/thumb/v7e-m+fp/hard/libg_nano.a(libc_a-stdio.o) (_read_r)
/usr/lib/gcc/arm-none-eabi/15.2.0/../../../../arm-none-eabi/lib/thumb/v7e-m+fp/hard/libg_nano.a(libc_a-writer.o)
                              /usr/lib/gcc/arm-none-eabi/15.2.0/../../../../arm-none-eabi/lib/thumb/v7e-m+fp/hard/libg_nano.a(libc_a-stdio.o) (_write_r)
[...]
Memory Configuration

Name             Origin             Length             Attributes
RAM              0x20000000         0x00020000         xrw
CCMRAM           0x10000000         0x00010000         xrw
FLASH            0x08000000         0x00100000         xr
*default*        0x00000000         0xffffffff

Linker script and memory map

LOAD /usr/lib/gcc/arm-none-eabi/15.2.0/thumb/v7e-m+fp/hard/crti.o
LOAD /usr/lib/gcc/arm-none-eabi/15.2.0/thumb/v7e-m+fp/hard/crtbegin.o
LOAD /usr/lib/gcc/arm-none-eabi/15.2.0/../../../../arm-none-eabi/lib/thumb/v7e-m+fp/hard/crt0.o
LOAD CMakeFiles/MyStm32F407Project.elf.dir/Core/Src/app.c.obj
LOAD CMakeFiles/MyStm32F407Project.elf.dir/Core/Src/bsp.c.obj
LOAD CMakeFiles/MyStm32F407Project.elf.dir/Core/Src/main.c.obj
LOAD CMakeFiles/MyStm32F407Project.elf.dir/Core/Src/stm32f4xx_hal_msp.c.obj
LOAD CMakeFiles/MyStm32F407Project.elf.dir/Core/Src/stm32f4xx_it.c.obj
LOAD CMakeFiles/MyStm32F407Project.elf.dir/Core/Src/syscalls.c.obj
LOAD libSYS_LIB.a
LOAD libHAL_LIB.a
LOAD libSYS_LIB.a
START GROUP
LOAD /usr/lib/gcc/arm-none-eabi/15.2.0/thumb/v7e-m+fp/hard/libgcc.a
LOAD /usr/lib/gcc/arm-none-eabi/15.2.0/../../../../arm-none-eabi/lib/thumb/v7e-m+fp/hard/libg_nano.a
LOAD /usr/lib/gcc/arm-none-eabi/15.2.0/../../../../arm-none-eabi/lib/thumb/v7e-m+fp/hard/libc_nano.a
END GROUP
START GROUP
LOAD /usr/lib/gcc/arm-none-eabi/15.2.0/thumb/v7e-m+fp/hard/libgcc.a
LOAD /usr/lib/gcc/arm-none-eabi/15.2.0/../../../../arm-none-eabi/lib/thumb/v7e-m+fp/hard/libc_nano.a
END GROUP
LOAD /usr/lib/gcc/arm-none-eabi/15.2.0/thumb/v7e-m+fp/hard/crtend.o
LOAD /usr/lib/gcc/arm-none-eabi/15.2.0/thumb/v7e-m+fp/hard/crtn.o
                0x20020000                        _estack = (ORIGIN (RAM) + LENGTH (RAM))
                0x2001fc00                        _sstack = (_estack - _Min_Stack_Size)
                0x00000200                        _Min_Heap_Size = 0x200
                0x00000400                        _Min_Stack_Size = 0x400

.isr_vector     0x08000000      0x188
                0x08000000                        . = ALIGN (0x4)
 *(.isr_vector)
 .isr_vector    0x08000000      0x188 libSYS_LIB.a(startup_stm32f407xx.s.obj)
                0x08000000                g_pfnVectors
                0x08000188                        . = ALIGN (0x4)

.text           0x08000188     0xb0fc
                0x08000188                        . = ALIGN (0x4)
 *(.text)
 .text          0x08000188       0x88 /usr/lib/gcc/arm-none-eabi/15.2.0/thumb/v7e-m+fp/hard/crtbegin.o
 .text          0x08000210      0x120 libSYS_LIB.a(system_stm32f4xx.c.obj)
                0x08000210                SystemInit
                0x08000230                SystemCoreClockUpdate
 .text          0x08000330      0x3a0 libHAL_LIB.a(stm32f4xx_hal.c.obj)
                0x08000330                HAL_Init
                0x08000374                HAL_DeInit
                0x080003d0                HAL_MspInit
                0x080003dc                HAL_MspDeInit
                0x080003e8                HAL_InitTick
                0x08000448                HAL_IncTick
                0x0800046c                HAL_GetTick
                0x08000480                HAL_GetTickPrio
                0x08000494                HAL_SetTickFreq
                0x080004e4                HAL_GetTickFreq
                0x080004f8                HAL_Delay
                0x08000540                HAL_SuspendTick
                0x0800055c                HAL_ResumeTick
                0x08000578                HAL_GetHalVersion
                0x0800058c                HAL_GetREVID
                0x080005a4                HAL_GetDEVID
                0x080005bc                HAL_DBGMCU_EnableDBGSleepMode
                0x080005d8                HAL_DBGMCU_DisableDBGSleepMode
                0x080005f4                HAL_DBGMCU_EnableDBGStopMode
                0x08000610                HAL_DBGMCU_DisableDBGStopMode
                0x0800062c                HAL_DBGMCU_EnableDBGStandbyMode
                0x08000648                HAL_DBGMCU_DisableDBGStandbyMode
                0x08000664                HAL_EnableCompensationCell
                0x0800067c                HAL_DisableCompensationCell
                0x08000694                HAL_GetUIDw0
                0x080006a8                HAL_GetUIDw1
                0x080006bc                HAL_GetUIDw2
 .text          0x080006d0      0x674 libHAL_LIB.a(stm32f4xx_hal_cortex.c.obj)
                0x08000aa0                HAL_NVIC_SetPriorityGrouping
                0x08000ab6                HAL_NVIC_SetPriority
                0x08000aee                HAL_NVIC_EnableIRQ
                0x08000b0a                HAL_NVIC_DisableIRQ
                0x08000b26                HAL_NVIC_SystemReset
                0x08000b2e                HAL_SYSTICK_Config
                0x08000b46                HAL_MPU_Disable
                0x08000b74                HAL_MPU_Enable
                0x08000bb0                HAL_MPU_ConfigRegion
                0x08000c38                HAL_CORTEX_ClearEvent
                0x08000c48                HAL_NVIC_GetPriorityGrouping
                0x08000c56                HAL_NVIC_GetPriority
                0x08000c82                HAL_NVIC_SetPendingIRQ
                0x08000c9e                HAL_NVIC_GetPendingIRQ
                0x08000cbc                HAL_NVIC_ClearPendingIRQ
                0x08000cd8                HAL_NVIC_GetActive
                0x08000cf6                HAL_SYSTICK_CLKSourceConfig
                0x08000d2c                HAL_SYSTICK_IRQHandler
                0x08000d38                HAL_SYSTICK_Callback
 .text          0x08000d44      0x64c libHAL_LIB.a(stm32f4xx_hal_gpio.c.obj)
                0x08000d44                HAL_GPIO_Init
                0x08001078                HAL_GPIO_DeInit
                0x0800126c                HAL_GPIO_ReadPin
                0x0800129a                HAL_GPIO_WritePin
                0x080012ca                HAL_GPIO_TogglePin
                0x080012fc                HAL_GPIO_LockPin
                0x0800134a                HAL_GPIO_EXTI_IRQHandler
                0x0800137c                HAL_GPIO_EXTI_Callback
 .text          0x08001390      0xbf8 libHAL_LIB.a(stm32f4xx_hal_rcc.c.obj)
                0x08001390                HAL_RCC_DeInit
                0x0800139e                HAL_RCC_OscConfig
                0x08001890                HAL_RCC_ClockConfig
                0x08001a5c                HAL_RCC_MCOConfig
                0x08001b2c                HAL_RCC_EnableCSS
                0x08001b44                HAL_RCC_DisableCSS
                0x08001b5c                HAL_RCC_GetSysClockFreq
                0x08001d68                HAL_RCC_GetHCLKFreq
                0x08001d7c                HAL_RCC_GetPCLK1Freq
                0x08001da4                HAL_RCC_GetPCLK2Freq
                0x08001dcc                HAL_RCC_GetOscConfig
                0x08001ef4                HAL_RCC_GetClockConfig
                0x08001f54                HAL_RCC_NMI_IRQHandler
                0x08001f7c                HAL_RCC_CSSCallback
 .text          0x08001f88     0x5c40 libHAL_LIB.a(stm32f4xx_hal_tim.c.obj)
                0x08001f88                HAL_TIM_Base_Init
                0x08002026                HAL_TIM_Base_DeInit
                0x080020e0                HAL_TIM_Base_MspDeInit
                0x080020f2                HAL_TIM_Base_Start
                0x080021c0                HAL_TIM_Base_Stop
                0x0800220c                HAL_TIM_Base_Start_IT
                0x080022e8                HAL_TIM_Base_Stop_IT
                0x08002344                HAL_TIM_Base_Start_DMA
                0x08002488                HAL_TIM_Base_Stop_DMA
                0x080024ec                HAL_TIM_OC_Init
                0x0800258a                HAL_TIM_OC_DeInit
                0x08002632                HAL_TIM_OC_MspInit
                0x08002644                HAL_TIM_OC_MspDeInit
                0x08002656                HAL_TIM_OC_Start
                0x080027e8                HAL_TIM_OC_Stop
                0x080028c8                HAL_TIM_OC_Start_IT
                0x08002ad8                HAL_TIM_OC_Stop_IT
                0x08002c38                HAL_TIM_OC_Start_DMA
                0x08002fac                HAL_TIM_OC_Stop_DMA
                0x08003134                HAL_TIM_PWM_Init
                0x080031d2                HAL_TIM_PWM_DeInit
                0x0800327a                HAL_TIM_PWM_MspInit
                0x0800328c                HAL_TIM_PWM_MspDeInit
                0x0800329e                HAL_TIM_PWM_Start
                0x08003430                HAL_TIM_PWM_Stop
                0x08003510                HAL_TIM_PWM_Start_IT
                0x08003720                HAL_TIM_PWM_Stop_IT
                0x08003880                HAL_TIM_PWM_Start_DMA
                0x08003bf4                HAL_TIM_PWM_Stop_DMA
                0x08003d7c                HAL_TIM_IC_Init
                0x08003e1a                HAL_TIM_IC_DeInit
                0x08003ec2                HAL_TIM_IC_MspInit
                0x08003ed4                HAL_TIM_IC_MspDeInit
                0x08003ee6                HAL_TIM_IC_Start
                0x08004098                HAL_TIM_IC_Stop
                0x0800415a                HAL_TIM_IC_Start_IT
                0x0800438c                HAL_TIM_IC_Stop_IT
                0x080044cc                HAL_TIM_IC_Start_DMA
                0x08004804                HAL_TIM_IC_Stop_DMA
                0x0800496c                HAL_TIM_OnePulse_Init
                0x08004a0c                HAL_TIM_OnePulse_DeInit
                0x08004a94                HAL_TIM_OnePulse_MspInit
                0x08004aa6                HAL_TIM_OnePulse_MspDeInit
                0x08004ab8                HAL_TIM_OnePulse_Start
                0x08004b7c                HAL_TIM_OnePulse_Stop
                0x08004c54                HAL_TIM_OnePulse_Start_IT
                0x08004d38                HAL_TIM_OnePulse_Stop_IT
                0x08004e30                HAL_TIM_Encoder_Init
                0x08004f7c                HAL_TIM_Encoder_DeInit
                0x08005004                HAL_TIM_Encoder_MspInit
                0x08005016                HAL_TIM_Encoder_MspDeInit
                0x08005028                HAL_TIM_Encoder_Start
                0x08005144                HAL_TIM_Encoder_Stop
                0x08005272                HAL_TIM_Encoder_Start_IT
                0x080053ce                HAL_TIM_Encoder_Stop_IT
                0x08005538                HAL_TIM_Encoder_Start_DMA
                0x08005810                HAL_TIM_Encoder_Stop_DMA
                0x080059a2                HAL_TIM_IRQHandler
                0x08005b82                HAL_TIM_OC_ConfigChannel
                0x08005c1e                HAL_TIM_IC_ConfigChannel
                0x08005d56                HAL_TIM_PWM_ConfigChannel
                0x08005ec2                HAL_TIM_OnePulse_ConfigChannel
                0x08006066                HAL_TIM_DMABurst_WriteStart
                0x0800609a                HAL_TIM_DMABurst_MultiWriteStart
                0x08006340                HAL_TIM_DMABurst_WriteStop
                0x08006434                HAL_TIM_DMABurst_ReadStart
                0x08006468                HAL_TIM_DMABurst_MultiReadStart
                0x08006710                HAL_TIM_DMABurst_ReadStop
                0x08006804                HAL_TIM_GenerateEvent
                0x08006850                HAL_TIM_ConfigOCrefClear
                0x080069ce                HAL_TIM_ConfigClockSource
                0x08006b5c                HAL_TIM_ConfigTI1Input
                0x08006b92                HAL_TIM_SlaveConfigSynchro
                0x08006c16                HAL_TIM_SlaveConfigSynchro_IT
                0x08006c9a                HAL_TIM_ReadCapturedValue
                0x08006d16                HAL_TIM_PeriodElapsedHalfCpltCallback
                0x08006d28                HAL_TIM_OC_DelayElapsedCallback
                0x08006d3a                HAL_TIM_IC_CaptureCallback
                0x08006d4c                HAL_TIM_IC_CaptureHalfCpltCallback
                0x08006d5e                HAL_TIM_PWM_PulseFinishedCallback
                0x08006d70                HAL_TIM_PWM_PulseFinishedHalfCpltCallback
                0x08006d82                HAL_TIM_TriggerCallback
                0x08006d94                HAL_TIM_TriggerHalfCpltCallback
                0x08006da6                HAL_TIM_ErrorCallback
                0x08006db8                HAL_TIM_Base_GetState
                0x08006dd2                HAL_TIM_OC_GetState
                0x08006dec                HAL_TIM_PWM_GetState
                0x08006e06                HAL_TIM_IC_GetState
                0x08006e20                HAL_TIM_OnePulse_GetState
                0x08006e3a                HAL_TIM_Encoder_GetState
                0x08006e54                HAL_TIM_GetActiveChannel
                0x08006e6a                HAL_TIM_GetChannelState
                0x08006eb8                HAL_TIM_DMABurstState
                0x08006ed2                TIM_DMAError
                0x0800700c                TIM_DMADelayPulseHalfCplt
                0x08007074                TIM_DMACaptureCplt
                0x0800713c                TIM_DMACaptureHalfCplt
                0x08007238                TIM_Base_SetConfig
                0x0800746c                TIM_OC2_SetConfig
                0x08007806                TIM_TI1_SetConfig
                0x08007b40                TIM_ETR_SetConfig
                0x08007b7e                TIM_CCxChannelCmd
 .text          0x08007bc8     0x2390 libHAL_LIB.a(stm32f4xx_hal_tim_ex.c.obj)
                0x08007bc8                HAL_TIMEx_HallSensor_Init
                0x08007d1a                HAL_TIMEx_HallSensor_DeInit
                0x08007da2                HAL_TIMEx_HallSensor_MspInit
                0x08007db4                HAL_TIMEx_HallSensor_MspDeInit
                0x08007dc6                HAL_TIMEx_HallSensor_Start
                0x08007ee4                HAL_TIMEx_HallSensor_Stop
                0x08007f54                HAL_TIMEx_HallSensor_Start_IT
                0x08008080                HAL_TIMEx_HallSensor_Stop_IT
                0x08008100                HAL_TIMEx_HallSensor_Start_DMA
                0x0800826c                HAL_TIMEx_HallSensor_Stop_DMA
                0x080082e6                HAL_TIMEx_OCN_Start
                0x08008458                HAL_TIMEx_OCN_Stop
                0x08008512                HAL_TIMEx_OCN_Start_IT
                0x080086f4                HAL_TIMEx_OCN_Stop_IT
                0x08008832                HAL_TIMEx_OCN_Start_DMA
                0x08008b30                HAL_TIMEx_OCN_Stop_DMA
                0x08008c68                HAL_TIMEx_PWMN_Start
                0x08008ddc                HAL_TIMEx_PWMN_Stop
                0x08008e96                HAL_TIMEx_PWMN_Start_IT
                0x08009078                HAL_TIMEx_PWMN_Stop_IT
                0x080091b6                HAL_TIMEx_PWMN_Start_DMA
                0x080094b4                HAL_TIMEx_PWMN_Stop_DMA
                0x080095ec                HAL_TIMEx_OnePulseN_Start
                0x08009698                HAL_TIMEx_OnePulseN_Stop
                0x08009758                HAL_TIMEx_OnePulseN_Start_IT
                0x08009824                HAL_TIMEx_OnePulseN_Stop_IT
                0x08009904                HAL_TIMEx_ConfigCommutEvent
                0x080099c2                HAL_TIMEx_ConfigCommutEvent_IT
                0x08009a80                HAL_TIMEx_ConfigCommutEvent_DMA
                0x08009b64                HAL_TIMEx_MasterConfigSynchronization
                0x08009c58                HAL_TIMEx_ConfigBreakDeadTime
                0x08009cfa                HAL_TIMEx_RemapConfig
                0x08009d36                HAL_TIMEx_CommutCallback
                0x08009d48                HAL_TIMEx_CommutHalfCpltCallback
                0x08009d5a                HAL_TIMEx_BreakCallback
                0x08009d6c                HAL_TIMEx_HallSensor_GetState
                0x08009d86                HAL_TIMEx_GetChannelNState
                0x08009dd4                TIMEx_DMACommutationCplt
                0x08009df8                TIMEx_DMACommutationHalfCplt
 .text          0x08009f58      0xcb8 libHAL_LIB.a(stm32f4xx_hal_dma.c.obj)
                0x08009f58                HAL_DMA_Init
                0x0800a0b4                HAL_DMA_DeInit
                0x0800a170                HAL_DMA_Start
                0x0800a1e6                HAL_DMA_Start_IT
                0x0800a296                HAL_DMA_Abort
                0x0800a376                HAL_DMA_Abort_IT
                0x0800a3b8                HAL_DMA_PollForTransfer
                0x0800a576                HAL_DMA_IRQHandler
                0x0800a888                HAL_DMA_RegisterCallback
                0x0800a936                HAL_DMA_UnRegisterCallback
                0x0800aa10                HAL_DMA_GetState
                0x0800aa2a                HAL_DMA_GetError
 .text          0x0800ac10       0x30 /usr/lib/gcc/arm-none-eabi/15.2.0/thumb/v7e-m+fp/hard/libgcc.a(_aeabi_uldivmod.o)
                0x0800ac10                __aeabi_uldivmod
 .text          0x0800ac40      0x320 /usr/lib/gcc/arm-none-eabi/15.2.0/thumb/v7e-m+fp/hard/libgcc.a(_udivmoddi4.o)
                0x0800ac40                __udivmoddi4
 .text          0x0800af60        0x4 /usr/lib/gcc/arm-none-eabi/15.2.0/thumb/v7e-m+fp/hard/libgcc.a(_dvmd_tls.o)
                0x0800af60                __aeabi_ldiv0
                0x0800af60                __aeabi_idiv0
 *(.text*)
 .text.APP_Init
                0x0800af64        0x2 CMakeFiles/MyStm32F407Project.elf.dir/Core/Src/app.c.obj
                0x0800af64                APP_Init
 *fill*         0x0800af66        0x2 
 .text.APP_Loop
                0x0800af68       0x1c CMakeFiles/MyStm32F407Project.elf.dir/Core/Src/app.c.obj
                0x0800af68                APP_Loop
 .text.HAL_TIM_PeriodElapsedCallback
                0x0800af84        0x2 CMakeFiles/MyStm32F407Project.elf.dir/Core/Src/app.c.obj
                0x0800af84                HAL_TIM_PeriodElapsedCallback
 *fill*         0x0800af86        0x2 
 .text.SystemClock_Config
                0x0800af88       0xb0 CMakeFiles/MyStm32F407Project.elf.dir/Core/Src/bsp.c.obj
 .text.MX_GPIO_Init
                0x0800b038       0x44 CMakeFiles/MyStm32F407Project.elf.dir/Core/Src/bsp.c.obj
 .text.MX_TIM7_Init
                0x0800b07c       0x38 CMakeFiles/MyStm32F407Project.elf.dir/Core/Src/bsp.c.obj
 .text.delay_init
                0x0800b0b4       0x44 CMakeFiles/MyStm32F407Project.elf.dir/Core/Src/bsp.c.obj
                0x0800b0b4                delay_init
 .text.BSP_Init
                0x0800b0f8       0x18 CMakeFiles/MyStm32F407Project.elf.dir/Core/Src/bsp.c.obj
                0x0800b0f8                BSP_Init
 .text.delay_us
                0x0800b110       0x20 CMakeFiles/MyStm32F407Project.elf.dir/Core/Src/bsp.c.obj
                0x0800b110                delay_us
 .text.delay_ms
                0x0800b130       0x16 CMakeFiles/MyStm32F407Project.elf.dir/Core/Src/bsp.c.obj
                0x0800b130                delay_ms
 .text.main     0x0800b146       0x10 CMakeFiles/MyStm32F407Project.elf.dir/Core/Src/main.c.obj
                0x0800b146                main
 .text.Error_Handler
                0x0800b156        0x4 CMakeFiles/MyStm32F407Project.elf.dir/Core/Src/main.c.obj
                0x0800b156                Error_Handler
 *fill*         0x0800b15a        0x2 
 .text.HAL_TIM_Base_MspInit
                0x0800b15c       0x40 CMakeFiles/MyStm32F407Project.elf.dir/Core/Src/stm32f4xx_hal_msp.c.obj
                0x0800b15c                HAL_TIM_Base_MspInit
 .text.NMI_Handler
                0x0800b19c        0x2 CMakeFiles/MyStm32F407Project.elf.dir/Core/Src/stm32f4xx_it.c.obj
                0x0800b19c                NMI_Handler
 .text.HardFault_Handler
                0x0800b19e        0x2 CMakeFiles/MyStm32F407Project.elf.dir/Core/Src/stm32f4xx_it.c.obj
                0x0800b19e                HardFault_Handler
 .text.MemManage_Handler
                0x0800b1a0        0x2 CMakeFiles/MyStm32F407Project.elf.dir/Core/Src/stm32f4xx_it.c.obj
                0x0800b1a0                MemManage_Handler
 .text.BusFault_Handler
                0x0800b1a2        0x2 CMakeFiles/MyStm32F407Project.elf.dir/Core/Src/stm32f4xx_it.c.obj
                0x0800b1a2                BusFault_Handler
 .text.UsageFault_Handler
                0x0800b1a4        0x2 CMakeFiles/MyStm32F407Project.elf.dir/Core/Src/stm32f4xx_it.c.obj
                0x0800b1a4                UsageFault_Handler
 .text.DebugMon_Handler
                0x0800b1a6        0x2 CMakeFiles/MyStm32F407Project.elf.dir/Core/Src/stm32f4xx_it.c.obj
                0x0800b1a6                DebugMon_Handler
 .text.SysTick_Handler
                0x0800b1a8        0x8 CMakeFiles/MyStm32F407Project.elf.dir/Core/Src/stm32f4xx_it.c.obj
                0x0800b1a8                SysTick_Handler
 .text.TIM7_IRQHandler
                0x0800b1b0       0x10 CMakeFiles/MyStm32F407Project.elf.dir/Core/Src/stm32f4xx_it.c.obj
                0x0800b1b0                TIM7_IRQHandler
 .text.Reset_Handler
                0x0800b1c0       0x50 libSYS_LIB.a(startup_stm32f407xx.s.obj)
                0x0800b1c0                Reset_Handler
 .text.Default_Handler
                0x0800b210        0x2 libSYS_LIB.a(startup_stm32f407xx.s.obj)
                0x0800b210                RTC_Alarm_IRQHandler
                0x0800b210                HASH_RNG_IRQHandler
                0x0800b210                EXTI2_IRQHandler
                0x0800b210                TIM8_CC_IRQHandler
                0x0800b210                TIM1_CC_IRQHandler
                0x0800b210                DMA2_Stream5_IRQHandler
                0x0800b210                DMA1_Stream5_IRQHandler
                0x0800b210                PVD_IRQHandler
                0x0800b210                SDIO_IRQHandler
                0x0800b210                TAMP_STAMP_IRQHandler
                0x0800b210                PendSV_Handler
                0x0800b210                CAN2_RX1_IRQHandler
                0x0800b210                EXTI3_IRQHandler
                0x0800b210                TIM8_TRG_COM_TIM14_IRQHandler
                0x0800b210                TIM1_UP_TIM10_IRQHandler
                0x0800b210                TIM8_UP_TIM13_IRQHandler
                0x0800b210                I2C3_ER_IRQHandler
                0x0800b210                EXTI0_IRQHandler
                0x0800b210                I2C2_EV_IRQHandler
                0x0800b210                DMA1_Stream2_IRQHandler
                0x0800b210                CAN1_RX0_IRQHandler
                0x0800b210                FPU_IRQHandler
                0x0800b210                OTG_HS_WKUP_IRQHandler
                0x0800b210                CAN2_SCE_IRQHandler
                0x0800b210                DMA2_Stream2_IRQHandler
                0x0800b210                SPI1_IRQHandler
                0x0800b210                TIM6_DAC_IRQHandler
                0x0800b210                TIM1_BRK_TIM9_IRQHandler
                0x0800b210                DCMI_IRQHandler
                0x0800b210                CAN2_RX0_IRQHandler
                0x0800b210                DMA2_Stream3_IRQHandler
                0x0800b210                USART6_IRQHandler
                0x0800b210                USART3_IRQHandler
                0x0800b210                CAN1_RX1_IRQHandler
                0x0800b210                UART5_IRQHandler
                0x0800b210                DMA2_Stream0_IRQHandler
                0x0800b210                TIM4_IRQHandler
                0x0800b210                I2C1_EV_IRQHandler
                0x0800b210                DMA1_Stream6_IRQHandler
                0x0800b210                DMA1_Stream1_IRQHandler
                0x0800b210                UART4_IRQHandler
                0x0800b210                TIM3_IRQHandler
                0x0800b210                RCC_IRQHandler
                0x0800b210                TIM8_BRK_TIM12_IRQHandler
                0x0800b210                Default_Handler
                0x0800b210                EXTI15_10_IRQHandler
                0x0800b210                ADC_IRQHandler
                0x0800b210                DMA1_Stream7_IRQHandler
                0x0800b210                CAN2_TX_IRQHandler
                0x0800b210                TIM5_IRQHandler
                0x0800b210                DMA2_Stream7_IRQHandler
                0x0800b210                I2C3_EV_IRQHandler
                0x0800b210                EXTI9_5_IRQHandler
                0x0800b210                RTC_WKUP_IRQHandler
                0x0800b210                ETH_WKUP_IRQHandler
                0x0800b210                SPI2_IRQHandler
                0x0800b210                OTG_HS_EP1_IN_IRQHandler
                0x0800b210                DMA1_Stream0_IRQHandler
                0x0800b210                CAN1_TX_IRQHandler
                0x0800b210                SVC_Handler
                0x0800b210                EXTI4_IRQHandler
                0x0800b210                FSMC_IRQHandler
                0x0800b210                ETH_IRQHandler
                0x0800b210                OTG_HS_EP1_OUT_IRQHandler
                0x0800b210                WWDG_IRQHandler
                0x0800b210                TIM2_IRQHandler
                0x0800b210                OTG_FS_WKUP_IRQHandler
                0x0800b210                TIM1_TRG_COM_TIM11_IRQHandler
                0x0800b210                OTG_HS_IRQHandler
                0x0800b210                EXTI1_IRQHandler
                0x0800b210                USART2_IRQHandler
                0x0800b210                I2C2_ER_IRQHandler
                0x0800b210                DMA2_Stream1_IRQHandler
                0x0800b210                CAN1_SCE_IRQHandler
                0x0800b210                FLASH_IRQHandler
                0x0800b210                DMA2_Stream4_IRQHandler
                0x0800b210                USART1_IRQHandler
                0x0800b210                OTG_FS_IRQHandler
                0x0800b210                SPI3_IRQHandler
                0x0800b210                DMA1_Stream4_IRQHandler
                0x0800b210                I2C1_ER_IRQHandler
                0x0800b210                DMA2_Stream6_IRQHandler
                0x0800b210                DMA1_Stream3_IRQHandler
 .text.memset   0x0800b212       0x10 /usr/lib/gcc/arm-none-eabi/15.2.0/../../../../arm-none-eabi/lib/thumb/v7e-m+fp/hard/libg_nano.a(libc_a-memset.o)
                0x0800b212                memset
 *fill*         0x0800b222        0x2 
 .text.__libc_init_array
                0x0800b224       0x48 /usr/lib/gcc/arm-none-eabi/15.2.0/../../../../arm-none-eabi/lib/thumb/v7e-m+fp/hard/libg_nano.a(libc_a-init.o)
                0x0800b224                __libc_init_array
 *(.glue_7)
 .glue_7        0x0800b26c        0x0 linker stubs
 *(.glue_7t)
 .glue_7t       0x0800b26c        0x0 linker stubs
 *(.eh_frame)
 .eh_frame      0x0800b26c        0x0 /usr/lib/gcc/arm-none-eabi/15.2.0/thumb/v7e-m+fp/hard/crtbegin.o
 *(.init)
 .init          0x0800b26c        0x4 /usr/lib/gcc/arm-none-eabi/15.2.0/thumb/v7e-m+fp/hard/crti.o
                0x0800b26c                _init
 .init          0x0800b270        0x8 /usr/lib/gcc/arm-none-eabi/15.2.0/thumb/v7e-m+fp/hard/crtn.o
 *(.fini)
 .fini          0x0800b278        0x4 /usr/lib/gcc/arm-none-eabi/15.2.0/thumb/v7e-m+fp/hard/crti.o
                0x0800b278                _fini
 .fini          0x0800b27c        0x8 /usr/lib/gcc/arm-none-eabi/15.2.0/thumb/v7e-m+fp/hard/crtn.o
                0x0800b284                        . = ALIGN (0x4)
                0x0800b284                        _etext = .

.vfp11_veneer   0x0800b284        0x0
 .vfp11_veneer  0x0800b284        0x0 linker stubs

.v4_bx          0x0800b284        0x0
 .v4_bx         0x0800b284        0x0 linker stubs

.iplt           0x0800b284        0x0
 .iplt          0x0800b284        0x0 /usr/lib/gcc/arm-none-eabi/15.2.0/thumb/v7e-m+fp/hard/crtbegin.o

.rodata         0x0800b284       0x20
                0x0800b284                        . = ALIGN (0x4)
 *(.rodata)
 .rodata        0x0800b284       0x18 libSYS_LIB.a(system_stm32f4xx.c.obj)
                0x0800b284                AHBPrescTable
                0x0800b294                APBPrescTable
 .rodata        0x0800b29c        0x8 libHAL_LIB.a(stm32f4xx_hal_dma.c.obj)
 *(.rodata*)
                0x0800b2a4                        . = ALIGN (0x4)

.ARM.extab      0x0800b2a4        0x0
                0x0800b2a4                        . = ALIGN (0x4)
 *(.ARM.extab* .gnu.linkonce.armextab.*)
                0x0800b2a4                        . = ALIGN (0x4)

.ARM            0x0800b2a4        0x8
                0x0800b2a4                        . = ALIGN (0x4)
                0x0800b2a4                        __exidx_start = .
 *(.ARM.exidx*)
 .ARM.exidx     0x0800b2a4        0x8 /usr/lib/gcc/arm-none-eabi/15.2.0/thumb/v7e-m+fp/hard/libgcc.a(_udivmoddi4.o)
                0x0800b2ac                        __exidx_end = .
                0x0800b2ac                        . = ALIGN (0x4)

.preinit_array  0x0800b2ac        0x0
                0x0800b2ac                        . = ALIGN (0x4)
                0x0800b2ac                        PROVIDE (__preinit_array_start = .)
 *(.preinit_array*)
                0x0800b2ac                        PROVIDE (__preinit_array_end = .)
                0x0800b2ac                        . = ALIGN (0x4)

.init_array     0x0800b2ac        0x4
                0x0800b2ac                        . = ALIGN (0x4)
                0x0800b2ac                        PROVIDE (__init_array_start = .)
 *(SORT_BY_NAME(.init_array.*))
 *(.init_array*)
 .init_array    0x0800b2ac        0x4 /usr/lib/gcc/arm-none-eabi/15.2.0/thumb/v7e-m+fp/hard/crtbegin.o
                0x0800b2b0                        PROVIDE (__init_array_end = .)
                0x0800b2b0                        . = ALIGN (0x4)

.fini_array     0x0800b2b0        0x4
                0x0800b2b0                        . = ALIGN (0x4)
                0x0800b2b0                        PROVIDE (__fini_array_start = .)
 *(SORT_BY_NAME(.fini_array.*))
 *(.fini_array*)
 .fini_array    0x0800b2b0        0x4 /usr/lib/gcc/arm-none-eabi/15.2.0/thumb/v7e-m+fp/hard/crtbegin.o
                0x0800b2b4                        PROVIDE (__fini_array_end = .)
                0x0800b2b4                        . = ALIGN (0x4)
                0x0800b2b4                        _siccmram = LOADADDR (.ccmram)

.rel.dyn        0x0800b2b4        0x0
 .rel.iplt      0x0800b2b4        0x0 /usr/lib/gcc/arm-none-eabi/15.2.0/thumb/v7e-m+fp/hard/crtbegin.o

.ccmram         0x10000000        0x0 load address 0x0800b2b4
                0x10000000                        . = ALIGN (0x4)
                0x10000000                        _sccmram = .
 *(.ccmram)
 *(.ccmram*)
                0x10000000                        . = ALIGN (0x4)
                0x10000000                        _eccmram = .
                0x0800b2b4                        _sidata = LOADADDR (.data)

.data           0x20000000        0xc load address 0x0800b2b4
                0x20000000                        . = ALIGN (0x4)
                0x20000000                        _sdata = .
 *(.data)
 .data          0x20000000        0x4 libSYS_LIB.a(system_stm32f4xx.c.obj)
                0x20000000                SystemCoreClock
 .data          0x20000004        0x5 libHAL_LIB.a(stm32f4xx_hal.c.obj)
                0x20000004                uwTickPrio
                0x20000008                uwTickFreq
 *(.data*)
 *(.RamFunc)
 *(.RamFunc*)
                0x2000000c                        . = ALIGN (0x4)
 *fill*         0x20000009        0x3 

.tm_clone_table
                0x2000000c        0x0 load address 0x0800b2c0
 .tm_clone_table
                0x2000000c        0x0 /usr/lib/gcc/arm-none-eabi/15.2.0/thumb/v7e-m+fp/hard/crtbegin.o
 .tm_clone_table
                0x2000000c        0x0 /usr/lib/gcc/arm-none-eabi/15.2.0/thumb/v7e-m+fp/hard/crtend.o

.igot.plt       0x2000000c        0x0 load address 0x0800b2c0
 .igot.plt      0x2000000c        0x0 /usr/lib/gcc/arm-none-eabi/15.2.0/thumb/v7e-m+fp/hard/crtbegin.o

.tdata          0x2000000c        0x0 load address 0x0800b2c0
 *(.tdata .tdata.* .gnu.linkonce.td.*)
                0x2000000c                        . = ALIGN (0x4)
                0x2000000c                        _edata = .
                [!provide]                        PROVIDE (__data_end = .)
                [!provide]                        PROVIDE (__tdata_end = .)
                [!provide]                        PROVIDE (__tdata_start = ADDR (.tdata))
                [!provide]                        PROVIDE (__tdata_size = (__tdata_end - __tdata_start))
                [!provide]                        PROVIDE (__data_start = ADDR (.data))
                [!provide]                        PROVIDE (__data_size = (__data_end - __data_start))
                [!provide]                        PROVIDE (__tdata_source = LOADADDR (.tdata))
                [!provide]                        PROVIDE (__tdata_source_end = (LOADADDR (.tdata) + SIZEOF (.tdata)))
                [!provide]                        PROVIDE (__tdata_source_size = (__tdata_source_end - __tdata_source))
                [!provide]                        PROVIDE (__data_source = LOADADDR (.data))
                [!provide]                        PROVIDE (__data_source_end = __tdata_source_end)
                [!provide]                        PROVIDE (__data_source_size = (__data_source_end - __data_source))

.tbss           0x2000000c        0x0 load address 0x0800b2c0
                0x2000000c                        _sbss = .
                0x2000000c                        __bss_start__ = _sbss
 *(.tbss .tbss.*)
                0x2000000c                        . = ALIGN (0x4)
                [!provide]                        PROVIDE (__tbss_end = .)
                [!provide]                        PROVIDE (__tbss_start = ADDR (.tbss))
                [!provide]                        PROVIDE (__tbss_size = (__tbss_end - __tbss_start))
                [!provide]                        PROVIDE (__tbss_offset = (ADDR (.tbss) - ADDR (.tdata)))
                [!provide]                        PROVIDE (__tls_base = __tdata_start)
                [!provide]                        PROVIDE (__tls_end = __tbss_end)
                [!provide]                        PROVIDE (__tls_size = (__tls_end - __tls_base))
                [!provide]                        PROVIDE (__tls_align = MAX (ALIGNOF (.tdata), ALIGNOF (.tbss)))
                [!provide]                        PROVIDE (__tls_size_align = (((__tls_size + __tls_align) - 0x1) & ~ ((__tls_align - 0x1))))
                [!provide]                        PROVIDE (__arm32_tls_tcb_offset = MAX (0x8, __tls_align))
                [!provide]                        PROVIDE (__arm64_tls_tcb_offset = MAX (0x10, __tls_align))

.bss            0x2000000c       0x6c load address 0x0800b2c0
 *(.bss)
 .bss           0x2000000c       0x1c /usr/lib/gcc/arm-none-eabi/15.2.0/thumb/v7e-m+fp/hard/crtbegin.o
 .bss           0x20000028        0x4 libHAL_LIB.a(stm32f4xx_hal.c.obj)
                0x20000028                uwTick
 *(.bss*)
 .bss.s_ticks_per_us
                0x2000002c        0x4 CMakeFiles/MyStm32F407Project.elf.dir/Core/Src/bsp.c.obj
 .bss.htim7     0x20000030       0x48 CMakeFiles/MyStm32F407Project.elf.dir/Core/Src/bsp.c.obj
                0x20000030                htim7
 *(COMMON)
                0x20000078                        . = ALIGN (0x4)
                0x20000078                        _ebss = .
                0x20000078                        __bss_end__ = _ebss
                [!provide]                        PROVIDE (__bss_end = .)
                [!provide]                        PROVIDE (__non_tls_bss_start = ADDR (.bss))
                [!provide]                        PROVIDE (__bss_start = __tbss_start)
                [!provide]                        PROVIDE (__bss_size = (__bss_end - __bss_start))

._user_heap_stack
                0x20000078      0x600 load address 0x0800b2c0
                0x20000078                        . = ALIGN (0x8)
                0x20000078                        PROVIDE (end = .)
                [!provide]                        PROVIDE (_end = .)
                0x20000278                        . = (. + _Min_Heap_Size)
 *fill*         0x20000078      0x200 
                0x20000678                        . = (. + _Min_Stack_Size)
 *fill*         0x20000278      0x400 
                0x20000678                        . = ALIGN (0x8)

/DISCARD/
 libc.a:*(*)
 libm.a:*(*)
 libgcc.a:*(*)
OUTPUT(MyStm32F407Project.elf elf32-littlearm)
LOAD linker stubs

.ARM.attributes
                0x00000000       0x30
 .ARM.attributes
                0x00000000       0x22 /usr/lib/gcc/arm-none-eabi/15.2.0/thumb/v7e-m+fp/hard/crti.o
 .ARM.attributes
                0x00000022       0x34 /usr/lib/gcc/arm-none-eabi/15.2.0/thumb/v7e-m+fp/hard/crtbegin.o
 .ARM.attributes
                0x00000056       0x34 CMakeFiles/MyStm32F407Project.elf.dir/Core/Src/app.c.obj
 .ARM.attributes
                0x0000008a       0x34 CMakeFiles/MyStm32F407Project.elf.dir/Core/Src/bsp.c.obj
 .ARM.attributes
                0x000000be       0x34 CMakeFiles/MyStm32F407Project.elf.dir/Core/Src/main.c.obj
 .ARM.attributes
                0x000000f2       0x34 CMakeFiles/MyStm32F407Project.elf.dir/Core/Src/stm32f4xx_hal_msp.c.obj
 .ARM.attributes
                0x00000126       0x34 CMakeFiles/MyStm32F407Project.elf.dir/Core/Src/stm32f4xx_it.c.obj
 .ARM.attributes
                0x0000015a       0x34 libSYS_LIB.a(system_stm32f4xx.c.obj)
 .ARM.attributes
                0x0000018e       0x21 libSYS_LIB.a(startup_stm32f407xx.s.obj)
 .ARM.attributes
                0x000001af       0x34 libHAL_LIB.a(stm32f4xx_hal.c.obj)
 .ARM.attributes
                0x000001e3       0x34 libHAL_LIB.a(stm32f4xx_hal_cortex.c.obj)
 .ARM.attributes
                0x00000217       0x34 libHAL_LIB.a(stm32f4xx_hal_gpio.c.obj)
 .ARM.attributes
                0x0000024b       0x34 libHAL_LIB.a(stm32f4xx_hal_rcc.c.obj)
 .ARM.attributes
                0x0000027f       0x34 libHAL_LIB.a(stm32f4xx_hal_tim.c.obj)
 .ARM.attributes
                0x000002b3       0x34 libHAL_LIB.a(stm32f4xx_hal_tim_ex.c.obj)
 .ARM.attributes
                0x000002e7       0x34 libHAL_LIB.a(stm32f4xx_hal_dma.c.obj)
 .ARM.attributes
                0x0000031b       0x22 /usr/lib/gcc/arm-none-eabi/15.2.0/thumb/v7e-m+fp/hard/libgcc.a(_aeabi_uldivmod.o)
 .ARM.attributes
                0x0000033d       0x34 /usr/lib/gcc/arm-none-eabi/15.2.0/thumb/v7e-m+fp/hard/libgcc.a(_udivmoddi4.o)
 .ARM.attributes
                0x00000371       0x22 /usr/lib/gcc/arm-none-eabi/15.2.0/thumb/v7e-m+fp/hard/libgcc.a(_dvmd_tls.o)
 .ARM.attributes
                0x00000393       0x34 /usr/lib/gcc/arm-none-eabi/15.2.0/../../../../arm-none-eabi/lib/thumb/v7e-m+fp/hard/libg_nano.a(libc_a-memset.o)
 .ARM.attributes
                0x000003c7       0x34 /usr/lib/gcc/arm-none-eabi/15.2.0/../../../../arm-none-eabi/lib/thumb/v7e-m+fp/hard/libg_nano.a(libc_a-init.o)
 .ARM.attributes
                0x000003fb       0x34 /usr/lib/gcc/arm-none-eabi/15.2.0/thumb/v7e-m+fp/hard/crtend.o
 .ARM.attributes
                0x0000042f       0x22 /usr/lib/gcc/arm-none-eabi/15.2.0/thumb/v7e-m+fp/hard/crtn.o

.comment        0x00000000       0x46
 .comment       0x00000000       0x46 /usr/lib/gcc/arm-none-eabi/15.2.0/thumb/v7e-m+fp/hard/crtbegin.o
                                 0x24 (size before relaxing)
 .comment       0x00000046        0x0 CMakeFiles/MyStm32F407Project.elf.dir/Core/Src/app.c.obj
                                 0x24 (size before relaxing)
 .comment       0x00000046        0x0 CMakeFiles/MyStm32F407Project.elf.dir/Core/Src/bsp.c.obj
                                 0x24 (size before relaxing)
 .comment       0x00000046        0x0 CMakeFiles/MyStm32F407Project.elf.dir/Core/Src/main.c.obj
                                 0x24 (size before relaxing)
 .comment       0x00000046        0x0 CMakeFiles/MyStm32F407Project.elf.dir/Core/Src/stm32f4xx_hal_msp.c.obj
                                 0x24 (size before relaxing)
 .comment       0x00000046        0x0 CMakeFiles/MyStm32F407Project.elf.dir/Core/Src/stm32f4xx_it.c.obj
                                 0x24 (size before relaxing)
 .comment       0x00000046        0x0 libSYS_LIB.a(system_stm32f4xx.c.obj)
                                 0x24 (size before relaxing)
 .comment       0x00000046        0x0 libHAL_LIB.a(stm32f4xx_hal.c.obj)
                                 0x24 (size before relaxing)
 .comment       0x00000046        0x0 libHAL_LIB.a(stm32f4xx_hal_cortex.c.obj)
                                 0x24 (size before relaxing)
 .comment       0x00000046        0x0 libHAL_LIB.a(stm32f4xx_hal_gpio.c.obj)
                                 0x24 (size before relaxing)
 .comment       0x00000046        0x0 libHAL_LIB.a(stm32f4xx_hal_rcc.c.obj)
                                 0x24 (size before relaxing)
 .comment       0x00000046        0x0 libHAL_LIB.a(stm32f4xx_hal_tim.c.obj)
                                 0x24 (size before relaxing)
 .comment       0x00000046        0x0 libHAL_LIB.a(stm32f4xx_hal_tim_ex.c.obj)
                                 0x24 (size before relaxing)
 .comment       0x00000046        0x0 libHAL_LIB.a(stm32f4xx_hal_dma.c.obj)
                                 0x24 (size before relaxing)
 .comment       0x00000046        0x0 /usr/lib/gcc/arm-none-eabi/15.2.0/thumb/v7e-m+fp/hard/libgcc.a(_udivmoddi4.o)
                                 0x24 (size before relaxing)
 .comment       0x00000046        0x0 /usr/lib/gcc/arm-none-eabi/15.2.0/../../../../arm-none-eabi/lib/thumb/v7e-m+fp/hard/libg_nano.a(libc_a-memset.o)
                                 0x24 (size before relaxing)
 .comment       0x00000046        0x0 /usr/lib/gcc/arm-none-eabi/15.2.0/../../../../arm-none-eabi/lib/thumb/v7e-m+fp/hard/libg_nano.a(libc_a-init.o)
                                 0x24 (size before relaxing)
 .comment       0x00000046        0x0 /usr/lib/gcc/arm-none-eabi/15.2.0/thumb/v7e-m+fp/hard/crtend.o
                                 0x24 (size before relaxing)

.debug_info     0x00000000     0xa4d9
 .debug_info    0x00000000      0x76f CMakeFiles/MyStm32F407Project.elf.dir/Core/Src/app.c.obj
 .debug_info    0x0000076f      0xf5e CMakeFiles/MyStm32F407Project.elf.dir/Core/Src/bsp.c.obj
 .debug_info    0x000016cd       0xee CMakeFiles/MyStm32F407Project.elf.dir/Core/Src/main.c.obj
 .debug_info    0x000017bb      0xaa5 CMakeFiles/MyStm32F407Project.elf.dir/Core/Src/stm32f4xx_hal_msp.c.obj
 .debug_info    0x00002260      0x6d2 CMakeFiles/MyStm32F407Project.elf.dir/Core/Src/stm32f4xx_it.c.obj
 .debug_info    0x00002932      0x507 libSYS_LIB.a(system_stm32f4xx.c.obj)
 .debug_info    0x00002e39       0x30 libSYS_LIB.a(startup_stm32f407xx.s.obj)
 .debug_info    0x00002e69      0x939 libHAL_LIB.a(stm32f4xx_hal.c.obj)
 .debug_info    0x000037a2      0xd4c libHAL_LIB.a(stm32f4xx_hal_cortex.c.obj)
 .debug_info    0x000044ee      0x6b8 libHAL_LIB.a(stm32f4xx_hal_gpio.c.obj)
 .debug_info    0x00004ba6      0x8a6 libHAL_LIB.a(stm32f4xx_hal_rcc.c.obj)
 .debug_info    0x0000544c     0x2992 libHAL_LIB.a(stm32f4xx_hal_tim.c.obj)
 .debug_info    0x00007dde     0x14d0 libHAL_LIB.a(stm32f4xx_hal_tim_ex.c.obj)
 .debug_info    0x000092ae      0x8dc libHAL_LIB.a(stm32f4xx_hal_dma.c.obj)
 .debug_info    0x00009b8a       0x24 /usr/lib/gcc/arm-none-eabi/15.2.0/thumb/v7e-m+fp/hard/libgcc.a(_aeabi_uldivmod.o)
 .debug_info    0x00009bae      0x6fa /usr/lib/gcc/arm-none-eabi/15.2.0/thumb/v7e-m+fp/hard/libgcc.a(_udivmoddi4.o)
 .debug_info    0x0000a2a8       0x3c /usr/lib/gcc/arm-none-eabi/15.2.0/thumb/v7e-m+fp/hard/libgcc.a(_dvmd_tls.o)
 .debug_info    0x0000a2e4       0xe5 /usr/lib/gcc/arm-none-eabi/15.2.0/../../../../arm-none-eabi/lib/thumb/v7e-m+fp/hard/libg_nano.a(libc_a-memset.o)
 .debug_info    0x0000a3c9      0x110 /usr/lib/gcc/arm-none-eabi/15.2.0/../../../../arm-none-eabi/lib/thumb/v7e-m+fp/hard/libg_nano.a(libc_a-init.o)

.debug_abbrev   0x00000000     0x1d6f
 .debug_abbrev  0x00000000      0x199 CMakeFiles/MyStm32F407Project.elf.dir/Core/Src/app.c.obj
 .debug_abbrev  0x00000199      0x27f CMakeFiles/MyStm32F407Project.elf.dir/Core/Src/bsp.c.obj
 .debug_abbrev  0x00000418       0xa6 CMakeFiles/MyStm32F407Project.elf.dir/Core/Src/main.c.obj
 .debug_abbrev  0x000004be      0x1a6 CMakeFiles/MyStm32F407Project.elf.dir/Core/Src/stm32f4xx_hal_msp.c.obj
 .debug_abbrev  0x00000664      0x19b CMakeFiles/MyStm32F407Project.elf.dir/Core/Src/stm32f4xx_it.c.obj
 .debug_abbrev  0x000007ff      0x118 libSYS_LIB.a(system_stm32f4xx.c.obj)
 .debug_abbrev  0x00000917       0x24 libSYS_LIB.a(startup_stm32f407xx.s.obj)
 .debug_abbrev  0x0000093b      0x212 libHAL_LIB.a(stm32f4xx_hal.c.obj)
 .debug_abbrev  0x00000b4d      0x326 libHAL_LIB.a(stm32f4xx_hal_cortex.c.obj)
 .debug_abbrev  0x00000e73      0x1d2 libHAL_LIB.a(stm32f4xx_hal_gpio.c.obj)
 .debug_abbrev  0x00001045      0x2b4 libHAL_LIB.a(stm32f4xx_hal_rcc.c.obj)
 .debug_abbrev  0x000012f9      0x276 libHAL_LIB.a(stm32f4xx_hal_tim.c.obj)
 .debug_abbrev  0x0000156f      0x281 libHAL_LIB.a(stm32f4xx_hal_tim_ex.c.obj)
 .debug_abbrev  0x000017f0      0x262 libHAL_LIB.a(stm32f4xx_hal_dma.c.obj)
 .debug_abbrev  0x00001a52       0x14 /usr/lib/gcc/arm-none-eabi/15.2.0/thumb/v7e-m+fp/hard/libgcc.a(_aeabi_uldivmod.o)
 .debug_abbrev  0x00001a66      0x170 /usr/lib/gcc/arm-none-eabi/15.2.0/thumb/v7e-m+fp/hard/libgcc.a(_udivmoddi4.o)
 .debug_abbrev  0x00001bd6       0x26 /usr/lib/gcc/arm-none-eabi/15.2.0/thumb/v7e-m+fp/hard/libgcc.a(_dvmd_tls.o)
 .debug_abbrev  0x00001bfc       0xa4 /usr/lib/gcc/arm-none-eabi/15.2.0/../../../../arm-none-eabi/lib/thumb/v7e-m+fp/hard/libg_nano.a(libc_a-memset.o)
 .debug_abbrev  0x00001ca0       0xcf /usr/lib/gcc/arm-none-eabi/15.2.0/../../../../arm-none-eabi/lib/thumb/v7e-m+fp/hard/libg_nano.a(libc_a-init.o)

.debug_aranges  0x00000000      0x2e8
 .debug_aranges
                0x00000000       0x30 CMakeFiles/MyStm32F407Project.elf.dir/Core/Src/app.c.obj
 .debug_aranges
                0x00000030       0x50 CMakeFiles/MyStm32F407Project.elf.dir/Core/Src/bsp.c.obj
 .debug_aranges
                0x00000080       0x28 CMakeFiles/MyStm32F407Project.elf.dir/Core/Src/main.c.obj
 .debug_aranges
                0x000000a8       0x20 CMakeFiles/MyStm32F407Project.elf.dir/Core/Src/stm32f4xx_hal_msp.c.obj
 .debug_aranges
                0x000000c8       0x58 CMakeFiles/MyStm32F407Project.elf.dir/Core/Src/stm32f4xx_it.c.obj
 .debug_aranges
                0x00000120       0x20 libSYS_LIB.a(system_stm32f4xx.c.obj)
 .debug_aranges
                0x00000140       0x28 libSYS_LIB.a(startup_stm32f407xx.s.obj)
 .debug_aranges
                0x00000168       0x20 libHAL_LIB.a(stm32f4xx_hal.c.obj)
 .debug_aranges
                0x00000188       0x20 libHAL_LIB.a(stm32f4xx_hal_cortex.c.obj)
 .debug_aranges
                0x000001a8       0x20 libHAL_LIB.a(stm32f4xx_hal_gpio.c.obj)
 .debug_aranges
                0x000001c8       0x20 libHAL_LIB.a(stm32f4xx_hal_rcc.c.obj)
 .debug_aranges
                0x000001e8       0x20 libHAL_LIB.a(stm32f4xx_hal_tim.c.obj)
 .debug_aranges
                0x00000208       0x20 libHAL_LIB.a(stm32f4xx_hal_tim_ex.c.obj)
 .debug_aranges
                0x00000228       0x20 libHAL_LIB.a(stm32f4xx_hal_dma.c.obj)
 .debug_aranges
                0x00000248       0x20 /usr/lib/gcc/arm-none-eabi/15.2.0/thumb/v7e-m+fp/hard/libgcc.a(_aeabi_uldivmod.o)
 .debug_aranges
                0x00000268       0x20 /usr/lib/gcc/arm-none-eabi/15.2.0/thumb/v7e-m+fp/hard/libgcc.a(_udivmoddi4.o)
 .debug_aranges
                0x00000288       0x20 /usr/lib/gcc/arm-none-eabi/15.2.0/thumb/v7e-m+fp/hard/libgcc.a(_dvmd_tls.o)
 .debug_aranges
                0x000002a8       0x20 /usr/lib/gcc/arm-none-eabi/15.2.0/../../../../arm-none-eabi/lib/thumb/v7e-m+fp/hard/libg_nano.a(libc_a-memset.o)
 .debug_aranges
                0x000002c8       0x20 /usr/lib/gcc/arm-none-eabi/15.2.0/../../../../arm-none-eabi/lib/thumb/v7e-m+fp/hard/libg_nano.a(libc_a-init.o)

.debug_rnglists
                0x00000000      0x18d
 .debug_rnglists
                0x00000000       0x1f CMakeFiles/MyStm32F407Project.elf.dir/Core/Src/app.c.obj
 .debug_rnglists
                0x0000001f       0x38 CMakeFiles/MyStm32F407Project.elf.dir/Core/Src/bsp.c.obj
 .debug_rnglists
                0x00000057       0x19 CMakeFiles/MyStm32F407Project.elf.dir/Core/Src/main.c.obj
 .debug_rnglists
                0x00000070       0x13 CMakeFiles/MyStm32F407Project.elf.dir/Core/Src/stm32f4xx_hal_msp.c.obj
 .debug_rnglists
                0x00000083       0x3d CMakeFiles/MyStm32F407Project.elf.dir/Core/Src/stm32f4xx_it.c.obj
 .debug_rnglists
                0x000000c0       0x19 libSYS_LIB.a(startup_stm32f407xx.s.obj)
 .debug_rnglists
                0x000000d9       0x8e /usr/lib/gcc/arm-none-eabi/15.2.0/thumb/v7e-m+fp/hard/libgcc.a(_udivmoddi4.o)
 .debug_rnglists
                0x00000167       0x13 /usr/lib/gcc/arm-none-eabi/15.2.0/../../../../arm-none-eabi/lib/thumb/v7e-m+fp/hard/libg_nano.a(libc_a-memset.o)
 .debug_rnglists
                0x0000017a       0x13 /usr/lib/gcc/arm-none-eabi/15.2.0/../../../../arm-none-eabi/lib/thumb/v7e-m+fp/hard/libg_nano.a(libc_a-init.o)

.debug_line     0x00000000     0x7224
 .debug_line    0x00000000      0x208 CMakeFiles/MyStm32F407Project.elf.dir/Core/Src/app.c.obj
 .debug_line    0x00000208      0x464 CMakeFiles/MyStm32F407Project.elf.dir/Core/Src/bsp.c.obj
 .debug_line    0x0000066c      0x129 CMakeFiles/MyStm32F407Project.elf.dir/Core/Src/main.c.obj
 .debug_line    0x00000795      0x1ca CMakeFiles/MyStm32F407Project.elf.dir/Core/Src/stm32f4xx_hal_msp.c.obj
 .debug_line    0x0000095f      0x282 CMakeFiles/MyStm32F407Project.elf.dir/Core/Src/stm32f4xx_it.c.obj
 .debug_line    0x00000be1      0x1c8 libSYS_LIB.a(system_stm32f4xx.c.obj)
 .debug_line    0x00000da9       0x7a libSYS_LIB.a(startup_stm32f407xx.s.obj)
 .debug_line    0x00000e23      0x306 libHAL_LIB.a(stm32f4xx_hal.c.obj)
 .debug_line    0x00001129      0x538 libHAL_LIB.a(stm32f4xx_hal_cortex.c.obj)
 .debug_line    0x00001661      0x562 libHAL_LIB.a(stm32f4xx_hal_gpio.c.obj)
 .debug_line    0x00001bc3      0x7fc libHAL_LIB.a(stm32f4xx_hal_rcc.c.obj)
 .debug_line    0x000023bf     0x2b01 libHAL_LIB.a(stm32f4xx_hal_tim.c.obj)
 .debug_line    0x00004ec0     0x116a libHAL_LIB.a(stm32f4xx_hal_tim_ex.c.obj)
 .debug_line    0x0000602a      0x947 libHAL_LIB.a(stm32f4xx_hal_dma.c.obj)
 .debug_line    0x00006971       0x4e /usr/lib/gcc/arm-none-eabi/15.2.0/thumb/v7e-m+fp/hard/libgcc.a(_aeabi_uldivmod.o)
 .debug_line    0x000069bf      0x5ea /usr/lib/gcc/arm-none-eabi/15.2.0/thumb/v7e-m+fp/hard/libgcc.a(_udivmoddi4.o)
 .debug_line    0x00006fa9       0x4a /usr/lib/gcc/arm-none-eabi/15.2.0/thumb/v7e-m+fp/hard/libgcc.a(_dvmd_tls.o)
 .debug_line    0x00006ff3      0x130 /usr/lib/gcc/arm-none-eabi/15.2.0/../../../../arm-none-eabi/lib/thumb/v7e-m+fp/hard/libg_nano.a(libc_a-memset.o)
 .debug_line    0x00007123      0x101 /usr/lib/gcc/arm-none-eabi/15.2.0/../../../../arm-none-eabi/lib/thumb/v7e-m+fp/hard/libg_nano.a(libc_a-init.o)

.debug_str      0x00000000     0x3e2e
 .debug_str     0x00000000     0x3e2e CMakeFiles/MyStm32F407Project.elf.dir/Core/Src/app.c.obj
                                0x758 (size before relaxing)
 .debug_str     0x00003e2e        0x0 CMakeFiles/MyStm32F407Project.elf.dir/Core/Src/bsp.c.obj
                                0xb72 (size before relaxing)
 .debug_str     0x00003e2e        0x0 CMakeFiles/MyStm32F407Project.elf.dir/Core/Src/main.c.obj
                                0x1c9 (size before relaxing)
 .debug_str     0x00003e2e        0x0 CMakeFiles/MyStm32F407Project.elf.dir/Core/Src/stm32f4xx_hal_msp.c.obj
                                0xd0c (size before relaxing)
 .debug_str     0x00003e2e        0x0 CMakeFiles/MyStm32F407Project.elf.dir/Core/Src/stm32f4xx_it.c.obj
                                0x774 (size before relaxing)
 .debug_str     0x00003e2e        0x0 libSYS_LIB.a(system_stm32f4xx.c.obj)
                                0x343 (size before relaxing)
 .debug_str     0x00003e2e        0x0 libSYS_LIB.a(startup_stm32f407xx.s.obj)
                                 0x9d (size before relaxing)
 .debug_str     0x00003e2e        0x0 libHAL_LIB.a(stm32f4xx_hal.c.obj)
                                0xb18 (size before relaxing)
 .debug_str     0x00003e2e        0x0 libHAL_LIB.a(stm32f4xx_hal_cortex.c.obj)
                                0xbf7 (size before relaxing)
 .debug_str     0x00003e2e        0x0 libHAL_LIB.a(stm32f4xx_hal_gpio.c.obj)
                                0x494 (size before relaxing)
 .debug_str     0x00003e2e        0x0 libHAL_LIB.a(stm32f4xx_hal_rcc.c.obj)
                                0x6a9 (size before relaxing)
 .debug_str     0x00003e2e        0x0 libHAL_LIB.a(stm32f4xx_hal_tim.c.obj)
                               0x16b3 (size before relaxing)
 .debug_str     0x00003e2e        0x0 libHAL_LIB.a(stm32f4xx_hal_tim_ex.c.obj)
                                0xebf (size before relaxing)
 .debug_str     0x00003e2e        0x0 libHAL_LIB.a(stm32f4xx_hal_dma.c.obj)
                                0x72a (size before relaxing)
 .debug_str     0x00003e2e        0x0 /usr/lib/gcc/arm-none-eabi/15.2.0/thumb/v7e-m+fp/hard/libgcc.a(_aeabi_uldivmod.o)
                                 0xb7 (size before relaxing)
 .debug_str     0x00003e2e        0x0 /usr/lib/gcc/arm-none-eabi/15.2.0/thumb/v7e-m+fp/hard/libgcc.a(_udivmoddi4.o)
                                0x657 (size before relaxing)
 .debug_str     0x00003e2e        0x0 /usr/lib/gcc/arm-none-eabi/15.2.0/thumb/v7e-m+fp/hard/libgcc.a(_dvmd_tls.o)
                                 0xd7 (size before relaxing)
 .debug_str     0x00003e2e        0x0 /usr/lib/gcc/arm-none-eabi/15.2.0/../../../../arm-none-eabi/lib/thumb/v7e-m+fp/hard/libg_nano.a(libc_a-memset.o)
                                0x1df (size before relaxing)
 .debug_str     0x00003e2e        0x0 /usr/lib/gcc/arm-none-eabi/15.2.0/../../../../arm-none-eabi/lib/thumb/v7e-m+fp/hard/libg_nano.a(libc_a-init.o)
                                0x240 (size before relaxing)

.debug_frame    0x00000000     0x28c4
 .debug_frame   0x00000000       0x48 CMakeFiles/MyStm32F407Project.elf.dir/Core/Src/app.c.obj
 .debug_frame   0x00000048       0xb8 CMakeFiles/MyStm32F407Project.elf.dir/Core/Src/bsp.c.obj
 .debug_frame   0x00000100       0x38 CMakeFiles/MyStm32F407Project.elf.dir/Core/Src/main.c.obj
 .debug_frame   0x00000138       0x2c CMakeFiles/MyStm32F407Project.elf.dir/Core/Src/stm32f4xx_hal_msp.c.obj
 .debug_frame   0x00000164       0xa0 CMakeFiles/MyStm32F407Project.elf.dir/Core/Src/stm32f4xx_it.c.obj
 .debug_frame   0x00000204       0x58 libSYS_LIB.a(system_stm32f4xx.c.obj)
 .debug_frame   0x0000025c      0x374 libHAL_LIB.a(stm32f4xx_hal.c.obj)
 .debug_frame   0x000005d0      0x4b8 libHAL_LIB.a(stm32f4xx_hal_cortex.c.obj)
 .debug_frame   0x00000a88      0x14c libHAL_LIB.a(stm32f4xx_hal_gpio.c.obj)
 .debug_frame   0x00000bd4      0x1f4 libHAL_LIB.a(stm32f4xx_hal_rcc.c.obj)
 .debug_frame   0x00000dc8     0x11b8 libHAL_LIB.a(stm32f4xx_hal_tim.c.obj)
 .debug_frame   0x00001f80      0x638 libHAL_LIB.a(stm32f4xx_hal_tim_ex.c.obj)
 .debug_frame   0x000025b8      0x250 libHAL_LIB.a(stm32f4xx_hal_dma.c.obj)
 .debug_frame   0x00002808       0x2c /usr/lib/gcc/arm-none-eabi/15.2.0/thumb/v7e-m+fp/hard/libgcc.a(_aeabi_uldivmod.o)
 .debug_frame   0x00002834       0x44 /usr/lib/gcc/arm-none-eabi/15.2.0/thumb/v7e-m+fp/hard/libgcc.a(_udivmoddi4.o)
 .debug_frame   0x00002878       0x20 /usr/lib/gcc/arm-none-eabi/15.2.0/../../../../arm-none-eabi/lib/thumb/v7e-m+fp/hard/libg_nano.a(libc_a-memset.o)
 .debug_frame   0x00002898       0x2c /usr/lib/gcc/arm-none-eabi/15.2.0/../../../../arm-none-eabi/lib/thumb/v7e-m+fp/hard/libg_nano.a(libc_a-init.o)

.debug_loclists
                0x00000000      0xb49
 .debug_loclists
                0x00000000       0x61 CMakeFiles/MyStm32F407Project.elf.dir/Core/Src/bsp.c.obj
 .debug_loclists
                0x00000061       0x29 CMakeFiles/MyStm32F407Project.elf.dir/Core/Src/stm32f4xx_hal_msp.c.obj
 .debug_loclists
                0x0000008a      0xa2a /usr/lib/gcc/arm-none-eabi/15.2.0/thumb/v7e-m+fp/hard/libgcc.a(_udivmoddi4.o)
 .debug_loclists
                0x00000ab4       0x4d /usr/lib/gcc/arm-none-eabi/15.2.0/../../../../arm-none-eabi/lib/thumb/v7e-m+fp/hard/libg_nano.a(libc_a-memset.o)
 .debug_loclists
                0x00000b01       0x48 /usr/lib/gcc/arm-none-eabi/15.2.0/../../../../arm-none-eabi/lib/thumb/v7e-m+fp/hard/libg_nano.a(libc_a-init.o)

.debug_line_str
                0x00000000      0x13a
 .debug_line_str
                0x00000000      0x13a libSYS_LIB.a(startup_stm32f407xx.s.obj)
                                 0x83 (size before relaxing)
 .debug_line_str
                0x0000013a        0x0 /usr/lib/gcc/arm-none-eabi/15.2.0/thumb/v7e-m+fp/hard/libgcc.a(_aeabi_uldivmod.o)
                                 0xab (size before relaxing)
 .debug_line_str
                0x0000013a        0x0 /usr/lib/gcc/arm-none-eabi/15.2.0/thumb/v7e-m+fp/hard/libgcc.a(_dvmd_tls.o)
                                 0xaf (size before relaxing)

Cross Reference Table

Symbol                                            File
ADC_IRQHandler                                    libSYS_LIB.a(startup_stm32f407xx.s.obj)
AHBPrescTable                                     libSYS_LIB.a(system_stm32f4xx.c.obj)
                                                  libHAL_LIB.a(stm32f4xx_hal_rcc.c.obj)
APBPrescTable                                     libSYS_LIB.a(system_stm32f4xx.c.obj)
                                                  libHAL_LIB.a(stm32f4xx_hal_rcc.c.obj)
APP_Init                                          CMakeFiles/MyStm32F407Project.elf.dir/Core/Src/app.c.obj
                                                  CMakeFiles/MyStm32F407Project.elf.dir/Core/Src/main.c.obj
APP_Loop                                          CMakeFiles/MyStm32F407Project.elf.dir/Core/Src/app.c.obj
                                                  CMakeFiles/MyStm32F407Project.elf.dir/Core/Src/main.c.obj
BSP_Init                                          CMakeFiles/MyStm32F407Project.elf.dir/Core/Src/bsp.c.obj
                                                  CMakeFiles/MyStm32F407Project.elf.dir/Core/Src/main.c.obj
BusFault_Handler                                  CMakeFiles/MyStm32F407Project.elf.dir/Core/Src/stm32f4xx_it.c.obj
CAN1_RX0_IRQHandler                               libSYS_LIB.a(startup_stm32f407xx.s.obj)
CAN1_RX1_IRQHandler                               libSYS_LIB.a(startup_stm32f407xx.s.obj)
CAN1_SCE_IRQHandler                               libSYS_LIB.a(startup_stm32f407xx.s.obj)
CAN1_TX_IRQHandler                                libSYS_LIB.a(startup_stm32f407xx.s.obj)
CAN2_RX0_IRQHandler                               libSYS_LIB.a(startup_stm32f407xx.s.obj)
CAN2_RX1_IRQHandler                               libSYS_LIB.a(startup_stm32f407xx.s.obj)
CAN2_SCE_IRQHandler                               libSYS_LIB.a(startup_stm32f407xx.s.obj)
CAN2_TX_IRQHandler                                libSYS_LIB.a(startup_stm32f407xx.s.obj)
DCMI_IRQHandler                                   libSYS_LIB.a(startup_stm32f407xx.s.obj)
DMA1_Stream0_IRQHandler                           libSYS_LIB.a(startup_stm32f407xx.s.obj)
DMA1_Stream1_IRQHandler                           libSYS_LIB.a(startup_stm32f407xx.s.obj)
DMA1_Stream2_IRQHandler                           libSYS_LIB.a(startup_stm32f407xx.s.obj)
DMA1_Stream3_IRQHandler                           libSYS_LIB.a(startup_stm32f407xx.s.obj)
DMA1_Stream4_IRQHandler                           libSYS_LIB.a(startup_stm32f407xx.s.obj)
DMA1_Stream5_IRQHandler                           libSYS_LIB.a(startup_stm32f407xx.s.obj)
DMA1_Stream6_IRQHandler                           libSYS_LIB.a(startup_stm32f407xx.s.obj)
DMA1_Stream7_IRQHandler                           libSYS_LIB.a(startup_stm32f407xx.s.obj)
DMA2_Stream0_IRQHandler                           libSYS_LIB.a(startup_stm32f407xx.s.obj)
DMA2_Stream1_IRQHandler                           libSYS_LIB.a(startup_stm32f407xx.s.obj)
DMA2_Stream2_IRQHandler                           libSYS_LIB.a(startup_stm32f407xx.s.obj)
DMA2_Stream3_IRQHandler                           libSYS_LIB.a(startup_stm32f407xx.s.obj)
DMA2_Stream4_IRQHandler                           libSYS_LIB.a(startup_stm32f407xx.s.obj)
DMA2_Stream5_IRQHandler                           libSYS_LIB.a(startup_stm32f407xx.s.obj)
DMA2_Stream6_IRQHandler                           libSYS_LIB.a(startup_stm32f407xx.s.obj)
DMA2_Stream7_IRQHandler                           libSYS_LIB.a(startup_stm32f407xx.s.obj)
DebugMon_Handler                                  CMakeFiles/MyStm32F407Project.elf.dir/Core/Src/stm32f4xx_it.c.obj
Default_Handler                                   libSYS_LIB.a(startup_stm32f407xx.s.obj)
ETH_IRQHandler                                    libSYS_LIB.a(startup_stm32f407xx.s.obj)
ETH_WKUP_IRQHandler                               libSYS_LIB.a(startup_stm32f407xx.s.obj)
EXTI0_IRQHandler                                  libSYS_LIB.a(startup_stm32f407xx.s.obj)
EXTI15_10_IRQHandler                              libSYS_LIB.a(startup_stm32f407xx.s.obj)
EXTI1_IRQHandler                                  libSYS_LIB.a(startup_stm32f407xx.s.obj)
EXTI2_IRQHandler                                  libSYS_LIB.a(startup_stm32f407xx.s.obj)
EXTI3_IRQHandler                                  libSYS_LIB.a(startup_stm32f407xx.s.obj)
EXTI4_IRQHandler                                  libSYS_LIB.a(startup_stm32f407xx.s.obj)
EXTI9_5_IRQHandler                                libSYS_LIB.a(startup_stm32f407xx.s.obj)
Error_Handler                                     CMakeFiles/MyStm32F407Project.elf.dir/Core/Src/main.c.obj
                                                  CMakeFiles/MyStm32F407Project.elf.dir/Core/Src/bsp.c.obj
FLASH_IRQHandler                                  libSYS_LIB.a(startup_stm32f407xx.s.obj)
FPU_IRQHandler                                    libSYS_LIB.a(startup_stm32f407xx.s.obj)
FSMC_IRQHandler                                   libSYS_LIB.a(startup_stm32f407xx.s.obj)
HAL_CORTEX_ClearEvent                             libHAL_LIB.a(stm32f4xx_hal_cortex.c.obj)
HAL_DBGMCU_DisableDBGSleepMode                    libHAL_LIB.a(stm32f4xx_hal.c.obj)
HAL_DBGMCU_DisableDBGStandbyMode                  libHAL_LIB.a(stm32f4xx_hal.c.obj)
HAL_DBGMCU_DisableDBGStopMode                     libHAL_LIB.a(stm32f4xx_hal.c.obj)
HAL_DBGMCU_EnableDBGSleepMode                     libHAL_LIB.a(stm32f4xx_hal.c.obj)
HAL_DBGMCU_EnableDBGStandbyMode                   libHAL_LIB.a(stm32f4xx_hal.c.obj)
HAL_DBGMCU_EnableDBGStopMode                      libHAL_LIB.a(stm32f4xx_hal.c.obj)
HAL_DMA_Abort                                     libHAL_LIB.a(stm32f4xx_hal_dma.c.obj)
HAL_DMA_Abort_IT                                  libHAL_LIB.a(stm32f4xx_hal_dma.c.obj)
                                                  libHAL_LIB.a(stm32f4xx_hal_tim_ex.c.obj)
                                                  libHAL_LIB.a(stm32f4xx_hal_tim.c.obj)
HAL_DMA_DeInit                                    libHAL_LIB.a(stm32f4xx_hal_dma.c.obj)
HAL_DMA_GetError                                  libHAL_LIB.a(stm32f4xx_hal_dma.c.obj)
HAL_DMA_GetState                                  libHAL_LIB.a(stm32f4xx_hal_dma.c.obj)
HAL_DMA_IRQHandler                                libHAL_LIB.a(stm32f4xx_hal_dma.c.obj)
HAL_DMA_Init                                      libHAL_LIB.a(stm32f4xx_hal_dma.c.obj)
HAL_DMA_PollForTransfer                           libHAL_LIB.a(stm32f4xx_hal_dma.c.obj)
HAL_DMA_RegisterCallback                          libHAL_LIB.a(stm32f4xx_hal_dma.c.obj)
HAL_DMA_Start                                     libHAL_LIB.a(stm32f4xx_hal_dma.c.obj)
HAL_DMA_Start_IT                                  libHAL_LIB.a(stm32f4xx_hal_dma.c.obj)
                                                  libHAL_LIB.a(stm32f4xx_hal_tim_ex.c.obj)
                                                  libHAL_LIB.a(stm32f4xx_hal_tim.c.obj)
HAL_DMA_UnRegisterCallback                        libHAL_LIB.a(stm32f4xx_hal_dma.c.obj)
HAL_DeInit                                        libHAL_LIB.a(stm32f4xx_hal.c.obj)
HAL_Delay                                         libHAL_LIB.a(stm32f4xx_hal.c.obj)
HAL_DisableCompensationCell                       libHAL_LIB.a(stm32f4xx_hal.c.obj)
HAL_EnableCompensationCell                        libHAL_LIB.a(stm32f4xx_hal.c.obj)
HAL_GPIO_DeInit                                   libHAL_LIB.a(stm32f4xx_hal_gpio.c.obj)
HAL_GPIO_EXTI_Callback                            libHAL_LIB.a(stm32f4xx_hal_gpio.c.obj)
HAL_GPIO_EXTI_IRQHandler                          libHAL_LIB.a(stm32f4xx_hal_gpio.c.obj)
HAL_GPIO_Init                                     libHAL_LIB.a(stm32f4xx_hal_gpio.c.obj)
                                                  libHAL_LIB.a(stm32f4xx_hal_rcc.c.obj)
                                                  CMakeFiles/MyStm32F407Project.elf.dir/Core/Src/bsp.c.obj
HAL_GPIO_LockPin                                  libHAL_LIB.a(stm32f4xx_hal_gpio.c.obj)
HAL_GPIO_ReadPin                                  libHAL_LIB.a(stm32f4xx_hal_gpio.c.obj)
HAL_GPIO_TogglePin                                libHAL_LIB.a(stm32f4xx_hal_gpio.c.obj)
                                                  CMakeFiles/MyStm32F407Project.elf.dir/Core/Src/app.c.obj
HAL_GPIO_WritePin                                 libHAL_LIB.a(stm32f4xx_hal_gpio.c.obj)
HAL_GetDEVID                                      libHAL_LIB.a(stm32f4xx_hal.c.obj)
HAL_GetHalVersion                                 libHAL_LIB.a(stm32f4xx_hal.c.obj)
HAL_GetREVID                                      libHAL_LIB.a(stm32f4xx_hal.c.obj)
HAL_GetTick                                       libHAL_LIB.a(stm32f4xx_hal.c.obj)
                                                  libHAL_LIB.a(stm32f4xx_hal_dma.c.obj)
                                                  libHAL_LIB.a(stm32f4xx_hal_rcc.c.obj)
HAL_GetTickFreq                                   libHAL_LIB.a(stm32f4xx_hal.c.obj)
HAL_GetTickPrio                                   libHAL_LIB.a(stm32f4xx_hal.c.obj)
HAL_GetUIDw0                                      libHAL_LIB.a(stm32f4xx_hal.c.obj)
HAL_GetUIDw1                                      libHAL_LIB.a(stm32f4xx_hal.c.obj)
HAL_GetUIDw2                                      libHAL_LIB.a(stm32f4xx_hal.c.obj)
HAL_IncTick                                       libHAL_LIB.a(stm32f4xx_hal.c.obj)
                                                  CMakeFiles/MyStm32F407Project.elf.dir/Core/Src/stm32f4xx_it.c.obj
HAL_Init                                          libHAL_LIB.a(stm32f4xx_hal.c.obj)
                                                  CMakeFiles/MyStm32F407Project.elf.dir/Core/Src/bsp.c.obj
HAL_InitTick                                      libHAL_LIB.a(stm32f4xx_hal.c.obj)
                                                  libHAL_LIB.a(stm32f4xx_hal_rcc.c.obj)
HAL_MPU_ConfigRegion                              libHAL_LIB.a(stm32f4xx_hal_cortex.c.obj)
HAL_MPU_Disable                                   libHAL_LIB.a(stm32f4xx_hal_cortex.c.obj)
HAL_MPU_Enable                                    libHAL_LIB.a(stm32f4xx_hal_cortex.c.obj)
HAL_MspDeInit                                     libHAL_LIB.a(stm32f4xx_hal.c.obj)
HAL_MspInit                                       libHAL_LIB.a(stm32f4xx_hal.c.obj)
HAL_NVIC_ClearPendingIRQ                          libHAL_LIB.a(stm32f4xx_hal_cortex.c.obj)
HAL_NVIC_DisableIRQ                               libHAL_LIB.a(stm32f4xx_hal_cortex.c.obj)
HAL_NVIC_EnableIRQ                                libHAL_LIB.a(stm32f4xx_hal_cortex.c.obj)
                                                  CMakeFiles/MyStm32F407Project.elf.dir/Core/Src/stm32f4xx_hal_msp.c.obj
HAL_NVIC_GetActive                                libHAL_LIB.a(stm32f4xx_hal_cortex.c.obj)
HAL_NVIC_GetPendingIRQ                            libHAL_LIB.a(stm32f4xx_hal_cortex.c.obj)
HAL_NVIC_GetPriority                              libHAL_LIB.a(stm32f4xx_hal_cortex.c.obj)
HAL_NVIC_GetPriorityGrouping                      libHAL_LIB.a(stm32f4xx_hal_cortex.c.obj)
HAL_NVIC_SetPendingIRQ                            libHAL_LIB.a(stm32f4xx_hal_cortex.c.obj)
HAL_NVIC_SetPriority                              libHAL_LIB.a(stm32f4xx_hal_cortex.c.obj)
                                                  libHAL_LIB.a(stm32f4xx_hal.c.obj)
                                                  CMakeFiles/MyStm32F407Project.elf.dir/Core/Src/stm32f4xx_hal_msp.c.obj
HAL_NVIC_SetPriorityGrouping                      libHAL_LIB.a(stm32f4xx_hal_cortex.c.obj)
                                                  libHAL_LIB.a(stm32f4xx_hal.c.obj)
HAL_NVIC_SystemReset                              libHAL_LIB.a(stm32f4xx_hal_cortex.c.obj)
HAL_RCC_CSSCallback                               libHAL_LIB.a(stm32f4xx_hal_rcc.c.obj)
HAL_RCC_ClockConfig                               libHAL_LIB.a(stm32f4xx_hal_rcc.c.obj)
                                                  CMakeFiles/MyStm32F407Project.elf.dir/Core/Src/bsp.c.obj
HAL_RCC_DeInit                                    libHAL_LIB.a(stm32f4xx_hal_rcc.c.obj)
HAL_RCC_DisableCSS                                libHAL_LIB.a(stm32f4xx_hal_rcc.c.obj)
HAL_RCC_EnableCSS                                 libHAL_LIB.a(stm32f4xx_hal_rcc.c.obj)
HAL_RCC_GetClockConfig                            libHAL_LIB.a(stm32f4xx_hal_rcc.c.obj)
HAL_RCC_GetHCLKFreq                               libHAL_LIB.a(stm32f4xx_hal_rcc.c.obj)
HAL_RCC_GetOscConfig                              libHAL_LIB.a(stm32f4xx_hal_rcc.c.obj)
HAL_RCC_GetPCLK1Freq                              libHAL_LIB.a(stm32f4xx_hal_rcc.c.obj)
HAL_RCC_GetPCLK2Freq                              libHAL_LIB.a(stm32f4xx_hal_rcc.c.obj)
HAL_RCC_GetSysClockFreq                           libHAL_LIB.a(stm32f4xx_hal_rcc.c.obj)
HAL_RCC_MCOConfig                                 libHAL_LIB.a(stm32f4xx_hal_rcc.c.obj)
HAL_RCC_NMI_IRQHandler                            libHAL_LIB.a(stm32f4xx_hal_rcc.c.obj)
HAL_RCC_OscConfig                                 libHAL_LIB.a(stm32f4xx_hal_rcc.c.obj)
                                                  CMakeFiles/MyStm32F407Project.elf.dir/Core/Src/bsp.c.obj
HAL_ResumeTick                                    libHAL_LIB.a(stm32f4xx_hal.c.obj)
HAL_SYSTICK_CLKSourceConfig                       libHAL_LIB.a(stm32f4xx_hal_cortex.c.obj)
HAL_SYSTICK_Callback                              libHAL_LIB.a(stm32f4xx_hal_cortex.c.obj)
HAL_SYSTICK_Config                                libHAL_LIB.a(stm32f4xx_hal_cortex.c.obj)
                                                  libHAL_LIB.a(stm32f4xx_hal.c.obj)
HAL_SYSTICK_IRQHandler                            libHAL_LIB.a(stm32f4xx_hal_cortex.c.obj)
HAL_SetTickFreq                                   libHAL_LIB.a(stm32f4xx_hal.c.obj)
HAL_SuspendTick                                   libHAL_LIB.a(stm32f4xx_hal.c.obj)
HAL_TIMEx_BreakCallback                           libHAL_LIB.a(stm32f4xx_hal_tim_ex.c.obj)
                                                  libHAL_LIB.a(stm32f4xx_hal_tim.c.obj)
HAL_TIMEx_CommutCallback                          libHAL_LIB.a(stm32f4xx_hal_tim_ex.c.obj)
                                                  libHAL_LIB.a(stm32f4xx_hal_tim.c.obj)
HAL_TIMEx_CommutHalfCpltCallback                  libHAL_LIB.a(stm32f4xx_hal_tim_ex.c.obj)
HAL_TIMEx_ConfigBreakDeadTime                     libHAL_LIB.a(stm32f4xx_hal_tim_ex.c.obj)
HAL_TIMEx_ConfigCommutEvent                       libHAL_LIB.a(stm32f4xx_hal_tim_ex.c.obj)
HAL_TIMEx_ConfigCommutEvent_DMA                   libHAL_LIB.a(stm32f4xx_hal_tim_ex.c.obj)
HAL_TIMEx_ConfigCommutEvent_IT                    libHAL_LIB.a(stm32f4xx_hal_tim_ex.c.obj)
HAL_TIMEx_GetChannelNState                        libHAL_LIB.a(stm32f4xx_hal_tim_ex.c.obj)
HAL_TIMEx_HallSensor_DeInit                       libHAL_LIB.a(stm32f4xx_hal_tim_ex.c.obj)
HAL_TIMEx_HallSensor_GetState                     libHAL_LIB.a(stm32f4xx_hal_tim_ex.c.obj)
HAL_TIMEx_HallSensor_Init                         libHAL_LIB.a(stm32f4xx_hal_tim_ex.c.obj)
HAL_TIMEx_HallSensor_MspDeInit                    libHAL_LIB.a(stm32f4xx_hal_tim_ex.c.obj)
HAL_TIMEx_HallSensor_MspInit                      libHAL_LIB.a(stm32f4xx_hal_tim_ex.c.obj)
HAL_TIMEx_HallSensor_Start                        libHAL_LIB.a(stm32f4xx_hal_tim_ex.c.obj)
HAL_TIMEx_HallSensor_Start_DMA                    libHAL_LIB.a(stm32f4xx_hal_tim_ex.c.obj)
HAL_TIMEx_HallSensor_Start_IT                     libHAL_LIB.a(stm32f4xx_hal_tim_ex.c.obj)
HAL_TIMEx_HallSensor_Stop                         libHAL_LIB.a(stm32f4xx_hal_tim_ex.c.obj)
HAL_TIMEx_HallSensor_Stop_DMA                     libHAL_LIB.a(stm32f4xx_hal_tim_ex.c.obj)
HAL_TIMEx_HallSensor_Stop_IT                      libHAL_LIB.a(stm32f4xx_hal_tim_ex.c.obj)
HAL_TIMEx_MasterConfigSynchronization             libHAL_LIB.a(stm32f4xx_hal_tim_ex.c.obj)
HAL_TIMEx_OCN_Start                               libHAL_LIB.a(stm32f4xx_hal_tim_ex.c.obj)
HAL_TIMEx_OCN_Start_DMA                           libHAL_LIB.a(stm32f4xx_hal_tim_ex.c.obj)
HAL_TIMEx_OCN_Start_IT                            libHAL_LIB.a(stm32f4xx_hal_tim_ex.c.obj)
HAL_TIMEx_OCN_Stop                                libHAL_LIB.a(stm32f4xx_hal_tim_ex.c.obj)
HAL_TIMEx_OCN_Stop_DMA                            libHAL_LIB.a(stm32f4xx_hal_tim_ex.c.obj)
HAL_TIMEx_OCN_Stop_IT                             libHAL_LIB.a(stm32f4xx_hal_tim_ex.c.obj)
HAL_TIMEx_OnePulseN_Start                         libHAL_LIB.a(stm32f4xx_hal_tim_ex.c.obj)
HAL_TIMEx_OnePulseN_Start_IT                      libHAL_LIB.a(stm32f4xx_hal_tim_ex.c.obj)
HAL_TIMEx_OnePulseN_Stop                          libHAL_LIB.a(stm32f4xx_hal_tim_ex.c.obj)
HAL_TIMEx_OnePulseN_Stop_IT                       libHAL_LIB.a(stm32f4xx_hal_tim_ex.c.obj)
HAL_TIMEx_PWMN_Start                              libHAL_LIB.a(stm32f4xx_hal_tim_ex.c.obj)
HAL_TIMEx_PWMN_Start_DMA                          libHAL_LIB.a(stm32f4xx_hal_tim_ex.c.obj)
HAL_TIMEx_PWMN_Start_IT                           libHAL_LIB.a(stm32f4xx_hal_tim_ex.c.obj)
HAL_TIMEx_PWMN_Stop                               libHAL_LIB.a(stm32f4xx_hal_tim_ex.c.obj)
HAL_TIMEx_PWMN_Stop_DMA                           libHAL_LIB.a(stm32f4xx_hal_tim_ex.c.obj)
HAL_TIMEx_PWMN_Stop_IT                            libHAL_LIB.a(stm32f4xx_hal_tim_ex.c.obj)
HAL_TIMEx_RemapConfig                             libHAL_LIB.a(stm32f4xx_hal_tim_ex.c.obj)
HAL_TIM_Base_DeInit                               libHAL_LIB.a(stm32f4xx_hal_tim.c.obj)
HAL_TIM_Base_GetState                             libHAL_LIB.a(stm32f4xx_hal_tim.c.obj)
HAL_TIM_Base_Init                                 libHAL_LIB.a(stm32f4xx_hal_tim.c.obj)
                                                  CMakeFiles/MyStm32F407Project.elf.dir/Core/Src/bsp.c.obj
HAL_TIM_Base_MspDeInit                            libHAL_LIB.a(stm32f4xx_hal_tim.c.obj)
HAL_TIM_Base_MspInit                              CMakeFiles/MyStm32F407Project.elf.dir/Core/Src/stm32f4xx_hal_msp.c.obj
HAL_TIM_Base_Start                                libHAL_LIB.a(stm32f4xx_hal_tim.c.obj)
HAL_TIM_Base_Start_DMA                            libHAL_LIB.a(stm32f4xx_hal_tim.c.obj)
HAL_TIM_Base_Start_IT                             libHAL_LIB.a(stm32f4xx_hal_tim.c.obj)
                                                  CMakeFiles/MyStm32F407Project.elf.dir/Core/Src/bsp.c.obj
HAL_TIM_Base_Stop                                 libHAL_LIB.a(stm32f4xx_hal_tim.c.obj)
HAL_TIM_Base_Stop_DMA                             libHAL_LIB.a(stm32f4xx_hal_tim.c.obj)
HAL_TIM_Base_Stop_IT                              libHAL_LIB.a(stm32f4xx_hal_tim.c.obj)
HAL_TIM_ConfigClockSource                         libHAL_LIB.a(stm32f4xx_hal_tim.c.obj)
HAL_TIM_ConfigOCrefClear                          libHAL_LIB.a(stm32f4xx_hal_tim.c.obj)
HAL_TIM_ConfigTI1Input                            libHAL_LIB.a(stm32f4xx_hal_tim.c.obj)
HAL_TIM_DMABurstState                             libHAL_LIB.a(stm32f4xx_hal_tim.c.obj)
HAL_TIM_DMABurst_MultiReadStart                   libHAL_LIB.a(stm32f4xx_hal_tim.c.obj)
HAL_TIM_DMABurst_MultiWriteStart                  libHAL_LIB.a(stm32f4xx_hal_tim.c.obj)
HAL_TIM_DMABurst_ReadStart                        libHAL_LIB.a(stm32f4xx_hal_tim.c.obj)
HAL_TIM_DMABurst_ReadStop                         libHAL_LIB.a(stm32f4xx_hal_tim.c.obj)
HAL_TIM_DMABurst_WriteStart                       libHAL_LIB.a(stm32f4xx_hal_tim.c.obj)
HAL_TIM_DMABurst_WriteStop                        libHAL_LIB.a(stm32f4xx_hal_tim.c.obj)
HAL_TIM_Encoder_DeInit                            libHAL_LIB.a(stm32f4xx_hal_tim.c.obj)
HAL_TIM_Encoder_GetState                          libHAL_LIB.a(stm32f4xx_hal_tim.c.obj)
HAL_TIM_Encoder_Init                              libHAL_LIB.a(stm32f4xx_hal_tim.c.obj)
HAL_TIM_Encoder_MspDeInit                         libHAL_LIB.a(stm32f4xx_hal_tim.c.obj)
HAL_TIM_Encoder_MspInit                           libHAL_LIB.a(stm32f4xx_hal_tim.c.obj)
HAL_TIM_Encoder_Start                             libHAL_LIB.a(stm32f4xx_hal_tim.c.obj)
HAL_TIM_Encoder_Start_DMA                         libHAL_LIB.a(stm32f4xx_hal_tim.c.obj)
HAL_TIM_Encoder_Start_IT                          libHAL_LIB.a(stm32f4xx_hal_tim.c.obj)
HAL_TIM_Encoder_Stop                              libHAL_LIB.a(stm32f4xx_hal_tim.c.obj)
HAL_TIM_Encoder_Stop_DMA                          libHAL_LIB.a(stm32f4xx_hal_tim.c.obj)
HAL_TIM_Encoder_Stop_IT                           libHAL_LIB.a(stm32f4xx_hal_tim.c.obj)
HAL_TIM_ErrorCallback                             libHAL_LIB.a(stm32f4xx_hal_tim.c.obj)
                                                  libHAL_LIB.a(stm32f4xx_hal_tim_ex.c.obj)
HAL_TIM_GenerateEvent                             libHAL_LIB.a(stm32f4xx_hal_tim.c.obj)
HAL_TIM_GetActiveChannel                          libHAL_LIB.a(stm32f4xx_hal_tim.c.obj)
HAL_TIM_GetChannelState                           libHAL_LIB.a(stm32f4xx_hal_tim.c.obj)
HAL_TIM_IC_CaptureCallback                        libHAL_LIB.a(stm32f4xx_hal_tim.c.obj)
HAL_TIM_IC_CaptureHalfCpltCallback                libHAL_LIB.a(stm32f4xx_hal_tim.c.obj)
HAL_TIM_IC_ConfigChannel                          libHAL_LIB.a(stm32f4xx_hal_tim.c.obj)
HAL_TIM_IC_DeInit                                 libHAL_LIB.a(stm32f4xx_hal_tim.c.obj)
HAL_TIM_IC_GetState                               libHAL_LIB.a(stm32f4xx_hal_tim.c.obj)
HAL_TIM_IC_Init                                   libHAL_LIB.a(stm32f4xx_hal_tim.c.obj)
HAL_TIM_IC_MspDeInit                              libHAL_LIB.a(stm32f4xx_hal_tim.c.obj)
HAL_TIM_IC_MspInit                                libHAL_LIB.a(stm32f4xx_hal_tim.c.obj)
HAL_TIM_IC_Start                                  libHAL_LIB.a(stm32f4xx_hal_tim.c.obj)
HAL_TIM_IC_Start_DMA                              libHAL_LIB.a(stm32f4xx_hal_tim.c.obj)
HAL_TIM_IC_Start_IT                               libHAL_LIB.a(stm32f4xx_hal_tim.c.obj)
HAL_TIM_IC_Stop                                   libHAL_LIB.a(stm32f4xx_hal_tim.c.obj)
HAL_TIM_IC_Stop_DMA                               libHAL_LIB.a(stm32f4xx_hal_tim.c.obj)
HAL_TIM_IC_Stop_IT                                libHAL_LIB.a(stm32f4xx_hal_tim.c.obj)
HAL_TIM_IRQHandler                                libHAL_LIB.a(stm32f4xx_hal_tim.c.obj)
                                                  CMakeFiles/MyStm32F407Project.elf.dir/Core/Src/stm32f4xx_it.c.obj
HAL_TIM_OC_ConfigChannel                          libHAL_LIB.a(stm32f4xx_hal_tim.c.obj)
HAL_TIM_OC_DeInit                                 libHAL_LIB.a(stm32f4xx_hal_tim.c.obj)
HAL_TIM_OC_DelayElapsedCallback                   libHAL_LIB.a(stm32f4xx_hal_tim.c.obj)
HAL_TIM_OC_GetState                               libHAL_LIB.a(stm32f4xx_hal_tim.c.obj)
HAL_TIM_OC_Init                                   libHAL_LIB.a(stm32f4xx_hal_tim.c.obj)
HAL_TIM_OC_MspDeInit                              libHAL_LIB.a(stm32f4xx_hal_tim.c.obj)
HAL_TIM_OC_MspInit                                libHAL_LIB.a(stm32f4xx_hal_tim.c.obj)
HAL_TIM_OC_Start                                  libHAL_LIB.a(stm32f4xx_hal_tim.c.obj)
HAL_TIM_OC_Start_DMA                              libHAL_LIB.a(stm32f4xx_hal_tim.c.obj)
HAL_TIM_OC_Start_IT                               libHAL_LIB.a(stm32f4xx_hal_tim.c.obj)
HAL_TIM_OC_Stop                                   libHAL_LIB.a(stm32f4xx_hal_tim.c.obj)
HAL_TIM_OC_Stop_DMA                               libHAL_LIB.a(stm32f4xx_hal_tim.c.obj)
HAL_TIM_OC_Stop_IT                                libHAL_LIB.a(stm32f4xx_hal_tim.c.obj)
HAL_TIM_OnePulse_ConfigChannel                    libHAL_LIB.a(stm32f4xx_hal_tim.c.obj)
HAL_TIM_OnePulse_DeInit                           libHAL_LIB.a(stm32f4xx_hal_tim.c.obj)
HAL_TIM_OnePulse_GetState                         libHAL_LIB.a(stm32f4xx_hal_tim.c.obj)
HAL_TIM_OnePulse_Init                             libHAL_LIB.a(stm32f4xx_hal_tim.c.obj)
HAL_TIM_OnePulse_MspDeInit                        libHAL_LIB.a(stm32f4xx_hal_tim.c.obj)
HAL_TIM_OnePulse_MspInit                          libHAL_LIB.a(stm32f4xx_hal_tim.c.obj)
HAL_TIM_OnePulse_Start                            libHAL_LIB.a(stm32f4xx_hal_tim.c.obj)
HAL_TIM_OnePulse_Start_IT                         libHAL_LIB.a(stm32f4xx_hal_tim.c.obj)
HAL_TIM_OnePulse_Stop                             libHAL_LIB.a(stm32f4xx_hal_tim.c.obj)
HAL_TIM_OnePulse_Stop_IT                          libHAL_LIB.a(stm32f4xx_hal_tim.c.obj)
HAL_TIM_PWM_ConfigChannel                         libHAL_LIB.a(stm32f4xx_hal_tim.c.obj)
HAL_TIM_PWM_DeInit                                libHAL_LIB.a(stm32f4xx_hal_tim.c.obj)
HAL_TIM_PWM_GetState                              libHAL_LIB.a(stm32f4xx_hal_tim.c.obj)
HAL_TIM_PWM_Init                                  libHAL_LIB.a(stm32f4xx_hal_tim.c.obj)
HAL_TIM_PWM_MspDeInit                             libHAL_LIB.a(stm32f4xx_hal_tim.c.obj)
HAL_TIM_PWM_MspInit                               libHAL_LIB.a(stm32f4xx_hal_tim.c.obj)
HAL_TIM_PWM_PulseFinishedCallback                 libHAL_LIB.a(stm32f4xx_hal_tim.c.obj)
                                                  libHAL_LIB.a(stm32f4xx_hal_tim_ex.c.obj)
HAL_TIM_PWM_PulseFinishedHalfCpltCallback         libHAL_LIB.a(stm32f4xx_hal_tim.c.obj)
HAL_TIM_PWM_Start                                 libHAL_LIB.a(stm32f4xx_hal_tim.c.obj)
HAL_TIM_PWM_Start_DMA                             libHAL_LIB.a(stm32f4xx_hal_tim.c.obj)
HAL_TIM_PWM_Start_IT                              libHAL_LIB.a(stm32f4xx_hal_tim.c.obj)
HAL_TIM_PWM_Stop                                  libHAL_LIB.a(stm32f4xx_hal_tim.c.obj)
HAL_TIM_PWM_Stop_DMA                              libHAL_LIB.a(stm32f4xx_hal_tim.c.obj)
HAL_TIM_PWM_Stop_IT                               libHAL_LIB.a(stm32f4xx_hal_tim.c.obj)
HAL_TIM_PeriodElapsedCallback                     CMakeFiles/MyStm32F407Project.elf.dir/Core/Src/app.c.obj
HAL_TIM_PeriodElapsedHalfCpltCallback             libHAL_LIB.a(stm32f4xx_hal_tim.c.obj)
HAL_TIM_ReadCapturedValue                         libHAL_LIB.a(stm32f4xx_hal_tim.c.obj)
HAL_TIM_SlaveConfigSynchro                        libHAL_LIB.a(stm32f4xx_hal_tim.c.obj)
HAL_TIM_SlaveConfigSynchro_IT                     libHAL_LIB.a(stm32f4xx_hal_tim.c.obj)
HAL_TIM_TriggerCallback                           libHAL_LIB.a(stm32f4xx_hal_tim.c.obj)
HAL_TIM_TriggerHalfCpltCallback                   libHAL_LIB.a(stm32f4xx_hal_tim.c.obj)
HASH_RNG_IRQHandler                               libSYS_LIB.a(startup_stm32f407xx.s.obj)
HardFault_Handler                                 CMakeFiles/MyStm32F407Project.elf.dir/Core/Src/stm32f4xx_it.c.obj
I2C1_ER_IRQHandler                                libSYS_LIB.a(startup_stm32f407xx.s.obj)
I2C1_EV_IRQHandler                                libSYS_LIB.a(startup_stm32f407xx.s.obj)
I2C2_ER_IRQHandler                                libSYS_LIB.a(startup_stm32f407xx.s.obj)
I2C2_EV_IRQHandler                                libSYS_LIB.a(startup_stm32f407xx.s.obj)
I2C3_ER_IRQHandler                                libSYS_LIB.a(startup_stm32f407xx.s.obj)
I2C3_EV_IRQHandler                                libSYS_LIB.a(startup_stm32f407xx.s.obj)
MemManage_Handler                                 CMakeFiles/MyStm32F407Project.elf.dir/Core/Src/stm32f4xx_it.c.obj
NMI_Handler                                       CMakeFiles/MyStm32F407Project.elf.dir/Core/Src/stm32f4xx_it.c.obj
OTG_FS_IRQHandler                                 libSYS_LIB.a(startup_stm32f407xx.s.obj)
OTG_FS_WKUP_IRQHandler                            libSYS_LIB.a(startup_stm32f407xx.s.obj)
OTG_HS_EP1_IN_IRQHandler                          libSYS_LIB.a(startup_stm32f407xx.s.obj)
OTG_HS_EP1_OUT_IRQHandler                         libSYS_LIB.a(startup_stm32f407xx.s.obj)
OTG_HS_IRQHandler                                 libSYS_LIB.a(startup_stm32f407xx.s.obj)
OTG_HS_WKUP_IRQHandler                            libSYS_LIB.a(startup_stm32f407xx.s.obj)
PVD_IRQHandler                                    libSYS_LIB.a(startup_stm32f407xx.s.obj)
PendSV_Handler                                    libSYS_LIB.a(startup_stm32f407xx.s.obj)
RCC_IRQHandler                                    libSYS_LIB.a(startup_stm32f407xx.s.obj)
RTC_Alarm_IRQHandler                              libSYS_LIB.a(startup_stm32f407xx.s.obj)
RTC_WKUP_IRQHandler                               libSYS_LIB.a(startup_stm32f407xx.s.obj)
Reset_Handler                                     libSYS_LIB.a(startup_stm32f407xx.s.obj)
SDIO_IRQHandler                                   libSYS_LIB.a(startup_stm32f407xx.s.obj)
SPI1_IRQHandler                                   libSYS_LIB.a(startup_stm32f407xx.s.obj)
SPI2_IRQHandler                                   libSYS_LIB.a(startup_stm32f407xx.s.obj)
SPI3_IRQHandler                                   libSYS_LIB.a(startup_stm32f407xx.s.obj)
SVC_Handler                                       libSYS_LIB.a(startup_stm32f407xx.s.obj)
SysTick_Handler                                   CMakeFiles/MyStm32F407Project.elf.dir/Core/Src/stm32f4xx_it.c.obj
SystemCoreClock                                   libSYS_LIB.a(system_stm32f4xx.c.obj)
                                                  libHAL_LIB.a(stm32f4xx_hal_dma.c.obj)
                                                  libHAL_LIB.a(stm32f4xx_hal_rcc.c.obj)
                                                  libHAL_LIB.a(stm32f4xx_hal.c.obj)
                                                  CMakeFiles/MyStm32F407Project.elf.dir/Core/Src/bsp.c.obj
SystemCoreClockUpdate                             libSYS_LIB.a(system_stm32f4xx.c.obj)
SystemInit                                        libSYS_LIB.a(system_stm32f4xx.c.obj)
                                                  libSYS_LIB.a(startup_stm32f407xx.s.obj)
TAMP_STAMP_IRQHandler                             libSYS_LIB.a(startup_stm32f407xx.s.obj)
TIM1_BRK_TIM9_IRQHandler                          libSYS_LIB.a(startup_stm32f407xx.s.obj)
TIM1_CC_IRQHandler                                libSYS_LIB.a(startup_stm32f407xx.s.obj)
TIM1_TRG_COM_TIM11_IRQHandler                     libSYS_LIB.a(startup_stm32f407xx.s.obj)
TIM1_UP_TIM10_IRQHandler                          libSYS_LIB.a(startup_stm32f407xx.s.obj)
TIM2_IRQHandler                                   libSYS_LIB.a(startup_stm32f407xx.s.obj)
TIM3_IRQHandler                                   libSYS_LIB.a(startup_stm32f407xx.s.obj)
TIM4_IRQHandler                                   libSYS_LIB.a(startup_stm32f407xx.s.obj)
TIM5_IRQHandler                                   libSYS_LIB.a(startup_stm32f407xx.s.obj)
TIM6_DAC_IRQHandler                               libSYS_LIB.a(startup_stm32f407xx.s.obj)
TIM7_IRQHandler                                   CMakeFiles/MyStm32F407Project.elf.dir/Core/Src/stm32f4xx_it.c.obj
TIM8_BRK_TIM12_IRQHandler                         libSYS_LIB.a(startup_stm32f407xx.s.obj)
TIM8_CC_IRQHandler                                libSYS_LIB.a(startup_stm32f407xx.s.obj)
TIM8_TRG_COM_TIM14_IRQHandler                     libSYS_LIB.a(startup_stm32f407xx.s.obj)
TIM8_UP_TIM13_IRQHandler                          libSYS_LIB.a(startup_stm32f407xx.s.obj)
TIMEx_DMACommutationCplt                          libHAL_LIB.a(stm32f4xx_hal_tim_ex.c.obj)
                                                  libHAL_LIB.a(stm32f4xx_hal_tim.c.obj)
TIMEx_DMACommutationHalfCplt                      libHAL_LIB.a(stm32f4xx_hal_tim_ex.c.obj)
                                                  libHAL_LIB.a(stm32f4xx_hal_tim.c.obj)
TIM_Base_SetConfig                                libHAL_LIB.a(stm32f4xx_hal_tim.c.obj)
                                                  libHAL_LIB.a(stm32f4xx_hal_tim_ex.c.obj)
TIM_CCxChannelCmd                                 libHAL_LIB.a(stm32f4xx_hal_tim.c.obj)
                                                  libHAL_LIB.a(stm32f4xx_hal_tim_ex.c.obj)
TIM_DMACaptureCplt                                libHAL_LIB.a(stm32f4xx_hal_tim.c.obj)
                                                  libHAL_LIB.a(stm32f4xx_hal_tim_ex.c.obj)
TIM_DMACaptureHalfCplt                            libHAL_LIB.a(stm32f4xx_hal_tim.c.obj)
                                                  libHAL_LIB.a(stm32f4xx_hal_tim_ex.c.obj)
TIM_DMADelayPulseHalfCplt                         libHAL_LIB.a(stm32f4xx_hal_tim.c.obj)
                                                  libHAL_LIB.a(stm32f4xx_hal_tim_ex.c.obj)
TIM_DMAError                                      libHAL_LIB.a(stm32f4xx_hal_tim.c.obj)
                                                  libHAL_LIB.a(stm32f4xx_hal_tim_ex.c.obj)
TIM_ETR_SetConfig                                 libHAL_LIB.a(stm32f4xx_hal_tim.c.obj)
TIM_OC2_SetConfig                                 libHAL_LIB.a(stm32f4xx_hal_tim.c.obj)
                                                  libHAL_LIB.a(stm32f4xx_hal_tim_ex.c.obj)
TIM_TI1_SetConfig                                 libHAL_LIB.a(stm32f4xx_hal_tim.c.obj)
                                                  libHAL_LIB.a(stm32f4xx_hal_tim_ex.c.obj)
UART4_IRQHandler                                  libSYS_LIB.a(startup_stm32f407xx.s.obj)
UART5_IRQHandler                                  libSYS_LIB.a(startup_stm32f407xx.s.obj)
USART1_IRQHandler                                 libSYS_LIB.a(startup_stm32f407xx.s.obj)
USART2_IRQHandler                                 libSYS_LIB.a(startup_stm32f407xx.s.obj)
USART3_IRQHandler                                 libSYS_LIB.a(startup_stm32f407xx.s.obj)
USART6_IRQHandler                                 libSYS_LIB.a(startup_stm32f407xx.s.obj)
UsageFault_Handler                                CMakeFiles/MyStm32F407Project.elf.dir/Core/Src/stm32f4xx_it.c.obj
WWDG_IRQHandler                                   libSYS_LIB.a(startup_stm32f407xx.s.obj)
_ITM_deregisterTMCloneTable                       /usr/lib/gcc/arm-none-eabi/15.2.0/thumb/v7e-m+fp/hard/crtbegin.o
_ITM_registerTMCloneTable                         /usr/lib/gcc/arm-none-eabi/15.2.0/thumb/v7e-m+fp/hard/crtbegin.o
__TMC_END__                                       /usr/lib/gcc/arm-none-eabi/15.2.0/thumb/v7e-m+fp/hard/crtend.o
                                                  /usr/lib/gcc/arm-none-eabi/15.2.0/thumb/v7e-m+fp/hard/crtbegin.o
__aeabi_idiv0                                     /usr/lib/gcc/arm-none-eabi/15.2.0/thumb/v7e-m+fp/hard/libgcc.a(_dvmd_tls.o)
__aeabi_ldiv0                                     /usr/lib/gcc/arm-none-eabi/15.2.0/thumb/v7e-m+fp/hard/libgcc.a(_dvmd_tls.o)
                                                  /usr/lib/gcc/arm-none-eabi/15.2.0/thumb/v7e-m+fp/hard/libgcc.a(_aeabi_uldivmod.o)
__aeabi_uldivmod                                  /usr/lib/gcc/arm-none-eabi/15.2.0/thumb/v7e-m+fp/hard/libgcc.a(_aeabi_uldivmod.o)
                                                  libHAL_LIB.a(stm32f4xx_hal_rcc.c.obj)
__atexit                                          /usr/lib/gcc/arm-none-eabi/15.2.0/../../../../arm-none-eabi/lib/thumb/v7e-m+fp/hard/libg_nano.a(libc_a-__call_atexit.o)
                                                  /usr/lib/gcc/arm-none-eabi/15.2.0/../../../../arm-none-eabi/lib/thumb/v7e-m+fp/hard/libg_nano.a(libc_a-__atexit.o)
__atexit0                                         /usr/lib/gcc/arm-none-eabi/15.2.0/../../../../arm-none-eabi/lib/thumb/v7e-m+fp/hard/libg_nano.a(libc_a-__atexit.o)
__atexit_dummy                                    /usr/lib/gcc/arm-none-eabi/15.2.0/../../../../arm-none-eabi/lib/thumb/v7e-m+fp/hard/libg_nano.a(libc_a-__atexit.o)
__atexit_recursive_mutex                          /usr/lib/gcc/arm-none-eabi/15.2.0/../../../../arm-none-eabi/lib/thumb/v7e-m+fp/hard/libg_nano.a(libc_a-__call_atexit.o)
                                                  /usr/lib/gcc/arm-none-eabi/15.2.0/../../../../arm-none-eabi/lib/thumb/v7e-m+fp/hard/libg_nano.a(libc_a-__atexit.o)
__bss_end__                                       /usr/lib/gcc/arm-none-eabi/15.2.0/../../../../arm-none-eabi/lib/thumb/v7e-m+fp/hard/crt0.o
__bss_start__                                     /usr/lib/gcc/arm-none-eabi/15.2.0/../../../../arm-none-eabi/lib/thumb/v7e-m+fp/hard/crt0.o
__call_exitprocs                                  /usr/lib/gcc/arm-none-eabi/15.2.0/../../../../arm-none-eabi/lib/thumb/v7e-m+fp/hard/libg_nano.a(libc_a-__call_atexit.o)
                                                  /usr/lib/gcc/arm-none-eabi/15.2.0/../../../../arm-none-eabi/lib/thumb/v7e-m+fp/hard/libg_nano.a(libc_a-__atexit.o)
                                                  /usr/lib/gcc/arm-none-eabi/15.2.0/../../../../arm-none-eabi/lib/thumb/v7e-m+fp/hard/libg_nano.a(libc_a-exit.o)
__deregister_frame_info                           /usr/lib/gcc/arm-none-eabi/15.2.0/thumb/v7e-m+fp/hard/crtbegin.o