Archive member included to satisfy reference by file (symbol)

libSYS_LIB.a(tasks.c.obj)     CMakeFiles/MyStm32F407Project.elf.dir/Core/Src/app.c.obj (xTaskCreate)
libSYS_LIB.a(timers.c.obj)    libSYS_LIB.a(tasks.c.obj) (xTimerCreateTimerTask)
libSYS_LIB.a(heap_4.c.obj)    libSYS_LIB.a(tasks.c.obj) (pvPortMalloc)
libSYS_LIB.a(port.c.obj)      libSYS_LIB.a(tasks.c.obj) (pxPortInitialiseStack)
libSYS_LIB.a(startup_stm32f407xx.s.obj)
                              (Reset_Handler)
libSYS_LIB.a(system_stm32f4xx.c.obj)
                              libSYS_LIB.a(startup_stm32f407xx.s.obj) (SystemInit)
libSYS_LIB.a(list.c.obj)      libSYS_LIB.a(tasks.c.obj) (vListInitialise)
libSYS_LIB.a(queue.c.obj)     libSYS_LIB.a(timers.c.obj) (xQueueGenericCreate)
libHAL_LIB.a(stm32f4xx_hal.c.obj)
                              CMakeFiles/MyStm32F407Project.elf.dir/Core/Src/bsp.c.obj (HAL_Init)
libHAL_LIB.a(stm32f4xx_hal_can.c.obj)
                              CMakeFiles/MyStm32F407Project.elf.dir/Core/Src/bsp.c.obj (HAL_CAN_Init)
libHAL_LIB.a(stm32f4xx_hal_cortex.c.obj)
                              libHAL_LIB.a(stm32f4xx_hal.c.obj) (HAL_NVIC_SetPriorityGrouping)
libHAL_LIB.a(stm32f4xx_hal_gpio.c.obj)
                              CMakeFiles/MyStm32F407Project.elf.dir/Core/Src/bsp.c.obj (HAL_GPIO_Init)
libHAL_LIB.a(stm32f4xx_hal_rcc.c.obj)
                              CMakeFiles/MyStm32F407Project.elf.dir/Core/Src/bsp.c.obj (HAL_RCC_OscConfig)
libHAL_LIB.a(stm32f4xx_hal_tim.c.obj)
                              CMakeFiles/MyStm32F407Project.elf.dir/Core/Src/bsp.c.obj (HAL_TIM_Base_Init)
libHAL_LIB.a(stm32f4xx_hal_tim_ex.c.obj)
                              libHAL_LIB.a(stm32f4xx_hal_tim.c.obj) (TIMEx_DMACommutationCplt)
libHAL_LIB.a(stm32f4xx_hal_uart.c.obj)
                              CMakeFiles/MyStm32F407Project.elf.dir/Core/Src/bsp.c.obj (HAL_UART_Init)
libHAL_LIB.a(stm32f4xx_hal_dma.c.obj)
                              libHAL_LIB.a(stm32f4xx_hal_tim.c.obj) (HAL_DMA_Start_IT)
libCANOPEN_LIB.a(CO_app_STM32.c.obj)
                              CMakeFiles/MyStm32F407Project.elf.dir/Core/Src/app.c.obj (canopen_app_init)
libCANOPEN_LIB.a(CO_driver_STM32.c.obj)
                              libCANOPEN_LIB.a(CO_app_STM32.c.obj) (CO_CANsetConfigurationMode)
libCANOPEN_LIB.a(OD.c.obj)    libCANOPEN_LIB.a(CO_app_STM32.c.obj) (OD_PERSIST_COMM)
libCANOPEN_LIB.a(CANopen.c.obj)
                              libCANOPEN_LIB.a(CO_app_STM32.c.obj) (CO_new)
libCANOPEN_LIB.a(CO_Emergency.c.obj)
                              libCANOPEN_LIB.a(CANopen.c.obj) (CO_EM_init)
libCANOPEN_LIB.a(CO_HBconsumer.c.obj)
                              libCANOPEN_LIB.a(CANopen.c.obj) (CO_HBconsumer_init)
libCANOPEN_LIB.a(CO_NMT_Heartbeat.c.obj)
                              libCANOPEN_LIB.a(CANopen.c.obj) (CO_NMT_init)
libCANOPEN_LIB.a(CO_ODinterface.c.obj)
                              libCANOPEN_LIB.a(CO_HBconsumer.c.obj) (OD_readOriginal)
libCANOPEN_LIB.a(CO_PDO.c.obj)
                              libCANOPEN_LIB.a(CANopen.c.obj) (CO_RPDO_init)
libCANOPEN_LIB.a(CO_SDOserver.c.obj)
                              libCANOPEN_LIB.a(CANopen.c.obj) (CO_SDOserver_init)
libCANOPEN_LIB.a(CO_SYNC.c.obj)
                              libCANOPEN_LIB.a(CANopen.c.obj) (CO_SYNC_init)
libCANOPEN_LIB.a(CO_TIME.c.obj)
                              libCANOPEN_LIB.a(CANopen.c.obj) (CO_TIME_init)
libCANOPEN_LIB.a(CO_LEDs.c.obj)
                              libCANOPEN_LIB.a(CANopen.c.obj) (CO_LEDs_init)
libCANOPEN_LIB.a(CO_LSSslave.c.obj)
                              libCANOPEN_LIB.a(CANopen.c.obj) (CO_LSSslave_init)
/usr/lib/gcc/arm-none-eabi/15.2.0/thumb/v7e-m+fp/hard/libgcc.a(_aeabi_uldivmod.o)
                              libHAL_LIB.a(stm32f4xx_hal_rcc.c.obj) (__aeabi_uldivmod)
/usr/lib/gcc/arm-none-eabi/15.2.0/thumb/v7e-m+fp/hard/libgcc.a(_udivmoddi4.o)
                              /usr/lib/gcc/arm-none-eabi/15.2.0/thumb/v7e-m+fp/hard/libgcc.a(_aeabi_uldivmod.o) (__udivmoddi4)
/usr/lib/gcc/arm-none-eabi/15.2.0/thumb/v7e-m+fp/hard/libgcc.a(_dvmd_tls.o)
                              /usr/lib/gcc/arm-none-eabi/15.2.0/thumb/v7e-m+fp/hard/libgcc.a(_aeabi_uldivmod.o) (__aeabi_ldiv0)
/usr/lib/gcc/arm-none-eabi/15.2.0/../../../../arm-none-eabi/lib/thumb/v7e-m+fp/hard/libg_nano.a(libc_a-atexit.o)
                              /usr/lib/gcc/arm-none-eabi/15.2.0/../../../../arm-none-eabi/lib/thumb/v7e-m+fp/hard/crt0.o (atexit)
/usr/lib/gcc/arm-none-eabi/15.2.0/../../../../arm-none-eabi/lib/thumb/v7e-m+fp/hard/libg_nano.a(libc_a-calloc.o)
                              libCANOPEN_LIB.a(CANopen.c.obj) (calloc)
/usr/lib/gcc/arm-none-eabi/15.2.0/../../../../arm-none-eabi/lib/thumb/v7e-m+fp/hard/libg_nano.a(libc_a-callocr.o)
                              /usr/lib/gcc/arm-none-eabi/15.2.0/../../../../arm-none-eabi/lib/thumb/v7e-m+fp/hard/libg_nano.a(libc_a-calloc.o) (_calloc_r)
/usr/lib/gcc/arm-none-eabi/15.2.0/../../../../arm-none-eabi/lib/thumb/v7e-m+fp/hard/libg_nano.a(libc_a-exit.o)
[...]
Memory Configuration

Name             Origin             Length             Attributes
RAM              0x20000000         0x00020000         xrw
CCMRAM           0x10000000         0x00010000         xrw
FLASH            0x08000000         0x00100000         xr
*default*        0x00000000         0xffffffff

Linker script and memory map

LOAD /usr/lib/gcc/arm-none-eabi/15.2.0/thumb/v7e-m+fp/hard/crti.o
LOAD /usr/lib/gcc/arm-none-eabi/15.2.0/thumb/v7e-m+fp/hard/crtbegin.o
LOAD /usr/lib/gcc/arm-none-eabi/15.2.0/../../../../arm-none-eabi/lib/thumb/v7e-m+fp/hard/crt0.o
LOAD CMakeFiles/MyStm32F407Project.elf.dir/Core/Src/app.c.obj
LOAD CMakeFiles/MyStm32F407Project.elf.dir/Core/Src/bsp.c.obj
LOAD CMakeFiles/MyStm32F407Project.elf.dir/Core/Src/main.c.obj
LOAD CMakeFiles/MyStm32F407Project.elf.dir/Core/Src/stm32f4xx_hal_msp.c.obj
LOAD CMakeFiles/MyStm32F407Project.elf.dir/Core/Src/stm32f4xx_it.c.obj
LOAD CMakeFiles/MyStm32F407Project.elf.dir/Core/Src/syscalls.c.obj
LOAD libSYS_LIB.a
LOAD libHAL_LIB.a
LOAD libCANOPEN_LIB.a
LOAD libHAL_LIB.a
LOAD libSYS_LIB.a
START GROUP
LOAD /usr/lib/gcc/arm-none-eabi/15.2.0/thumb/v7e-m+fp/hard/libgcc.a
LOAD /usr/lib/gcc/arm-none-eabi/15.2.0/../../../../arm-none-eabi/lib/thumb/v7e-m+fp/hard/libg_nano.a
LOAD /usr/lib/gcc/arm-none-eabi/15.2.0/../../../../arm-none-eabi/lib/thumb/v7e-m+fp/hard/libc_nano.a
END GROUP
START GROUP
LOAD /usr/lib/gcc/arm-none-eabi/15.2.0/thumb/v7e-m+fp/hard/libgcc.a
LOAD /usr/lib/gcc/arm-none-eabi/15.2.0/../../../../arm-none-eabi/lib/thumb/v7e-m+fp/hard/libc_nano.a
END GROUP
LOAD /usr/lib/gcc/arm-none-eabi/15.2.0/thumb/v7e-m+fp/hard/crtend.o
LOAD /usr/lib/gcc/arm-none-eabi/15.2.0/thumb/v7e-m+fp/hard/crtn.o
                0x20020000                        _estack = (ORIGIN (RAM) + LENGTH (RAM))
                0x2001fc00                        _sstack = (_estack - _Min_Stack_Size)
                0x00000200                        _Min_Heap_Size = 0x200
                0x00000400                        _Min_Stack_Size = 0x400

.isr_vector     0x08000000      0x188
                0x08000000                        . = ALIGN (0x4)
 *(.isr_vector)
 .isr_vector    0x08000000      0x188 libSYS_LIB.a(startup_stm32f407xx.s.obj)
                0x08000000                g_pfnVectors
                0x08000188                        . = ALIGN (0x4)

.text           0x08000190    0x1cb1c
                0x08000190                        . = ALIGN (0x4)
 *(.text)
 .text          0x08000190       0x88 /usr/lib/gcc/arm-none-eabi/15.2.0/thumb/v7e-m+fp/hard/crtbegin.o
 .text          0x08000218     0x2a04 libSYS_LIB.a(tasks.c.obj)
                0x08000218                xTaskCreate
                0x080004d8                vTaskDelete
                0x08000604                xTaskDelayUntil
                0x08000708                vTaskDelay
                0x08000774                uxTaskPriorityGet
                0x080007ac                uxTaskPriorityGetFromISR
                0x08000808                vTaskPrioritySet
                0x080009b0                vTaskSuspend
                0x08000b58                vTaskResume
                0x08000c64                xTaskResumeFromISR
                0x08000da4                vTaskStartScheduler
                0x08000e48                vTaskEndScheduler
                0x08000e78                vTaskSuspendAll
                0x08000e94                xTaskResumeAll
                0x0800108c                xTaskGetTickCount
                0x080010a8                xTaskGetTickCountFromISR
                0x080010cc                uxTaskGetNumberOfTasks
                0x080010e0                pcTaskGetName
                0x0800112c                xTaskCatchUpTicks
                0x08001184                xTaskIncrementTick
                0x080013c4                vTaskSwitchContext
                0x0800147c                vTaskPlaceOnEventList
                0x080014c8                vTaskPlaceOnUnorderedEventList
                0x08001578                vTaskPlaceOnEventListRestricted
                0x08001604                xTaskRemoveFromEventList
                0x080017b0                vTaskRemoveFromUnorderedEventList
                0x08001934                vTaskSetTimeOutState
                0x08001984                vTaskInternalSetTimeOutState
                0x080019b0                xTaskCheckForTimeOut
                0x08001a80                vTaskMissedYield
                0x08001ac8                vTaskSetThreadLocalStoragePointer
                0x08001b2c                pvTaskGetThreadLocalStoragePointer
                0x08001cac                xTaskGetCurrentTaskHandle
                0x08001cc8                xTaskGetSchedulerState
                0x08001d04                xTaskPriorityInherit
                0x08001e40                xTaskPriorityDisinherit
                0x08001f8c                vTaskPriorityDisinheritAfterTimeout
                0x08002100                uxTaskResetEventItemValue
                0x08002130                pvTaskIncrementMutexHeldCount
                0x08002158                ulTaskGenericNotifyTake
                0x08002228                xTaskGenericNotifyWait
                0x08002328                xTaskGenericNotify
                0x08002578                xTaskGenericNotifyFromISR
                0x08002838                vTaskGenericNotifyGiveFromISR
                0x08002a48                xTaskGenericNotifyStateClear
                0x08002ac0                ulTaskGenericNotifyValueClear
 .text          0x08002c1c      0x900 libSYS_LIB.a(timers.c.obj)
                0x08002c1c                xTimerCreateTimerTask
                0x08002c84                xTimerCreate
                0x08002d38                xTimerGenericCommand
                0x08002dd4                xTimerGetTimerDaemonTaskHandle
                0x08002e0c                xTimerGetPeriod
                0x08002e44                vTimerSetReloadMode
                0x08002eac                xTimerGetReloadMode
                0x08002f00                uxTimerGetReloadMode
                0x08002f18                xTimerGetExpiryTime
                0x08002f54                pcTimerGetName
                0x08003444                xTimerIsTimerActive
                0x08003498                pvTimerGetTimerID
                0x080034da                vTimerSetTimerID
 .text          0x0800351c      0x4e4 libSYS_LIB.a(heap_4.c.obj)
                0x0800351c                pvPortMalloc
                0x08003694                vPortFree
                0x08003748                xPortGetFreeHeapSize
                0x0800375c                xPortGetMinimumEverFreeHeapSize
                0x08003770                vPortInitialiseBlocks
                0x0800377c                pvPortCalloc
                0x08003944                vPortGetHeapStats
 .text          0x08003a00      0x4b8 libSYS_LIB.a(port.c.obj)
                0x08003a00                pxPortInitialiseStack
                0x08003ac0                SVC_Handler
                0x08003b0e                xPortStartScheduler
                0x08003c54                vPortEndScheduler
                0x08003c8c                vPortEnterCritical
                0x08003cec                vPortExitCritical
                0x08003d40                PendSV_Handler
                0x08003da6                SysTick_Handler
                0x08003dec                vPortSetupTimerInterrupt
                0x08003e36                vPortValidateInterruptPriority
 .text          0x08003eb8      0x120 libSYS_LIB.a(system_stm32f4xx.c.obj)
                0x08003eb8                SystemInit
                0x08003ed8                SystemCoreClockUpdate
 .text          0x08003fd8      0x15e libSYS_LIB.a(list.c.obj)
                0x08003fd8                vListInitialise
                0x08004016                vListInitialiseItem
                0x0800402e                vListInsertEnd
                0x08004074                vListInsert
                0x080040e4                uxListRemove
 *fill*         0x08004136        0x2 
 .text          0x08004138     0x1830 libSYS_LIB.a(queue.c.obj)
                0x08004138                xQueueGenericReset
                0x0800425c                xQueueGenericCreate
                0x08004372                xQueueCreateMutex
                0x080043a2                xQueueGiveMutexRecursive
                0x0800440c                xQueueTakeMutexRecursive
                0x0800447a                xQueueCreateCountingSemaphore
                0x080044d8                xQueueGenericSend
                0x08004714                xQueueGenericSendFromISR
                0x080048ae                xQueueGiveFromISR
                0x08004a20                xQueueReceive
                0x08004be4                xQueueSemaphoreTake
                0x08004de4                xQueuePeek
                0x08004fac                xQueueReceiveFromISR
                0x080050e0                xQueuePeekFromISR
                0x080051b8                uxQueueMessagesWaiting
                0x080051f6                uxQueueSpacesAvailable
                0x0800523e                uxQueueMessagesWaitingFromISR
                0x0800527a                vQueueDelete
                0x080054f0                xQueueIsQueueEmptyFromISR
                0x08005568                xQueueIsQueueFullFromISR
                0x080055b4                vQueueAddToRegistry
                0x08005650                pcQueueGetName
                0x080056b8                vQueueUnregisterQueue
                0x08005728                vQueueWaitForMessageRestricted
                0x08005790                xQueueCreateSet
                0x080057ae                xQueueAddToSet
                0x080057f0                xQueueRemoveFromSet
                0x08005838                xQueueSelectFromSet
                0x0800585e                xQueueSelectFromSetFromISR
 .text          0x08005968      0x3a0 libHAL_LIB.a(stm32f4xx_hal.c.obj)
                0x08005968                HAL_Init
                0x080059ac                HAL_DeInit
                0x08005a08                HAL_MspInit
                0x08005a14                HAL_MspDeInit
                0x08005a20                HAL_InitTick
                0x08005a80                HAL_IncTick
                0x08005aa4                HAL_GetTick
                0x08005ab8                HAL_GetTickPrio
                0x08005acc                HAL_SetTickFreq
                0x08005b1c                HAL_GetTickFreq
                0x08005b30                HAL_Delay
                0x08005b78                HAL_SuspendTick
                0x08005b94                HAL_ResumeTick
                0x08005bb0                HAL_GetHalVersion
                0x08005bc4                HAL_GetREVID
                0x08005bdc                HAL_GetDEVID
                0x08005bf4                HAL_DBGMCU_EnableDBGSleepMode
                0x08005c10                HAL_DBGMCU_DisableDBGSleepMode
                0x08005c2c                HAL_DBGMCU_EnableDBGStopMode
                0x08005c48                HAL_DBGMCU_DisableDBGStopMode
                0x08005c64                HAL_DBGMCU_EnableDBGStandbyMode
                0x08005c80                HAL_DBGMCU_DisableDBGStandbyMode
                0x08005c9c                HAL_EnableCompensationCell
                0x08005cb4                HAL_DisableCompensationCell
                0x08005ccc                HAL_GetUIDw0
                0x08005ce0                HAL_GetUIDw1
                0x08005cf4                HAL_GetUIDw2
 .text          0x08005d08     0x11a0 libHAL_LIB.a(stm32f4xx_hal_can.c.obj)
                0x08005d08                HAL_CAN_Init
                0x08005efe                HAL_CAN_DeInit
                0x08005f56                HAL_CAN_MspDeInit
                0x08005f68                HAL_CAN_ConfigFilter
                0x08006128                HAL_CAN_Start
                0x080061b0                HAL_CAN_Stop
                0x08006242                HAL_CAN_RequestSleep
                0x0800628a                HAL_CAN_WakeUp
                0x08006308                HAL_CAN_IsSleepActive
                0x08006346                HAL_CAN_AddTxMessage
                0x080064e4                HAL_CAN_AbortTxRequest
                0x0800656c                HAL_CAN_GetTxMailboxesFreeLevel
                0x080065d4                HAL_CAN_IsTxMessagePending
                0x0800661a                HAL_CAN_GetTxTimestamp
                0x08006682                HAL_CAN_GetRxMessage
                0x080068c4                HAL_CAN_GetRxFifoFillLevel
                0x08006912                HAL_CAN_ActivateNotification
                0x0800695c                HAL_CAN_DeactivateNotification
                0x080069a8                HAL_CAN_IRQHandler
                0x08006d4c                HAL_CAN_TxMailbox0AbortCallback
                0x08006d5e                HAL_CAN_TxMailbox1AbortCallback
                0x08006d70                HAL_CAN_TxMailbox2AbortCallback
                0x08006d94                HAL_CAN_RxFifo0FullCallback
                0x08006db8                HAL_CAN_RxFifo1FullCallback
                0x08006dca                HAL_CAN_SleepCallback
                0x08006ddc                HAL_CAN_WakeUpFromRxMsgCallback
                0x08006dee                HAL_CAN_ErrorCallback
                0x08006e00                HAL_CAN_GetState
                0x08006e4e                HAL_CAN_GetError
                0x08006e64                HAL_CAN_ResetError
 .text          0x08006ea8      0x674 libHAL_LIB.a(stm32f4xx_hal_cortex.c.obj)
                0x08007278                HAL_NVIC_SetPriorityGrouping
                0x0800728e                HAL_NVIC_SetPriority
                0x080072c6                HAL_NVIC_EnableIRQ
                0x080072e2                HAL_NVIC_DisableIRQ
                0x080072fe                HAL_NVIC_SystemReset
                0x08007306                HAL_SYSTICK_Config
                0x0800731e                HAL_MPU_Disable
                0x0800734c                HAL_MPU_Enable
                0x08007388                HAL_MPU_ConfigRegion
                0x08007410                HAL_CORTEX_ClearEvent
                0x08007420                HAL_NVIC_GetPriorityGrouping
                0x0800742e                HAL_NVIC_GetPriority
                0x0800745a                HAL_NVIC_SetPendingIRQ
                0x08007476                HAL_NVIC_GetPendingIRQ
                0x08007494                HAL_NVIC_ClearPendingIRQ
                0x080074b0                HAL_NVIC_GetActive
                0x080074ce                HAL_SYSTICK_CLKSourceConfig
                0x08007504                HAL_SYSTICK_IRQHandler
                0x08007510                HAL_SYSTICK_Callback
 .text          0x0800751c      0x64c libHAL_LIB.a(stm32f4xx_hal_gpio.c.obj)
                0x0800751c                HAL_GPIO_Init
                0x08007850                HAL_GPIO_DeInit
                0x08007a44                HAL_GPIO_ReadPin
                0x08007a72                HAL_GPIO_WritePin
                0x08007aa2                HAL_GPIO_TogglePin
                0x08007ad4                HAL_GPIO_LockPin
                0x08007b22                HAL_GPIO_EXTI_IRQHandler
                0x08007b54                HAL_GPIO_EXTI_Callback
 .text          0x08007b68      0xbf8 libHAL_LIB.a(stm32f4xx_hal_rcc.c.obj)
                0x08007b68                HAL_RCC_DeInit
                0x08007b76                HAL_RCC_OscConfig
                0x08008068                HAL_RCC_ClockConfig
                0x08008234                HAL_RCC_MCOConfig
                0x08008304                HAL_RCC_EnableCSS
                0x0800831c                HAL_RCC_DisableCSS
                0x08008334                HAL_RCC_GetSysClockFreq
                0x08008540                HAL_RCC_GetHCLKFreq
                0x08008554                HAL_RCC_GetPCLK1Freq
                0x0800857c                HAL_RCC_GetPCLK2Freq
                0x080085a4                HAL_RCC_GetOscConfig
                0x080086cc                HAL_RCC_GetClockConfig
                0x0800872c                HAL_RCC_NMI_IRQHandler
                0x08008754                HAL_RCC_CSSCallback
 .text          0x08008760     0x5c40 libHAL_LIB.a(stm32f4xx_hal_tim.c.obj)
                0x08008760                HAL_TIM_Base_Init
                0x080087fe                HAL_TIM_Base_DeInit
                0x080088b8                HAL_TIM_Base_MspDeInit
                0x080088ca                HAL_TIM_Base_Start
                0x08008998                HAL_TIM_Base_Stop
                0x080089e4                HAL_TIM_Base_Start_IT
                0x08008ac0                HAL_TIM_Base_Stop_IT
                0x08008b1c                HAL_TIM_Base_Start_DMA
                0x08008c60                HAL_TIM_Base_Stop_DMA
                0x08008cc4                HAL_TIM_OC_Init
                0x08008d62                HAL_TIM_OC_DeInit
                0x08008e0a                HAL_TIM_OC_MspInit
                0x08008e1c                HAL_TIM_OC_MspDeInit
                0x08008e2e                HAL_TIM_OC_Start
                0x08008fc0                HAL_TIM_OC_Stop
                0x080090a0                HAL_TIM_OC_Start_IT
                0x080092b0                HAL_TIM_OC_Stop_IT
                0x08009410                HAL_TIM_OC_Start_DMA
                0x08009784                HAL_TIM_OC_Stop_DMA
                0x0800990c                HAL_TIM_PWM_Init
                0x080099aa                HAL_TIM_PWM_DeInit
                0x08009a52                HAL_TIM_PWM_MspInit
                0x08009a64                HAL_TIM_PWM_MspDeInit
                0x08009a76                HAL_TIM_PWM_Start
                0x08009c08                HAL_TIM_PWM_Stop
                0x08009ce8                HAL_TIM_PWM_Start_IT
                0x08009ef8                HAL_TIM_PWM_Stop_IT
                0x0800a058                HAL_TIM_PWM_Start_DMA
                0x0800a3cc                HAL_TIM_PWM_Stop_DMA
                0x0800a554                HAL_TIM_IC_Init
                0x0800a5f2                HAL_TIM_IC_DeInit
                0x0800a69a                HAL_TIM_IC_MspInit
                0x0800a6ac                HAL_TIM_IC_MspDeInit
                0x0800a6be                HAL_TIM_IC_Start
                0x0800a870                HAL_TIM_IC_Stop
                0x0800a932                HAL_TIM_IC_Start_IT
                0x0800ab64                HAL_TIM_IC_Stop_IT
                0x0800aca4                HAL_TIM_IC_Start_DMA
                0x0800afdc                HAL_TIM_IC_Stop_DMA
                0x0800b144                HAL_TIM_OnePulse_Init
                0x0800b1e4                HAL_TIM_OnePulse_DeInit
                0x0800b26c                HAL_TIM_OnePulse_MspInit
                0x0800b27e                HAL_TIM_OnePulse_MspDeInit
                0x0800b290                HAL_TIM_OnePulse_Start
                0x0800b354                HAL_TIM_OnePulse_Stop
                0x0800b42c                HAL_TIM_OnePulse_Start_IT
                0x0800b510                HAL_TIM_OnePulse_Stop_IT
                0x0800b608                HAL_TIM_Encoder_Init
                0x0800b754                HAL_TIM_Encoder_DeInit
                0x0800b7dc                HAL_TIM_Encoder_MspInit
                0x0800b7ee                HAL_TIM_Encoder_MspDeInit
                0x0800b800                HAL_TIM_Encoder_Start
                0x0800b91c                HAL_TIM_Encoder_Stop
                0x0800ba4a                HAL_TIM_Encoder_Start_IT
                0x0800bba6                HAL_TIM_Encoder_Stop_IT
                0x0800bd10                HAL_TIM_Encoder_Start_DMA
                0x0800bfe8                HAL_TIM_Encoder_Stop_DMA
                0x0800c17a                HAL_TIM_IRQHandler
                0x0800c35a                HAL_TIM_OC_ConfigChannel
                0x0800c3f6                HAL_TIM_IC_ConfigChannel
                0x0800c52e                HAL_TIM_PWM_ConfigChannel
                0x0800c69a                HAL_TIM_OnePulse_ConfigChannel
                0x0800c83e                HAL_TIM_DMABurst_WriteStart
                0x0800c872                HAL_TIM_DMABurst_MultiWriteStart
                0x0800cb18                HAL_TIM_DMABurst_WriteStop
                0x0800cc0c                HAL_TIM_DMABurst_ReadStart
                0x0800cc40                HAL_TIM_DMABurst_MultiReadStart
                0x0800cee8                HAL_TIM_DMABurst_ReadStop
                0x0800cfdc                HAL_TIM_GenerateEvent
                0x0800d028                HAL_TIM_ConfigOCrefClear
                0x0800d1a6                HAL_TIM_ConfigClockSource
                0x0800d334                HAL_TIM_ConfigTI1Input
                0x0800d36a                HAL_TIM_SlaveConfigSynchro
                0x0800d3ee                HAL_TIM_SlaveConfigSynchro_IT
                0x0800d472                HAL_TIM_ReadCapturedValue
                0x0800d4ee                HAL_TIM_PeriodElapsedHalfCpltCallback
                0x0800d500                HAL_TIM_OC_DelayElapsedCallback
                0x0800d512                HAL_TIM_IC_CaptureCallback
                0x0800d524                HAL_TIM_IC_CaptureHalfCpltCallback
                0x0800d536                HAL_TIM_PWM_PulseFinishedCallback
                0x0800d548                HAL_TIM_PWM_PulseFinishedHalfCpltCallback
                0x0800d55a                HAL_TIM_TriggerCallback
                0x0800d56c                HAL_TIM_TriggerHalfCpltCallback
                0x0800d57e                HAL_TIM_ErrorCallback
                0x0800d590                HAL_TIM_Base_GetState
                0x0800d5aa                HAL_TIM_OC_GetState
                0x0800d5c4                HAL_TIM_PWM_GetState
                0x0800d5de                HAL_TIM_IC_GetState
                0x0800d5f8                HAL_TIM_OnePulse_GetState
                0x0800d612                HAL_TIM_Encoder_GetState
                0x0800d62c                HAL_TIM_GetActiveChannel
                0x0800d642                HAL_TIM_GetChannelState
                0x0800d690                HAL_TIM_DMABurstState
                0x0800d6aa                TIM_DMAError
                0x0800d7e4                TIM_DMADelayPulseHalfCplt
                0x0800d84c                TIM_DMACaptureCplt
                0x0800d914                TIM_DMACaptureHalfCplt
                0x0800da10                TIM_Base_SetConfig
                0x0800dc44                TIM_OC2_SetConfig
                0x0800dfde                TIM_TI1_SetConfig
                0x0800e318                TIM_ETR_SetConfig
                0x0800e356                TIM_CCxChannelCmd
 .text          0x0800e3a0     0x2390 libHAL_LIB.a(stm32f4xx_hal_tim_ex.c.obj)
                0x0800e3a0                HAL_TIMEx_HallSensor_Init
                0x0800e4f2                HAL_TIMEx_HallSensor_DeInit
                0x0800e57a                HAL_TIMEx_HallSensor_MspInit
                0x0800e58c                HAL_TIMEx_HallSensor_MspDeInit
                0x0800e59e                HAL_TIMEx_HallSensor_Start
                0x0800e6bc                HAL_TIMEx_HallSensor_Stop
                0x0800e72c                HAL_TIMEx_HallSensor_Start_IT
                0x0800e858                HAL_TIMEx_HallSensor_Stop_IT
                0x0800e8d8                HAL_TIMEx_HallSensor_Start_DMA
                0x0800ea44                HAL_TIMEx_HallSensor_Stop_DMA
                0x0800eabe                HAL_TIMEx_OCN_Start
                0x0800ec30                HAL_TIMEx_OCN_Stop
                0x0800ecea                HAL_TIMEx_OCN_Start_IT
                0x0800eecc                HAL_TIMEx_OCN_Stop_IT
                0x0800f00a                HAL_TIMEx_OCN_Start_DMA
                0x0800f308                HAL_TIMEx_OCN_Stop_DMA
                0x0800f440                HAL_TIMEx_PWMN_Start
                0x0800f5b4                HAL_TIMEx_PWMN_Stop
                0x0800f66e                HAL_TIMEx_PWMN_Start_IT
                0x0800f850                HAL_TIMEx_PWMN_Stop_IT
                0x0800f98e                HAL_TIMEx_PWMN_Start_DMA
                0x0800fc8c                HAL_TIMEx_PWMN_Stop_DMA
                0x0800fdc4                HAL_TIMEx_OnePulseN_Start
                0x0800fe70                HAL_TIMEx_OnePulseN_Stop
                0x0800ff30                HAL_TIMEx_OnePulseN_Start_IT
                0x0800fffc                HAL_TIMEx_OnePulseN_Stop_IT
                0x080100dc                HAL_TIMEx_ConfigCommutEvent
                0x0801019a                HAL_TIMEx_ConfigCommutEvent_IT
                0x08010258                HAL_TIMEx_ConfigCommutEvent_DMA
                0x0801033c                HAL_TIMEx_MasterConfigSynchronization
                0x08010430                HAL_TIMEx_ConfigBreakDeadTime
                0x080104d2                HAL_TIMEx_RemapConfig
                0x0801050e                HAL_TIMEx_CommutCallback
                0x08010520                HAL_TIMEx_CommutHalfCpltCallback
                0x08010532                HAL_TIMEx_BreakCallback
                0x08010544                HAL_TIMEx_HallSensor_GetState
                0x0801055e                HAL_TIMEx_GetChannelNState
                0x080105ac                TIMEx_DMACommutationCplt
                0x080105d0                TIMEx_DMACommutationHalfCplt
 .text          0x08010730     0x2d5c libHAL_LIB.a(stm32f4xx_hal_uart.c.obj)
                0x08010730                HAL_UART_Init
                0x080107d0                HAL_HalfDuplex_Init
                0x08010880                HAL_LIN_Init
                0x08010952                HAL_MultiProcessor_Init
                0x08010a38                HAL_UART_DeInit
                0x08010aae                HAL_UART_MspDeInit
                0x08010ac0                HAL_UART_Transmit
                0x08010bd6                HAL_UART_Receive
                0x08010d04                HAL_UART_Transmit_IT
                0x08010d6e                HAL_UART_Receive_IT
                0x08010db8                HAL_UART_Transmit_DMA
                0x08010e98                HAL_UART_Receive_DMA
                0x08010ee2                HAL_UART_DMAPause
                0x08011012                HAL_UART_DMAResume
                0x0801112c                HAL_UART_DMAStop
                0x08011222                HAL_UARTEx_ReceiveToIdle
                0x080113ca                HAL_UARTEx_ReceiveToIdle_IT
                0x08011484                HAL_UARTEx_ReceiveToIdle_DMA
                0x0801153e                HAL_UARTEx_GetRxEventType
                0x08011554                HAL_UART_Abort
                0x0801172a                HAL_UART_AbortTransmit
                0x080117fa                HAL_UART_AbortReceive
                0x08011940                HAL_UART_Abort_IT
                0x08011b68                HAL_UART_AbortTransmit_IT
                0x08011c50                HAL_UART_AbortReceive_IT
                0x08011db4                HAL_UART_IRQHandler
                0x080122d4                HAL_UART_TxCpltCallback
                0x080122e6                HAL_UART_TxHalfCpltCallback
                0x080122f8                HAL_UART_RxCpltCallback
                0x0801230a                HAL_UART_RxHalfCpltCallback
                0x0801231c                HAL_UART_ErrorCallback
                0x0801232e                HAL_UART_AbortCpltCallback
                0x08012340                HAL_UART_AbortTransmitCpltCallback
                0x08012352                HAL_UART_AbortReceiveCpltCallback
                0x08012364                HAL_UARTEx_RxEventCallback
                0x0801237a                HAL_LIN_SendBreak
                0x080123f0                HAL_MultiProcessor_EnterMuteMode
                0x0801246c                HAL_MultiProcessor_ExitMuteMode
                0x080124e8                HAL_HalfDuplex_EnableTransmitter
                0x0801254e                HAL_HalfDuplex_EnableReceiver
                0x080125b4                HAL_UART_GetState
                0x080125ee                HAL_UART_GetError
                0x08012960                UART_Start_Receive_IT
                0x080129d2                UART_Start_Receive_DMA
 .text          0x0801348c      0xcb8 libHAL_LIB.a(stm32f4xx_hal_dma.c.obj)
                0x0801348c                HAL_DMA_Init
                0x080135e8                HAL_DMA_DeInit
                0x080136a4                HAL_DMA_Start
                0x0801371a                HAL_DMA_Start_IT
                0x080137ca                HAL_DMA_Abort
                0x080138aa                HAL_DMA_Abort_IT
                0x080138ec                HAL_DMA_PollForTransfer
                0x08013aaa                HAL_DMA_IRQHandler
                0x08013dbc                HAL_DMA_RegisterCallback
                0x08013e6a                HAL_DMA_UnRegisterCallback
                0x08013f44                HAL_DMA_GetState
                0x08013f5e                HAL_DMA_GetError
 .text          0x08014144      0x40c libCANOPEN_LIB.a(CO_app_STM32.c.obj)
                0x08014144                canopen_app_init
                0x080141ac                canopen_app_resetCommunication
                0x080143f4                canopen_app_process
                0x080144cc                canopen_app_interrupt
 .text          0x08014550      0x788 libCANOPEN_LIB.a(CO_driver_STM32.c.obj)
                0x08014550                CO_CANsetConfigurationMode
                0x08014570                CO_CANsetNormalMode
                0x080145a0                CO_CANmodule_init
                0x08014730                CO_CANmodule_disable
                0x0801475a                CO_CANrxBufferInit
                0x08014814                CO_CANtxBufferInit
                0x08014908                CO_CANsend
                0x08014996                CO_CANclearPendingSyncPDOs
                0x08014a42                CO_CANmodule_process
                0x08014ba8                HAL_CAN_RxFifo0MsgPendingCallback
                0x08014bc2                HAL_CAN_RxFifo1MsgPendingCallback
                0x08014bdc                CO_CANinterrupt_TX
                0x08014c78                HAL_CAN_TxMailbox0CompleteCallback
                0x08014c98                HAL_CAN_TxMailbox1CompleteCallback
                0x08014cb8                HAL_CAN_TxMailbox2CompleteCallback
 .text          0x08014cd8      0xc28 libCANOPEN_LIB.a(CANopen.c.obj)
                0x08014d90                CO_new
                0x08014fde                CO_delete
                0x0801509c                CO_isLSSslaveEnabled
                0x080150b8                CO_CANinit
                0x08015110                CO_LSSinit
                0x08015168                CO_CANopenInit
                0x080153f0                CO_CANopenInitPDO
                0x08015580                CO_process
                0x08015786                CO_process_SYNC
                0x0801580c                CO_process_RPDO
                0x08015896                CO_process_TPDO
 .text          0x08015900      0x828 libCANOPEN_LIB.a(CO_Emergency.c.obj)
                0x08015b70                CO_EM_init
                0x08015d30                CO_EM_process
                0x08015fae                CO_error
 .text          0x08016128      0x580 libCANOPEN_LIB.a(CO_HBconsumer.c.obj)
                0x0801627e                CO_HBconsumer_init
                0x080164fc                CO_HBconsumer_process
 .text          0x080166a8      0x564 libCANOPEN_LIB.a(CO_NMT_Heartbeat.c.obj)
                0x08016862                CO_NMT_init
                0x080169dc                CO_NMT_process
 .text          0x08016c0c      0x634 libCANOPEN_LIB.a(CO_ODinterface.c.obj)
                0x08016c0c                OD_readOriginal
                0x08016cbc                OD_writeOriginal
                0x08016dca                OD_find
                0x08016e80                OD_getSub
                0x0801708c                OD_getSDOabCode
                0x080170c4                OD_get_value
                0x0801713e                OD_set_value
                0x080171b8                OD_getPtr
 .text          0x08017240     0x1780 libCANOPEN_LIB.a(CO_PDO.c.obj)
                0x08017b84                CO_RPDO_init
                0x08017e08                CO_RPDO_process
                0x08018358                CO_TPDO_init
                0x080187c0                CO_TPDO_process
 .text          0x080189c0     0x13d4 libCANOPEN_LIB.a(CO_SDOserver.c.obj)
                0x08018e0c                CO_SDOserver_init
                0x080193e0                CO_SDOserver_process
 .text          0x08019d94      0x7b8 libCANOPEN_LIB.a(CO_SYNC.c.obj)
                0x0801a190                CO_SYNC_init
                0x0801a3d8                CO_SYNC_process
 .text          0x0801a54c      0x3a8 libCANOPEN_LIB.a(CO_TIME.c.obj)
                0x0801a70c                CO_TIME_init
                0x0801a808                CO_TIME_process
 .text          0x0801a8f4      0x354 libCANOPEN_LIB.a(CO_LEDs.c.obj)
                0x0801a8f4                CO_LEDs_init
                0x0801a922                CO_LEDs_process
 .text          0x0801ac48      0x728 libCANOPEN_LIB.a(CO_LSSslave.c.obj)
                0x0801aee0                CO_LSSslave_init
                0x0801afcc                CO_LSSslave_initCkBitRateCall
                0x0801aff4                CO_LSSslave_initActBitRateCall
                0x0801b01c                CO_LSSslave_initCfgStoreCall
                0x0801b044                CO_LSSslave_process
 .text          0x0801b370       0x30 /usr/lib/gcc/arm-none-eabi/15.2.0/thumb/v7e-m+fp/hard/libgcc.a(_aeabi_uldivmod.o)
                0x0801b370                __aeabi_uldivmod
 .text          0x0801b3a0      0x320 /usr/lib/gcc/arm-none-eabi/15.2.0/thumb/v7e-m+fp/hard/libgcc.a(_udivmoddi4.o)
                0x0801b3a0                __udivmoddi4
 .text          0x0801b6c0        0x4 /usr/lib/gcc/arm-none-eabi/15.2.0/thumb/v7e-m+fp/hard/libgcc.a(_dvmd_tls.o)
                0x0801b6c0                __aeabi_ldiv0
                0x0801b6c0                __aeabi_idiv0
 .text          0x0801b6c4       0x10 /usr/lib/gcc/arm-none-eabi/15.2.0/../../../../arm-none-eabi/lib/thumb/v7e-m+fp/hard/libg_nano.a(libc_a-strlen.o)
                0x0801b6c4                strlen
 *fill*         0x0801b6d4        0xc 
 .text          0x0801b6e0       0xa0 /usr/lib/gcc/arm-none-eabi/15.2.0/../../../../arm-none-eabi/lib/thumb/v7e-m+fp/hard/libg_nano.a(libc_a-memchr.o)
                0x0801b6e0                memchr
 *(.text*)
 .text.vCanopenTask
                0x0801b780       0x50 CMakeFiles/MyStm32F407Project.elf.dir/Core/Src/app.c.obj
 .text.APP_Init
                0x0801b7d0       0x4c CMakeFiles/MyStm32F407Project.elf.dir/Core/Src/app.c.obj
                0x0801b7d0                APP_Init
 .text.vApplicationTickHook
                0x0801b81c        0x8 CMakeFiles/MyStm32F407Project.elf.dir/Core/Src/app.c.obj
                0x0801b81c                vApplicationTickHook
 .text.HAL_TIM_PeriodElapsedCallback
                0x0801b824       0x20 CMakeFiles/MyStm32F407Project.elf.dir/Core/Src/app.c.obj
                0x0801b824                HAL_TIM_PeriodElapsedCallback
 .text.SystemClock_Config
                0x0801b844       0xb0 CMakeFiles/MyStm32F407Project.elf.dir/Core/Src/bsp.c.obj
 .text.MX_GPIO_Init
                0x0801b8f4       0x44 CMakeFiles/MyStm32F407Project.elf.dir/Core/Src/bsp.c.obj
 .text.MX_TIM7_Init
                0x0801b938       0x38 CMakeFiles/MyStm32F407Project.elf.dir/Core/Src/bsp.c.obj
 .text.MX_USART1_Init
                0x0801b970       0x34 CMakeFiles/MyStm32F407Project.elf.dir/Core/Src/bsp.c.obj
 .text.MX_CAN1_Init
                0x0801b9a4       0x48 CMakeFiles/MyStm32F407Project.elf.dir/Core/Src/bsp.c.obj
                0x0801b9a4                MX_CAN1_Init
 .text.BSP_Init
                0x0801b9ec       0x1c CMakeFiles/MyStm32F407Project.elf.dir/Core/Src/bsp.c.obj
                0x0801b9ec                BSP_Init
 .text.main     0x0801ba08       0x10 CMakeFiles/MyStm32F407Project.elf.dir/Core/Src/main.c.obj
                0x0801ba08                main
 .text.Error_Handler
                0x0801ba18        0x4 CMakeFiles/MyStm32F407Project.elf.dir/Core/Src/main.c.obj
                0x0801ba18                Error_Handler
 .text.HAL_TIM_Base_MspInit
                0x0801ba1c       0x40 CMakeFiles/MyStm32F407Project.elf.dir/Core/Src/stm32f4xx_hal_msp.c.obj
                0x0801ba1c                HAL_TIM_Base_MspInit
 .text.HAL_UART_MspInit
                0x0801ba5c       0x74 CMakeFiles/MyStm32F407Project.elf.dir/Core/Src/stm32f4xx_hal_msp.c.obj
                0x0801ba5c                HAL_UART_MspInit
 .text.HAL_CAN_MspInit
                0x0801bad0       0xb0 CMakeFiles/MyStm32F407Project.elf.dir/Core/Src/stm32f4xx_hal_msp.c.obj
                0x0801bad0                HAL_CAN_MspInit
 .text.NMI_Handler
                0x0801bb80        0x2 CMakeFiles/MyStm32F407Project.elf.dir/Core/Src/stm32f4xx_it.c.obj
                0x0801bb80                NMI_Handler
 .text.HardFault_Handler
                0x0801bb82        0x2 CMakeFiles/MyStm32F407Project.elf.dir/Core/Src/stm32f4xx_it.c.obj
                0x0801bb82                HardFault_Handler
 .text.MemManage_Handler
                0x0801bb84        0x2 CMakeFiles/MyStm32F407Project.elf.dir/Core/Src/stm32f4xx_it.c.obj
                0x0801bb84                MemManage_Handler
 .text.BusFault_Handler
                0x0801bb86        0x2 CMakeFiles/MyStm32F407Project.elf.dir/Core/Src/stm32f4xx_it.c.obj
                0x0801bb86                BusFault_Handler
 .text.UsageFault_Handler
                0x0801bb88        0x2 CMakeFiles/MyStm32F407Project.elf.dir/Core/Src/stm32f4xx_it.c.obj
                0x0801bb88                UsageFault_Handler
 .text.DebugMon_Handler
                0x0801bb8a        0x2 CMakeFiles/MyStm32F407Project.elf.dir/Core/Src/stm32f4xx_it.c.obj
                0x0801bb8a                DebugMon_Handler
 .text.TIM7_IRQHandler
                0x0801bb8c       0x10 CMakeFiles/MyStm32F407Project.elf.dir/Core/Src/stm32f4xx_it.c.obj
                0x0801bb8c                TIM7_IRQHandler
 .text.CAN1_TX_IRQHandler
                0x0801bb9c       0x10 CMakeFiles/MyStm32F407Project.elf.dir/Core/Src/stm32f4xx_it.c.obj
                0x0801bb9c                CAN1_TX_IRQHandler
 .text.CAN1_RX0_IRQHandler
                0x0801bbac       0x10 CMakeFiles/MyStm32F407Project.elf.dir/Core/Src/stm32f4xx_it.c.obj
                0x0801bbac                CAN1_RX0_IRQHandler
 .text.CAN1_RX1_IRQHandler
                0x0801bbbc       0x10 CMakeFiles/MyStm32F407Project.elf.dir/Core/Src/stm32f4xx_it.c.obj
                0x0801bbbc                CAN1_RX1_IRQHandler
 .text.CAN1_SCE_IRQHandler
                0x0801bbcc       0x10 CMakeFiles/MyStm32F407Project.elf.dir/Core/Src/stm32f4xx_it.c.obj
                0x0801bbcc                CAN1_SCE_IRQHandler
 .text.__io_putchar
                0x0801bbdc       0x24 CMakeFiles/MyStm32F407Project.elf.dir/Core/Src/syscalls.c.obj
                0x0801bbdc                __io_putchar
 .text._read    0x0801bc00       0x20 CMakeFiles/MyStm32F407Project.elf.dir/Core/Src/syscalls.c.obj
                0x0801bc00                _read
 .text._write   0x0801bc20       0x1c CMakeFiles/MyStm32F407Project.elf.dir/Core/Src/syscalls.c.obj
                0x0801bc20                _write
 .text._sbrk    0x0801bc3c       0x24 CMakeFiles/MyStm32F407Project.elf.dir/Core/Src/syscalls.c.obj
                0x0801bc3c                _sbrk
 .text._close   0x0801bc60        0x6 CMakeFiles/MyStm32F407Project.elf.dir/Core/Src/syscalls.c.obj
                0x0801bc60                _close
 .text._fstat   0x0801bc66        0xa CMakeFiles/MyStm32F407Project.elf.dir/Core/Src/syscalls.c.obj
                0x0801bc66                _fstat
 .text._isatty  0x0801bc70        0x4 CMakeFiles/MyStm32F407Project.elf.dir/Core/Src/syscalls.c.obj
                0x0801bc70                _isatty
 .text._lseek   0x0801bc74        0x4 CMakeFiles/MyStm32F407Project.elf.dir/Core/Src/syscalls.c.obj
                0x0801bc74                _lseek
 .text.Reset_Handler
                0x0801bc78       0x50 libSYS_LIB.a(startup_stm32f407xx.s.obj)
                0x0801bc78                Reset_Handler
 .text.Default_Handler
                0x0801bcc8        0x2 libSYS_LIB.a(startup_stm32f407xx.s.obj)
                0x0801bcc8                RTC_Alarm_IRQHandler
                0x0801bcc8                HASH_RNG_IRQHandler
                0x0801bcc8                EXTI2_IRQHandler
                0x0801bcc8                TIM8_CC_IRQHandler
                0x0801bcc8                TIM1_CC_IRQHandler
                0x0801bcc8                DMA2_Stream5_IRQHandler
                0x0801bcc8                DMA1_Stream5_IRQHandler
                0x0801bcc8                PVD_IRQHandler
                0x0801bcc8                SDIO_IRQHandler
                0x0801bcc8                TAMP_STAMP_IRQHandler
                0x0801bcc8                CAN2_RX1_IRQHandler
                0x0801bcc8                EXTI3_IRQHandler
                0x0801bcc8                TIM8_TRG_COM_TIM14_IRQHandler
                0x0801bcc8                TIM1_UP_TIM10_IRQHandler
                0x0801bcc8                TIM8_UP_TIM13_IRQHandler
                0x0801bcc8                I2C3_ER_IRQHandler
                0x0801bcc8                EXTI0_IRQHandler
                0x0801bcc8                I2C2_EV_IRQHandler
                0x0801bcc8                DMA1_Stream2_IRQHandler
                0x0801bcc8                FPU_IRQHandler
                0x0801bcc8                OTG_HS_WKUP_IRQHandler
                0x0801bcc8                CAN2_SCE_IRQHandler
                0x0801bcc8                DMA2_Stream2_IRQHandler
                0x0801bcc8                SPI1_IRQHandler
                0x0801bcc8                TIM6_DAC_IRQHandler
                0x0801bcc8                TIM1_BRK_TIM9_IRQHandler
                0x0801bcc8                DCMI_IRQHandler
                0x0801bcc8                CAN2_RX0_IRQHandler
                0x0801bcc8                DMA2_Stream3_IRQHandler
                0x0801bcc8                USART6_IRQHandler
                0x0801bcc8                USART3_IRQHandler
                0x0801bcc8                UART5_IRQHandler
                0x0801bcc8                DMA2_Stream0_IRQHandler
                0x0801bcc8                TIM4_IRQHandler
                0x0801bcc8                I2C1_EV_IRQHandler
                0x0801bcc8                DMA1_Stream6_IRQHandler
                0x0801bcc8                DMA1_Stream1_IRQHandler
                0x0801bcc8                UART4_IRQHandler
                0x0801bcc8                TIM3_IRQHandler
                0x0801bcc8                RCC_IRQHandler
                0x0801bcc8                TIM8_BRK_TIM12_IRQHandler
                0x0801bcc8                Default_Handler
                0x0801bcc8                EXTI15_10_IRQHandler
                0x0801bcc8                ADC_IRQHandler
                0x0801bcc8                DMA1_Stream7_IRQHandler
                0x0801bcc8                CAN2_TX_IRQHandler
                0x0801bcc8                TIM5_IRQHandler
                0x0801bcc8                DMA2_Stream7_IRQHandler
                0x0801bcc8                I2C3_EV_IRQHandler
                0x0801bcc8                EXTI9_5_IRQHandler
                0x0801bcc8                RTC_WKUP_IRQHandler
                0x0801bcc8                ETH_WKUP_IRQHandler
                0x0801bcc8                SPI2_IRQHandler
                0x0801bcc8                OTG_HS_EP1_IN_IRQHandler
                0x0801bcc8                DMA1_Stream0_IRQHandler
                0x0801bcc8                EXTI4_IRQHandler
                0x0801bcc8                FSMC_IRQHandler
                0x0801bcc8                ETH_IRQHandler
                0x0801bcc8                OTG_HS_EP1_OUT_IRQHandler
                0x0801bcc8                WWDG_IRQHandler
                0x0801bcc8                TIM2_IRQHandler
                0x0801bcc8                OTG_FS_WKUP_IRQHandler
                0x0801bcc8                TIM1_TRG_COM_TIM11_IRQHandler
                0x0801bcc8                OTG_HS_IRQHandler
                0x0801bcc8                EXTI1_IRQHandler
                0x0801bcc8                USART2_IRQHandler
                0x0801bcc8                I2C2_ER_IRQHandler
                0x0801bcc8                DMA2_Stream1_IRQHandler
                0x0801bcc8                FLASH_IRQHandler
                0x0801bcc8                DMA2_Stream4_IRQHandler
                0x0801bcc8                USART1_IRQHandler
                0x0801bcc8                OTG_FS_IRQHandler
                0x0801bcc8                SPI3_IRQHandler
                0x0801bcc8                DMA1_Stream4_IRQHandler
                0x0801bcc8                I2C1_ER_IRQHandler
                0x0801bcc8                DMA2_Stream6_IRQHandler
                0x0801bcc8                DMA1_Stream3_IRQHandler
 *fill*         0x0801bcca        0x2 
 .text.calloc   0x0801bccc       0x10 /usr/lib/gcc/arm-none-eabi/15.2.0/../../../../arm-none-eabi/lib/thumb/v7e-m+fp/hard/libg_nano.a(libc_a-calloc.o)
                0x0801bccc                calloc
 .text._calloc_r
                0x0801bcdc       0x28 /usr/lib/gcc/arm-none-eabi/15.2.0/../../../../arm-none-eabi/lib/thumb/v7e-m+fp/hard/libg_nano.a(libc_a-callocr.o)
                0x0801bcdc                _calloc_r
 .text.free     0x0801bd04       0x10 /usr/lib/gcc/arm-none-eabi/15.2.0/../../../../arm-none-eabi/lib/thumb/v7e-m+fp/hard/libg_nano.a(libc_a-malloc.o)
                0x0801bd04                free
 .text.sbrk_aligned
                0x0801bd14       0x44 /usr/lib/gcc/arm-none-eabi/15.2.0/../../../../arm-none-eabi/lib/thumb/v7e-m+fp/hard/libg_nano.a(libc_a-mallocr.o)
 .text._malloc_r
                0x0801bd58       0xf8 /usr/lib/gcc/arm-none-eabi/15.2.0/../../../../arm-none-eabi/lib/thumb/v7e-m+fp/hard/libg_nano.a(libc_a-mallocr.o)
                0x0801bd58                _malloc_r
 .text.__malloc_lock
                0x0801be50        0xc /usr/lib/gcc/arm-none-eabi/15.2.0/../../../../arm-none-eabi/lib/thumb/v7e-m+fp/hard/libg_nano.a(libc_a-mlock.o)
                0x0801be50                __malloc_lock
 .text.__malloc_unlock
                0x0801be5c        0xc /usr/lib/gcc/arm-none-eabi/15.2.0/../../../../arm-none-eabi/lib/thumb/v7e-m+fp/hard/libg_nano.a(libc_a-mlock.o)
                0x0801be5c                __malloc_unlock
 .text.__sflush_r
                0x0801be68      0x100 /usr/lib/gcc/arm-none-eabi/15.2.0/../../../../arm-none-eabi/lib/thumb/v7e-m+fp/hard/libg_nano.a(libc_a-fflush.o)
                0x0801be68                __sflush_r
 .text._fflush_r
                0x0801bf68       0x50 /usr/lib/gcc/arm-none-eabi/15.2.0/../../../../arm-none-eabi/lib/thumb/v7e-m+fp/hard/libg_nano.a(libc_a-fflush.o)
                0x0801bf68                _fflush_r
 .text.fflush   0x0801bfb8       0x28 /usr/lib/gcc/arm-none-eabi/15.2.0/../../../../arm-none-eabi/lib/thumb/v7e-m+fp/hard/libg_nano.a(libc_a-fflush.o)
                0x0801bfb8                fflush
 .text.std      0x0801bfe0       0x6c /usr/lib/gcc/arm-none-eabi/15.2.0/../../../../arm-none-eabi/lib/thumb/v7e-m+fp/hard/libg_nano.a(libc_a-findfp.o)
 .text.stdio_exit_handler
                0x0801c04c       0x18 /usr/lib/gcc/arm-none-eabi/15.2.0/../../../../arm-none-eabi/lib/thumb/v7e-m+fp/hard/libg_nano.a(libc_a-findfp.o)
 .text.cleanup_stdio
                0x0801c064       0x40 /usr/lib/gcc/arm-none-eabi/15.2.0/../../../../arm-none-eabi/lib/thumb/v7e-m+fp/hard/libg_nano.a(libc_a-findfp.o)
 .text.global_stdio_init.part.0
                0x0801c0a4       0x40 /usr/lib/gcc/arm-none-eabi/15.2.0/../../../../arm-none-eabi/lib/thumb/v7e-m+fp/hard/libg_nano.a(libc_a-findfp.o)
 .text.__sfp_lock_acquire
                0x0801c0e4        0xc /usr/lib/gcc/arm-none-eabi/15.2.0/../../../../arm-none-eabi/lib/thumb/v7e-m+fp/hard/libg_nano.a(libc_a-findfp.o)
                0x0801c0e4                __sfp_lock_acquire
 .text.__sfp_lock_release
                0x0801c0f0        0xc /usr/lib/gcc/arm-none-eabi/15.2.0/../../../../arm-none-eabi/lib/thumb/v7e-m+fp/hard/libg_nano.a(libc_a-findfp.o)
                0x0801c0f0                __sfp_lock_release
 .text.__sinit  0x0801c0fc       0x30 /usr/lib/gcc/arm-none-eabi/15.2.0/../../../../arm-none-eabi/lib/thumb/v7e-m+fp/hard/libg_nano.a(libc_a-findfp.o)
                0x0801c0fc                __sinit
 .text._fwalk_sglue
                0x0801c12c       0x3a /usr/lib/gcc/arm-none-eabi/15.2.0/../../../../arm-none-eabi/lib/thumb/v7e-m+fp/hard/libg_nano.a(libc_a-fwalk.o)
                0x0801c12c                _fwalk_sglue
 *fill*         0x0801c166        0x2 
 .text.printf   0x0801c168       0x24 /usr/lib/gcc/arm-none-eabi/15.2.0/../../../../arm-none-eabi/lib/thumb/v7e-m+fp/hard/libg_nano.a(libc_a-printf.o)
                0x0801c168                printf
                0x0801c168                iprintf
 .text._puts_r  0x0801c18c       0xaa /usr/lib/gcc/arm-none-eabi/15.2.0/../../../../arm-none-eabi/lib/thumb/v7e-m+fp/hard/libg_nano.a(libc_a-puts.o)
                0x0801c18c                _puts_r
 *fill*         0x0801c236        0x2 
 .text.puts     0x0801c238       0x10 /usr/lib/gcc/arm-none-eabi/15.2.0/../../../../arm-none-eabi/lib/thumb/v7e-m+fp/hard/libg_nano.a(libc_a-puts.o)
                0x0801c238                puts
 .text.__sread  0x0801c248       0x22 /usr/lib/gcc/arm-none-eabi/15.2.0/../../../../arm-none-eabi/lib/thumb/v7e-m+fp/hard/libg_nano.a(libc_a-stdio.o)
                0x0801c248                __sread
 .text.__swrite
                0x0801c26a       0x38 /usr/lib/gcc/arm-none-eabi/15.2.0/../../../../arm-none-eabi/lib/thumb/v7e-m+fp/hard/libg_nano.a(libc_a-stdio.o)
                0x0801c26a                __swrite
 .text.__sseek  0x0801c2a2       0x26 /usr/lib/gcc/arm-none-eabi/15.2.0/../../../../arm-none-eabi/lib/thumb/v7e-m+fp/hard/libg_nano.a(libc_a-stdio.o)
                0x0801c2a2                __sseek
 .text.__sclose
                0x0801c2c8        0x8 /usr/lib/gcc/arm-none-eabi/15.2.0/../../../../arm-none-eabi/lib/thumb/v7e-m+fp/hard/libg_nano.a(libc_a-stdio.o)
                0x0801c2c8                __sclose
 .text.__swbuf_r
                0x0801c2d0       0x7a /usr/lib/gcc/arm-none-eabi/15.2.0/../../../../arm-none-eabi/lib/thumb/v7e-m+fp/hard/libg_nano.a(libc_a-wbuf.o)
                0x0801c2d0                __swbuf_r
 *fill*         0x0801c34a        0x2 
 .text.__swsetup_r
                0x0801c34c       0xa8 /usr/lib/gcc/arm-none-eabi/15.2.0/../../../../arm-none-eabi/lib/thumb/v7e-m+fp/hard/libg_nano.a(libc_a-wsetup.o)
                0x0801c34c                __swsetup_r
 .text.memmove  0x0801c3f4       0x32 /usr/lib/gcc/arm-none-eabi/15.2.0/../../../../arm-none-eabi/lib/thumb/v7e-m+fp/hard/libg_nano.a(libc_a-memmove.o)
                0x0801c3f4                memmove
 .text.memset   0x0801c426       0x10 /usr/lib/gcc/arm-none-eabi/15.2.0/../../../../arm-none-eabi/lib/thumb/v7e-m+fp/hard/libg_nano.a(libc_a-memset.o)
                0x0801c426                memset
 *fill*         0x0801c436        0x2 
 .text._close_r
                0x0801c438       0x20 /usr/lib/gcc/arm-none-eabi/15.2.0/../../../../arm-none-eabi/lib/thumb/v7e-m+fp/hard/libg_nano.a(libc_a-closer.o)
                0x0801c438                _close_r
 .text._lseek_r
                0x0801c458       0x24 /usr/lib/gcc/arm-none-eabi/15.2.0/../../../../arm-none-eabi/lib/thumb/v7e-m+fp/hard/libg_nano.a(libc_a-lseekr.o)
                0x0801c458                _lseek_r
 .text._read_r  0x0801c47c       0x24 /usr/lib/gcc/arm-none-eabi/15.2.0/../../../../arm-none-eabi/lib/thumb/v7e-m+fp/hard/libg_nano.a(libc_a-readr.o)
                0x0801c47c                _read_r
 .text._sbrk_r  0x0801c4a0       0x20 /usr/lib/gcc/arm-none-eabi/15.2.0/../../../../arm-none-eabi/lib/thumb/v7e-m+fp/hard/libg_nano.a(libc_a-sbrkr.o)
                0x0801c4a0                _sbrk_r
 .text._write_r
                0x0801c4c0       0x24 /usr/lib/gcc/arm-none-eabi/15.2.0/../../../../arm-none-eabi/lib/thumb/v7e-m+fp/hard/libg_nano.a(libc_a-writer.o)
                0x0801c4c0                _write_r
 .text.__libc_init_array
                0x0801c4e4       0x48 /usr/lib/gcc/arm-none-eabi/15.2.0/../../../../arm-none-eabi/lib/thumb/v7e-m+fp/hard/libg_nano.a(libc_a-init.o)
                0x0801c4e4                __libc_init_array
 .text.__retarget_lock_init_recursive
                0x0801c52c        0x2 /usr/lib/gcc/arm-none-eabi/15.2.0/../../../../arm-none-eabi/lib/thumb/v7e-m+fp/hard/libg_nano.a(libc_a-lock.o)
                0x0801c52c                __retarget_lock_init_recursive
 .text.__retarget_lock_acquire_recursive
                0x0801c52e        0x2 /usr/lib/gcc/arm-none-eabi/15.2.0/../../../../arm-none-eabi/lib/thumb/v7e-m+fp/hard/libg_nano.a(libc_a-lock.o)
                0x0801c52e                __retarget_lock_acquire_recursive
 .text.__retarget_lock_release_recursive
                0x0801c530        0x2 /usr/lib/gcc/arm-none-eabi/15.2.0/../../../../arm-none-eabi/lib/thumb/v7e-m+fp/hard/libg_nano.a(libc_a-lock.o)
                0x0801c530                __retarget_lock_release_recursive
 .text.memcpy   0x0801c532       0x1c /usr/lib/gcc/arm-none-eabi/15.2.0/../../../../arm-none-eabi/lib/thumb/v7e-m+fp/hard/libg_nano.a(libc_a-memcpy-stub.o)
                0x0801c532                memcpy
 *fill*         0x0801c54e        0x2 
 .text._free_r  0x0801c550       0x98 /usr/lib/gcc/arm-none-eabi/15.2.0/../../../../arm-none-eabi/lib/thumb/v7e-m+fp/hard/libg_nano.a(libc_a-freer.o)
                0x0801c550                _free_r
 .text.__sfputc_r
                0x0801c5e8       0x2a /usr/lib/gcc/arm-none-eabi/15.2.0/../../../../arm-none-eabi/lib/thumb/v7e-m+fp/hard/libg_nano.a(libc_a-nano-vfprintf.o)
 .text.__sfputs_r
                0x0801c612       0x24 /usr/lib/gcc/arm-none-eabi/15.2.0/../../../../arm-none-eabi/lib/thumb/v7e-m+fp/hard/libg_nano.a(libc_a-nano-vfprintf.o)
                0x0801c612                __sfputs_r
 *fill*         0x0801c636        0x2 
 .text._vfprintf_r
                0x0801c638      0x21c /usr/lib/gcc/arm-none-eabi/15.2.0/../../../../arm-none-eabi/lib/thumb/v7e-m+fp/hard/libg_nano.a(libc_a-nano-vfprintf.o)
                0x0801c638                _vfiprintf_r
                0x0801c638                _vfprintf_r
 .text._printf_common
                0x0801c854       0xea /usr/lib/gcc/arm-none-eabi/15.2.0/../../../../arm-none-eabi/lib/thumb/v7e-m+fp/hard/libg_nano.a(libc_a-nano-vfprintf_i.o)
                0x0801c854                _printf_common
 *fill*         0x0801c93e        0x2 
 .text._printf_i
                0x0801c940      0x254 /usr/lib/gcc/arm-none-eabi/15.2.0/../../../../arm-none-eabi/lib/thumb/v7e-m+fp/hard/libg_nano.a(libc_a-nano-vfprintf_i.o)
                0x0801c940                _printf_i
 .text.__swhatbuf_r
                0x0801cb94       0x48 /usr/lib/gcc/arm-none-eabi/15.2.0/../../../../arm-none-eabi/lib/thumb/v7e-m+fp/hard/libg_nano.a(libc_a-makebuf.o)
                0x0801cb94                __swhatbuf_r
 .text.__smakebuf_r
                0x0801cbdc       0x72 /usr/lib/gcc/arm-none-eabi/15.2.0/../../../../arm-none-eabi/lib/thumb/v7e-m+fp/hard/libg_nano.a(libc_a-makebuf.o)
                0x0801cbdc                __smakebuf_r
 *fill*         0x0801cc4e        0x2 
 .text._fstat_r
                0x0801cc50       0x24 /usr/lib/gcc/arm-none-eabi/15.2.0/../../../../arm-none-eabi/lib/thumb/v7e-m+fp/hard/libg_nano.a(libc_a-fstatr.o)
                0x0801cc50                _fstat_r
 .text._isatty_r
                0x0801cc74       0x20 /usr/lib/gcc/arm-none-eabi/15.2.0/../../../../arm-none-eabi/lib/thumb/v7e-m+fp/hard/libg_nano.a(libc_a-isattyr.o)
                0x0801cc74                _isatty_r
 *(.glue_7)
 .glue_7        0x0801cc94        0x0 linker stubs
 *(.glue_7t)
 .glue_7t       0x0801cc94        0x0 linker stubs
 *(.eh_frame)
 .eh_frame      0x0801cc94        0x0 /usr/lib/gcc/arm-none-eabi/15.2.0/thumb/v7e-m+fp/hard/crtbegin.o
 *(.init)
 .init          0x0801cc94        0x4 /usr/lib/gcc/arm-none-eabi/15.2.0/thumb/v7e-m+fp/hard/crti.o
                0x0801cc94                _init
 .init          0x0801cc98        0x8 /usr/lib/gcc/arm-none-eabi/15.2.0/thumb/v7e-m+fp/hard/crtn.o
 *(.fini)
 .fini          0x0801cca0        0x4 /usr/lib/gcc/arm-none-eabi/15.2.0/thumb/v7e-m+fp/hard/crti.o
                0x0801cca0                _fini
 .fini          0x0801cca4        0x8 /usr/lib/gcc/arm-none-eabi/15.2.0/thumb/v7e-m+fp/hard/crtn.o
                0x0801ccac                        . = ALIGN (0x4)
                0x0801ccac                        _etext = .

.vfp11_veneer   0x0801ccac        0x0
 .vfp11_veneer  0x0801ccac        0x0 linker stubs

.v4_bx          0x0801ccac        0x0
 .v4_bx         0x0801ccac        0x0 linker stubs

.iplt           0x0801ccac        0x0
 .iplt          0x0801ccac        0x0 /usr/lib/gcc/arm-none-eabi/15.2.0/thumb/v7e-m+fp/hard/crtbegin.o

.rodata         0x0801ccac      0x978
                0x0801ccac                        . = ALIGN (0x4)
 *(.rodata)
 .rodata        0x0801ccac        0x9 libSYS_LIB.a(tasks.c.obj)
                0x0801ccac                uxTopUsedPriority
 *fill*         0x0801ccb5        0x3 
 .rodata        0x0801ccb8        0xd libSYS_LIB.a(timers.c.obj)
 *fill*         0x0801ccc5        0x3 
 .rodata        0x0801ccc8       0x18 libSYS_LIB.a(system_stm32f4xx.c.obj)
                0x0801ccc8                AHBPrescTable
                0x0801ccd8                APBPrescTable
 .rodata        0x0801cce0        0x8 libHAL_LIB.a(stm32f4xx_hal_dma.c.obj)
 .rodata        0x0801cce8      0x1dd libCANOPEN_LIB.a(CO_app_STM32.c.obj)
 *fill*         0x0801cec5        0x3 
 .rodata        0x0801cec8      0x6a4 libCANOPEN_LIB.a(OD.c.obj)
 .rodata        0x0801d56c       0x68 libCANOPEN_LIB.a(CO_ODinterface.c.obj)
 .rodata        0x0801d5d4       0x14 libCANOPEN_LIB.a(CO_LSSslave.c.obj)
 *(.rodata*)
 .rodata.APP_Init.str1.4
                0x0801d5e8        0x8 CMakeFiles/MyStm32F407Project.elf.dir/Core/Src/app.c.obj
 .rodata._vfprintf_r.str1.1
                0x0801d5f0       0x33 /usr/lib/gcc/arm-none-eabi/15.2.0/../../../../arm-none-eabi/lib/thumb/v7e-m+fp/hard/libg_nano.a(libc_a-nano-vfprintf.o)
                                 0x11 (size before relaxing)
 .rodata._printf_i.str1.1
                0x0801d623        0x0 /usr/lib/gcc/arm-none-eabi/15.2.0/../../../../arm-none-eabi/lib/thumb/v7e-m+fp/hard/libg_nano.a(libc_a-nano-vfprintf_i.o)
                                 0x22 (size before relaxing)
                0x0801d624                        . = ALIGN (0x4)
 *fill*         0x0801d623        0x1 

.ARM.extab      0x0801d624        0x0
                0x0801d624                        . = ALIGN (0x4)
 *(.ARM.extab* .gnu.linkonce.armextab.*)
                0x0801d624                        . = ALIGN (0x4)

.ARM            0x0801d624        0x8
                0x0801d624                        . = ALIGN (0x4)
                0x0801d624                        __exidx_start = .
 *(.ARM.exidx*)
 .ARM.exidx     0x0801d624        0x8 /usr/lib/gcc/arm-none-eabi/15.2.0/thumb/v7e-m+fp/hard/libgcc.a(_udivmoddi4.o)
 .ARM.exidx     0x0801d62c        0x0 /usr/lib/gcc/arm-none-eabi/15.2.0/../../../../arm-none-eabi/lib/thumb/v7e-m+fp/hard/libg_nano.a(libc_a-strlen.o)
                                  0x8 (size before relaxing)
 .ARM.exidx     0x0801d62c        0x0 /usr/lib/gcc/arm-none-eabi/15.2.0/../../../../arm-none-eabi/lib/thumb/v7e-m+fp/hard/libg_nano.a(libc_a-memchr.o)
                                  0x8 (size before relaxing)
                0x0801d62c                        __exidx_end = .
                0x0801d62c                        . = ALIGN (0x4)

.preinit_array  0x0801d62c        0x0
                0x0801d62c                        . = ALIGN (0x4)
                0x0801d62c                        PROVIDE (__preinit_array_start = .)
 *(.preinit_array*)
                0x0801d62c                        PROVIDE (__preinit_array_end = .)
                0x0801d62c                        . = ALIGN (0x4)

.init_array     0x0801d62c        0x4
                0x0801d62c                        . = ALIGN (0x4)
                0x0801d62c                        PROVIDE (__init_array_start = .)
 *(SORT_BY_NAME(.init_array.*))
 *(.init_array*)
 .init_array    0x0801d62c        0x4 /usr/lib/gcc/arm-none-eabi/15.2.0/thumb/v7e-m+fp/hard/crtbegin.o
                0x0801d630                        PROVIDE (__init_array_end = .)
                0x0801d630                        . = ALIGN (0x4)

.fini_array     0x0801d630        0x4
                0x0801d630                        . = ALIGN (0x4)
                0x0801d630                        PROVIDE (__fini_array_start = .)
 *(SORT_BY_NAME(.fini_array.*))
 *(.fini_array*)
 .fini_array    0x0801d630        0x4 /usr/lib/gcc/arm-none-eabi/15.2.0/thumb/v7e-m+fp/hard/crtbegin.o
                0x0801d634                        PROVIDE (__fini_array_end = .)
                0x0801d634                        . = ALIGN (0x4)
                0x0801d634                        _siccmram = LOADADDR (.ccmram)

.rel.dyn        0x0801d634        0x0
 .rel.iplt      0x0801d634        0x0 /usr/lib/gcc/arm-none-eabi/15.2.0/thumb/v7e-m+fp/hard/crtbegin.o

.ccmram         0x10000000        0x0 load address 0x0801d634
                0x10000000                        . = ALIGN (0x4)
                0x10000000                        _sccmram = .
 *(.ccmram)
 *(.ccmram*)
                0x10000000                        . = ALIGN (0x4)
                0x10000000                        _eccmram = .
                0x0801d634                        _sidata = LOADADDR (.data)

.data           0x20000000      0x44c load address 0x0801d634
                0x20000000                        . = ALIGN (0x4)
                0x20000000                        _sdata = .
 *(.data)
 .data          0x20000000        0x4 libSYS_LIB.a(port.c.obj)
 .data          0x20000004        0x4 libSYS_LIB.a(system_stm32f4xx.c.obj)
                0x20000004                SystemCoreClock
 .data          0x20000008        0x5 libHAL_LIB.a(stm32f4xx_hal.c.obj)
                0x20000008                uwTickPrio
                0x2000000c                uwTickFreq
 *fill*         0x2000000d        0x3 
 .data          0x20000010      0x3e0 libCANOPEN_LIB.a(OD.c.obj)
                0x20000010                OD_PERSIST_COMM
                0x20000208                OD_RAM
                0x200003ec                OD
 *(.data*)
 .data.__sglue  0x200003f0        0xc /usr/lib/gcc/arm-none-eabi/15.2.0/../../../../arm-none-eabi/lib/thumb/v7e-m+fp/hard/libg_nano.a(libc_a-findfp.o)
                0x200003f0                __sglue
 .data._impure_ptr
                0x200003fc        0x4 /usr/lib/gcc/arm-none-eabi/15.2.0/../../../../arm-none-eabi/lib/thumb/v7e-m+fp/hard/libg_nano.a(libc_a-impure.o)
                0x200003fc                _impure_ptr
 .data._impure_data
                0x20000400       0x4c /usr/lib/gcc/arm-none-eabi/15.2.0/../../../../arm-none-eabi/lib/thumb/v7e-m+fp/hard/libg_nano.a(libc_a-impure.o)
                0x20000400                _impure_data
 *(.RamFunc)
 *(.RamFunc*)
                0x2000044c                        . = ALIGN (0x4)

.tm_clone_table
                0x2000044c        0x0 load address 0x0801da80
 .tm_clone_table
                0x2000044c        0x0 /usr/lib/gcc/arm-none-eabi/15.2.0/thumb/v7e-m+fp/hard/crtbegin.o
 .tm_clone_table
                0x2000044c        0x0 /usr/lib/gcc/arm-none-eabi/15.2.0/thumb/v7e-m+fp/hard/crtend.o

.igot.plt       0x2000044c        0x0 load address 0x0801da80
 .igot.plt      0x2000044c        0x0 /usr/lib/gcc/arm-none-eabi/15.2.0/thumb/v7e-m+fp/hard/crtbegin.o

.tdata          0x2000044c        0x0 load address 0x0801da80
 *(.tdata .tdata.* .gnu.linkonce.td.*)
                0x2000044c                        . = ALIGN (0x4)
                0x2000044c                        _edata = .
                [!provide]                        PROVIDE (__data_end = .)
                [!provide]                        PROVIDE (__tdata_end = .)
                [!provide]                        PROVIDE (__tdata_start = ADDR (.tdata))
                [!provide]                        PROVIDE (__tdata_size = (__tdata_end - __tdata_start))
                [!provide]                        PROVIDE (__data_start = ADDR (.data))
                [!provide]                        PROVIDE (__data_size = (__data_end - __data_start))
                [!provide]                        PROVIDE (__tdata_source = LOADADDR (.tdata))
                [!provide]                        PROVIDE (__tdata_source_end = (LOADADDR (.tdata) + SIZEOF (.tdata)))
                [!provide]                        PROVIDE (__tdata_source_size = (__tdata_source_end - __tdata_source))
                [!provide]                        PROVIDE (__data_source = LOADADDR (.data))
                [!provide]                        PROVIDE (__data_source_end = __tdata_source_end)
                [!provide]                        PROVIDE (__data_source_size = (__data_source_end - __data_source))

.tbss           0x2000044c        0x0 load address 0x0801da80
                0x2000044c                        _sbss = .
                0x2000044c                        __bss_start__ = _sbss
 *(.tbss .tbss.*)
                0x2000044c                        . = ALIGN (0x4)
                [!provide]                        PROVIDE (__tbss_end = .)
                [!provide]                        PROVIDE (__tbss_start = ADDR (.tbss))
                [!provide]                        PROVIDE (__tbss_size = (__tbss_end - __tbss_start))
                [!provide]                        PROVIDE (__tbss_offset = (ADDR (.tbss) - ADDR (.tdata)))
                [!provide]                        PROVIDE (__tls_base = __tdata_start)
                [!provide]                        PROVIDE (__tls_end = __tbss_end)
                [!provide]                        PROVIDE (__tls_size = (__tls_end - __tls_base))
                [!provide]                        PROVIDE (__tls_align = MAX (ALIGNOF (.tdata), ALIGNOF (.tbss)))
                [!provide]                        PROVIDE (__tls_size_align = (((__tls_size + __tls_align) - 0x1) & ~ ((__tls_align - 0x1))))
                [!provide]                        PROVIDE (__arm32_tls_tcb_offset = MAX (0x8, __tls_align))
                [!provide]                        PROVIDE (__arm64_tls_tcb_offset = MAX (0x10, __tls_align))

.bss            0x2000044c     0x4254 load address 0x0801da80
 *(.bss)
 .bss           0x2000044c       0x1c /usr/lib/gcc/arm-none-eabi/15.2.0/thumb/v7e-m+fp/hard/crtbegin.o
 .bss           0x20000468      0x320 libSYS_LIB.a(tasks.c.obj)
                0x20000468                pxCurrentTCB
 .bss           0x20000788       0x3c libSYS_LIB.a(timers.c.obj)
 .bss           0x200007c4     0x3c1c libSYS_LIB.a(heap_4.c.obj)
 .bss           0x200043e0        0x8 libSYS_LIB.a(port.c.obj)
 .bss           0x200043e8       0x40 libSYS_LIB.a(queue.c.obj)
                0x200043e8                xQueueRegistry
 .bss           0x20004428        0x4 libHAL_LIB.a(stm32f4xx_hal.c.obj)
                0x20004428                uwTick
 .bss           0x2000442c       0x11 libCANOPEN_LIB.a(CO_app_STM32.c.obj)
                0x2000442c                canopenNodeSTM32
                0x20004430                CO
                0x20004434                time_old
                0x20004438                time_current
                0x2000443c                err
 *fill*         0x2000443d        0x3 
 .bss           0x20004440       0x40 libCANOPEN_LIB.a(CO_driver_STM32.c.obj)
 *(.bss*)
 .bss.appCanopenNode
                0x20004480       0x18 CMakeFiles/MyStm32F407Project.elf.dir/Core/Src/app.c.obj
 .bss.hcan1     0x20004498       0x28 CMakeFiles/MyStm32F407Project.elf.dir/Core/Src/bsp.c.obj
                0x20004498                hcan1
 .bss.huart1    0x200044c0       0x48 CMakeFiles/MyStm32F407Project.elf.dir/Core/Src/bsp.c.obj
                0x200044c0                huart1
 .bss.htim7     0x20004508       0x48 CMakeFiles/MyStm32F407Project.elf.dir/Core/Src/bsp.c.obj
                0x20004508                htim7
 .bss.heap_end.0
                0x20004550        0x4 CMakeFiles/MyStm32F407Project.elf.dir/Core/Src/syscalls.c.obj
 .bss.__malloc_sbrk_start
                0x20004554        0x4 /usr/lib/gcc/arm-none-eabi/15.2.0/../../../../arm-none-eabi/lib/thumb/v7e-m+fp/hard/libg_nano.a(libc_a-mallocr.o)
                0x20004554                __malloc_sbrk_start
 .bss.__malloc_free_list
                0x20004558        0x4 /usr/lib/gcc/arm-none-eabi/15.2.0/../../../../arm-none-eabi/lib/thumb/v7e-m+fp/hard/libg_nano.a(libc_a-mallocr.o)
                0x20004558                __malloc_free_list
 .bss.__sf      0x2000455c      0x138 /usr/lib/gcc/arm-none-eabi/15.2.0/../../../../arm-none-eabi/lib/thumb/v7e-m+fp/hard/libg_nano.a(libc_a-findfp.o)
                0x2000455c                __sf
 .bss.__stdio_exit_handler
                0x20004694        0x4 /usr/lib/gcc/arm-none-eabi/15.2.0/../../../../arm-none-eabi/lib/thumb/v7e-m+fp/hard/libg_nano.a(libc_a-findfp.o)
                0x20004694                __stdio_exit_handler
 .bss.errno     0x20004698        0x4 /usr/lib/gcc/arm-none-eabi/15.2.0/../../../../arm-none-eabi/lib/thumb/v7e-m+fp/hard/libg_nano.a(libc_a-reent.o)
                0x20004698                errno
 .bss.__lock___malloc_recursive_mutex
                0x2000469c        0x1 /usr/lib/gcc/arm-none-eabi/15.2.0/../../../../arm-none-eabi/lib/thumb/v7e-m+fp/hard/libg_nano.a(libc_a-lock.o)
                0x2000469c                __lock___malloc_recursive_mutex
 .bss.__lock___sfp_recursive_mutex
                0x2000469d        0x1 /usr/lib/gcc/arm-none-eabi/15.2.0/../../../../arm-none-eabi/lib/thumb/v7e-m+fp/hard/libg_nano.a(libc_a-lock.o)
                0x2000469d                __lock___sfp_recursive_mutex
 *(COMMON)
                0x200046a0                        . = ALIGN (0x4)
 *fill*         0x2000469e        0x2 
                0x200046a0                        _ebss = .
                0x200046a0                        __bss_end__ = _ebss
                [!provide]                        PROVIDE (__bss_end = .)
                [!provide]                        PROVIDE (__non_tls_bss_start = ADDR (.bss))
                [!provide]                        PROVIDE (__bss_start = __tbss_start)
                [!provide]                        PROVIDE (__bss_size = (__bss_end - __bss_start))

._user_heap_stack
                0x200046a0      0x600 load address 0x0801da80
                0x200046a0                        . = ALIGN (0x8)
                0x200046a0                        PROVIDE (end = .)
                [!provide]                        PROVIDE (_end = .)
                0x200048a0                        . = (. + _Min_Heap_Size)
 *fill*         0x200046a0      0x200 
                0x20004ca0                        . = (. + _Min_Stack_Size)
 *fill*         0x200048a0      0x400 
                0x20004ca0                        . = ALIGN (0x8)

/DISCARD/
 libc.a:*(*)
 libm.a:*(*)
 libgcc.a:*(*)
OUTPUT(MyStm32F407Project.elf elf32-littlearm)
LOAD linker stubs

.ARM.attributes
                0x00000000       0x30
 .ARM.attributes
                0x00000000       0x22 /usr/lib/gcc/arm-none-eabi/15.2.0/thumb/v7e-m+fp/hard/crti.o
 .ARM.attributes
                0x00000022       0x34 /usr/lib/gcc/arm-none-eabi/15.2.0/thumb/v7e-m+fp/hard/crtbegin.o
 .ARM.attributes
                0x00000056       0x34 CMakeFiles/MyStm32F407Project.elf.dir/Core/Src/app.c.obj
 .ARM.attributes
                0x0000008a       0x34 CMakeFiles/MyStm32F407Project.elf.dir/Core/Src/bsp.c.obj
 .ARM.attributes
                0x000000be       0x34 CMakeFiles/MyStm32F407Project.elf.dir/Core/Src/main.c.obj
 .ARM.attributes
                0x000000f2       0x34 CMakeFiles/MyStm32F407Project.elf.dir/Core/Src/stm32f4xx_hal_msp.c.obj
 .ARM.attributes
                0x00000126       0x34 CMakeFiles/MyStm32F407Project.elf.dir/Core/Src/stm32f4xx_it.c.obj
 .ARM.attributes
                0x0000015a       0x34 CMakeFiles/MyStm32F407Project.elf.dir/Core/Src/syscalls.c.obj
 .ARM.attributes
                0x0000018e       0x34 libSYS_LIB.a(tasks.c.obj)
 .ARM.attributes
                0x000001c2       0x34 libSYS_LIB.a(timers.c.obj)
 .ARM.attributes
                0x000001f6       0x34 libSYS_LIB.a(heap_4.c.obj)
 .ARM.attributes
                0x0000022a       0x34 libSYS_LIB.a(port.c.obj)
 .ARM.attributes
                0x0000025e       0x21 libSYS_LIB.a(startup_stm32f407xx.s.obj)
 .ARM.attributes
                0x0000027f       0x34 libSYS_LIB.a(system_stm32f4xx.c.obj)
 .ARM.attributes
                0x000002b3       0x34 libSYS_LIB.a(list.c.obj)
 .ARM.attributes
                0x000002e7       0x34 libSYS_LIB.a(queue.c.obj)
 .ARM.attributes
                0x0000031b       0x34 libHAL_LIB.a(stm32f4xx_hal.c.obj)
 .ARM.attributes
                0x0000034f       0x34 libHAL_LIB.a(stm32f4xx_hal_can.c.obj)
 .ARM.attributes
                0x00000383       0x34 libHAL_LIB.a(stm32f4xx_hal_cortex.c.obj)
 .ARM.attributes
                0x000003b7       0x34 libHAL_LIB.a(stm32f4xx_hal_gpio.c.obj)
 .ARM.attributes
                0x000003eb       0x34 libHAL_LIB.a(stm32f4xx_hal_rcc.c.obj)
 .ARM.attributes
                0x0000041f       0x34 libHAL_LIB.a(stm32f4xx_hal_tim.c.obj)
 .ARM.attributes
                0x00000453       0x34 libHAL_LIB.a(stm32f4xx_hal_tim_ex.c.obj)
 .ARM.attributes
                0x00000487       0x34 libHAL_LIB.a(stm32f4xx_hal_uart.c.obj)
 .ARM.attributes
                0x000004bb       0x34 libHAL_LIB.a(stm32f4xx_hal_dma.c.obj)
 .ARM.attributes
                0x000004ef       0x34 libCANOPEN_LIB.a(CO_app_STM32.c.obj)
 .ARM.attributes
                0x00000523       0x34 libCANOPEN_LIB.a(CO_driver_STM32.c.obj)
 .ARM.attributes
                0x00000557       0x34 libCANOPEN_LIB.a(OD.c.obj)
 .ARM.attributes
                0x0000058b       0x34 libCANOPEN_LIB.a(CANopen.c.obj)
 .ARM.attributes
                0x000005bf       0x34 libCANOPEN_LIB.a(CO_Emergency.c.obj)
 .ARM.attributes
                0x000005f3       0x34 libCANOPEN_LIB.a(CO_HBconsumer.c.obj)
 .ARM.attributes
                0x00000627       0x34 libCANOPEN_LIB.a(CO_NMT_Heartbeat.c.obj)
 .ARM.attributes
                0x0000065b       0x34 libCANOPEN_LIB.a(CO_ODinterface.c.obj)
 .ARM.attributes
                0x0000068f       0x34 libCANOPEN_LIB.a(CO_PDO.c.obj)
 .ARM.attributes
                0x000006c3       0x34 libCANOPEN_LIB.a(CO_SDOserver.c.obj)
 .ARM.attributes
                0x000006f7       0x34 libCANOPEN_LIB.a(CO_SYNC.c.obj)
 .ARM.attributes
                0x0000072b       0x34 libCANOPEN_LIB.a(CO_TIME.c.obj)
 .ARM.attributes
                0x0000075f       0x34 libCANOPEN_LIB.a(CO_LEDs.c.obj)
 .ARM.attributes
                0x00000793       0x34 libCANOPEN_LIB.a(CO_LSSslave.c.obj)
 .ARM.attributes
                0x000007c7       0x22 /usr/lib/gcc/arm-none-eabi/15.2.0/thumb/v7e-m+fp/hard/libgcc.a(_aeabi_uldivmod.o)
 .ARM.attributes
                0x000007e9       0x34 /usr/lib/gcc/arm-none-eabi/15.2.0/thumb/v7e-m+fp/hard/libgcc.a(_udivmoddi4.o)
 .ARM.attributes
                0x0000081d       0x22 /usr/lib/gcc/arm-none-eabi/15.2.0/thumb/v7e-m+fp/hard/libgcc.a(_dvmd_tls.o)
 .ARM.attributes
                0x0000083f       0x34 /usr/lib/gcc/arm-none-eabi/15.2.0/../../../../arm-none-eabi/lib/thumb/v7e-m+fp/hard/libg_nano.a(libc_a-calloc.o)
 .ARM.attributes
                0x00000873       0x34 /usr/lib/gcc/arm-none-eabi/15.2.0/../../../../arm-none-eabi/lib/thumb/v7e-m+fp/hard/libg_nano.a(libc_a-callocr.o)
 .ARM.attributes
                0x000008a7       0x34 /usr/lib/gcc/arm-none-eabi/15.2.0/../../../../arm-none-eabi/lib/thumb/v7e-m+fp/hard/libg_nano.a(libc_a-malloc.o)
 .ARM.attributes
                0x000008db       0x34 /usr/lib/gcc/arm-none-eabi/15.2.0/../../../../arm-none-eabi/lib/thumb/v7e-m+fp/hard/libg_nano.a(libc_a-mallocr.o)
 .ARM.attributes
                0x0000090f       0x34 /usr/lib/gcc/arm-none-eabi/15.2.0/../../../../arm-none-eabi/lib/thumb/v7e-m+fp/hard/libg_nano.a(libc_a-mlock.o)
 .ARM.attributes
                0x00000943       0x34 /usr/lib/gcc/arm-none-eabi/15.2.0/../../../../arm-none-eabi/lib/thumb/v7e-m+fp/hard/libg_nano.a(libc_a-fflush.o)
 .ARM.attributes
                0x00000977       0x34 /usr/lib/gcc/arm-none-eabi/15.2.0/../../../../arm-none-eabi/lib/thumb/v7e-m+fp/hard/libg_nano.a(libc_a-findfp.o)
 .ARM.attributes
                0x000009ab       0x34 /usr/lib/gcc/arm-none-eabi/15.2.0/../../../../arm-none-eabi/lib/thumb/v7e-m+fp/hard/libg_nano.a(libc_a-fwalk.o)
 .ARM.attributes
                0x000009df       0x34 /usr/lib/gcc/arm-none-eabi/15.2.0/../../../../arm-none-eabi/lib/thumb/v7e-m+fp/hard/libg_nano.a(libc_a-printf.o)
 .ARM.attributes
                0x00000a13       0x34 /usr/lib/gcc/arm-none-eabi/15.2.0/../../../../arm-none-eabi/lib/thumb/v7e-m+fp/hard/libg_nano.a(libc_a-puts.o)
 .ARM.attributes
                0x00000a47       0x34 /usr/lib/gcc/arm-none-eabi/15.2.0/../../../../arm-none-eabi/lib/thumb/v7e-m+fp/hard/libg_nano.a(libc_a-stdio.o)
 .ARM.attributes
                0x00000a7b       0x34 /usr/lib/gcc/arm-none-eabi/15.2.0/../../../../arm-none-eabi/lib/thumb/v7e-m+fp/hard/libg_nano.a(libc_a-wbuf.o)
 .ARM.attributes
                0x00000aaf       0x34 /usr/lib/gcc/arm-none-eabi/15.2.0/../../../../arm-none-eabi/lib/thumb/v7e-m+fp/hard/libg_nano.a(libc_a-wsetup.o)
 .ARM.attributes
                0x00000ae3       0x34 /usr/lib/gcc/arm-none-eabi/15.2.0/../../../../arm-none-eabi/lib/thumb/v7e-m+fp/hard/libg_nano.a(libc_a-memmove.o)
 .ARM.attributes
                0x00000b17       0x34 /usr/lib/gcc/arm-none-eabi/15.2.0/../../../../arm-none-eabi/lib/thumb/v7e-m+fp/hard/libg_nano.a(libc_a-memset.o)
 .ARM.attributes
                0x00000b4b       0x34 /usr/lib/gcc/arm-none-eabi/15.2.0/../../../../arm-none-eabi/lib/thumb/v7e-m+fp/hard/libg_nano.a(libc_a-closer.o)
 .ARM.attributes
                0x00000b7f       0x34 /usr/lib/gcc/arm-none-eabi/15.2.0/../../../../arm-none-eabi/lib/thumb/v7e-m+fp/hard/libg_nano.a(libc_a-reent.o)
 .ARM.attributes
                0x00000bb3       0x34 /usr/lib/gcc/arm-none-eabi/15.2.0/../../../../arm-none-eabi/lib/thumb/v7e-m+fp/hard/libg_nano.a(libc_a-impure.o)
 .ARM.attributes
                0x00000be7       0x34 /usr/lib/gcc/arm-none-eabi/15.2.0/../../../../arm-none-eabi/lib/thumb/v7e-m+fp/hard/libg_nano.a(libc_a-lseekr.o)
 .ARM.attributes
                0x00000c1b       0x34 /usr/lib/gcc/arm-none-eabi/15.2.0/../../../../arm-none-eabi/lib/thumb/v7e-m+fp/hard/libg_nano.a(libc_a-readr.o)
 .ARM.attributes
                0x00000c4f       0x34 /usr/lib/gcc/arm-none-eabi/15.2.0/../../../../arm-none-eabi/lib/thumb/v7e-m+fp/hard/libg_nano.a(libc_a-sbrkr.o)
 .ARM.attributes
                0x00000c83       0x34 /usr/lib/gcc/arm-none-eabi/15.2.0/../../../../arm-none-eabi/lib/thumb/v7e-m+fp/hard/libg_nano.a(libc_a-writer.o)
 .ARM.attributes
                0x00000cb7       0x34 /usr/lib/gcc/arm-none-eabi/15.2.0/../../../../arm-none-eabi/lib/thumb/v7e-m+fp/hard/libg_nano.a(libc_a-init.o)
 .ARM.attributes
                0x00000ceb       0x34 /usr/lib/gcc/arm-none-eabi/15.2.0/../../../../arm-none-eabi/lib/thumb/v7e-m+fp/hard/libg_nano.a(libc_a-lock.o)
 .ARM.attributes
                0x00000d1f       0x34 /usr/lib/gcc/arm-none-eabi/15.2.0/../../../../arm-none-eabi/lib/thumb/v7e-m+fp/hard/libg_nano.a(libc_a-memcpy-stub.o)
 .ARM.attributes
                0x00000d53       0x17 /usr/lib/gcc/arm-none-eabi/15.2.0/../../../../arm-none-eabi/lib/thumb/v7e-m+fp/hard/libg_nano.a(libc_a-strlen.o)
 .ARM.attributes
                0x00000d6a       0x34 /usr/lib/gcc/arm-none-eabi/15.2.0/../../../../arm-none-eabi/lib/thumb/v7e-m+fp/hard/libg_nano.a(libc_a-freer.o)
 .ARM.attributes
                0x00000d9e       0x34 /usr/lib/gcc/arm-none-eabi/15.2.0/../../../../arm-none-eabi/lib/thumb/v7e-m+fp/hard/libg_nano.a(libc_a-nano-vfprintf.o)
 .ARM.attributes
                0x00000dd2       0x34 /usr/lib/gcc/arm-none-eabi/15.2.0/../../../../arm-none-eabi/lib/thumb/v7e-m+fp/hard/libg_nano.a(libc_a-nano-vfprintf_i.o)
 .ARM.attributes
                0x00000e06       0x34 /usr/lib/gcc/arm-none-eabi/15.2.0/../../../../arm-none-eabi/lib/thumb/v7e-m+fp/hard/libg_nano.a(libc_a-makebuf.o)
 .ARM.attributes
                0x00000e3a       0x34 /usr/lib/gcc/arm-none-eabi/15.2.0/../../../../arm-none-eabi/lib/thumb/v7e-m+fp/hard/libg_nano.a(libc_a-fstatr.o)
 .ARM.attributes
                0x00000e6e       0x34 /usr/lib/gcc/arm-none-eabi/15.2.0/../../../../arm-none-eabi/lib/thumb/v7e-m+fp/hard/libg_nano.a(libc_a-isattyr.o)
 .ARM.attributes
                0x00000ea2       0x1c /usr/lib/gcc/arm-none-eabi/15.2.0/../../../../arm-none-eabi/lib/thumb/v7e-m+fp/hard/libg_nano.a(libc_a-memchr.o)
 .ARM.attributes
                0x00000ebe       0x34 /usr/lib/gcc/arm-none-eabi/15.2.0/thumb/v7e-m+fp/hard/crtend.o
 .ARM.attributes
                0x00000ef2       0x22 /usr/lib/gcc/arm-none-eabi/15.2.0/thumb/v7e-m+fp/hard/crtn.o

.comment        0x00000000       0x46
 .comment       0x00000000       0x46 /usr/lib/gcc/arm-none-eabi/15.2.0/thumb/v7e-m+fp/hard/crtbegin.o
                                 0x24 (size before relaxing)
 .comment       0x00000046        0x0 CMakeFiles/MyStm32F407Project.elf.dir/Core/Src/app.c.obj
                                 0x24 (size before relaxing)
 .comment       0x00000046        0x0 CMakeFiles/MyStm32F407Project.elf.dir/Core/Src/bsp.c.obj
                                 0x24 (size before relaxing)
 .comment       0x00000046        0x0 CMakeFiles/MyStm32F407Project.elf.dir/Core/Src/main.c.obj
                                 0x24 (size before relaxing)
 .comment       0x00000046        0x0 CMakeFiles/MyStm32F407Project.elf.dir/Core/Src/stm32f4xx_hal_msp.c.obj
                                 0x24 (size before relaxing)
 .comment       0x00000046        0x0 CMakeFiles/MyStm32F407Project.elf.dir/Core/Src/stm32f4xx_it.c.obj
                                 0x24 (size before relaxing)
 .comment       0x00000046        0x0 CMakeFiles/MyStm32F407Project.elf.dir/Core/Src/syscalls.c.obj
                                 0x24 (size before relaxing)
 .comment       0x00000046        0x0 libSYS_LIB.a(tasks.c.obj)
                                 0x24 (size before relaxing)
 .comment       0x00000046        0x0 libSYS_LIB.a(timers.c.obj)
                                 0x24 (size before relaxing)
 .comment       0x00000046        0x0 libSYS_LIB.a(heap_4.c.obj)
                                 0x24 (size before relaxing)
 .comment       0x00000046        0x0 libSYS_LIB.a(port.c.obj)
                                 0x24 (size before relaxing)
 .comment       0x00000046        0x0 libSYS_LIB.a(system_stm32f4xx.c.obj)
                                 0x24 (size before relaxing)
 .comment       0x00000046        0x0 libSYS_LIB.a(list.c.obj)
                                 0x24 (size before relaxing)
 .comment       0x00000046        0x0 libSYS_LIB.a(queue.c.obj)
                                 0x24 (size before relaxing)
 .comment       0x00000046        0x0 libHAL_LIB.a(stm32f4xx_hal.c.obj)
                                 0x24 (size before relaxing)
 .comment       0x00000046        0x0 libHAL_LIB.a(stm32f4xx_hal_can.c.obj)
                                 0x24 (size before relaxing)
 .comment       0x00000046        0x0 libHAL_LIB.a(stm32f4xx_hal_cortex.c.obj)
                                 0x24 (size before relaxing)
 .comment       0x00000046        0x0 libHAL_LIB.a(stm32f4xx_hal_gpio.c.obj)
                                 0x24 (size before relaxing)
 .comment       0x00000046        0x0 libHAL_LIB.a(stm32f4xx_hal_rcc.c.obj)
                                 0x24 (size before relaxing)
 .comment       0x00000046        0x0 libHAL_LIB.a(stm32f4xx_hal_tim.c.obj)
                                 0x24 (size before relaxing)
 .comment       0x00000046        0x0 libHAL_LIB.a(stm32f4xx_hal_tim_ex.c.obj)
                                 0x24 (size before relaxing)
 .comment       0x00000046        0x0 libHAL_LIB.a(stm32f4xx_hal_uart.c.obj)
                                 0x24 (size before relaxing)
 .comment       0x00000046        0x0 libHAL_LIB.a(stm32f4xx_hal_dma.c.obj)
                                 0x24 (size before relaxing)
 .comment       0x00000046        0x0 libCANOPEN_LIB.a(CO_app_STM32.c.obj)
                                 0x24 (size before relaxing)
 .comment       0x00000046        0x0 libCANOPEN_LIB.a(CO_driver_STM32.c.obj)
                                 0x24 (size before relaxing)
 .comment       0x00000046        0x0 libCANOPEN_LIB.a(OD.c.obj)
                                 0x24 (size before relaxing)
 .comment       0x00000046        0x0 libCANOPEN_LIB.a(CANopen.c.obj)
                                 0x24 (size before relaxing)
 .comment       0x00000046        0x0 libCANOPEN_LIB.a(CO_Emergency.c.obj)
                                 0x24 (size before relaxing)
 .comment       0x00000046        0x0 libCANOPEN_LIB.a(CO_HBconsumer.c.obj)
                                 0x24 (size before relaxing)
 .comment       0x00000046        0x0 libCANOPEN_LIB.a(CO_NMT_Heartbeat.c.obj)
                                 0x24 (size before relaxing)
 .comment       0x00000046        0x0 libCANOPEN_LIB.a(CO_ODinterface.c.obj)
                                 0x24 (size before relaxing)
 .comment       0x00000046        0x0 libCANOPEN_LIB.a(CO_PDO.c.obj)
                                 0x24 (size before relaxing)
 .comment       0x00000046        0x0 libCANOPEN_LIB.a(CO_SDOserver.c.obj)
                                 0x24 (size before relaxing)
 .comment       0x00000046        0x0 libCANOPEN_LIB.a(CO_SYNC.c.obj)
                                 0x24 (size before relaxing)
 .comment       0x00000046        0x0 libCANOPEN_LIB.a(CO_TIME.c.obj)
                                 0x24 (size before relaxing)
 .comment       0x00000046        0x0 libCANOPEN_LIB.a(CO_LEDs.c.obj)
                                 0x24 (size before relaxing)
 .comment       0x00000046        0x0 libCANOPEN_LIB.a(CO_LSSslave.c.obj)
                                 0x24 (size before relaxing)
 .comment       0x00000046        0x0 /usr/lib/gcc/arm-none-eabi/15.2.0/thumb/v7e-m+fp/hard/libgcc.a(_udivmoddi4.o)
                                 0x24 (size before relaxing)
 .comment       0x00000046        0x0 /usr/lib/gcc/arm-none-eabi/15.2.0/../../../../arm-none-eabi/lib/thumb/v7e-m+fp/hard/libg_nano.a(libc_a-calloc.o)
                                 0x24 (size before relaxing)
 .comment       0x00000046        0x0 /usr/lib/gcc/arm-none-eabi/15.2.0/../../../../arm-none-eabi/lib/thumb/v7e-m+fp/hard/libg_nano.a(libc_a-callocr.o)
                                 0x24 (size before relaxing)
 .comment       0x00000046        0x0 /usr/lib/gcc/arm-none-eabi/15.2.0/../../../../arm-none-eabi/lib/thumb/v7e-m+fp/hard/libg_nano.a(libc_a-malloc.o)
                                 0x24 (size before relaxing)
 .comment       0x00000046        0x0 /usr/lib/gcc/arm-none-eabi/15.2.0/../../../../arm-none-eabi/lib/thumb/v7e-m+fp/hard/libg_nano.a(libc_a-mallocr.o)
                                 0x24 (size before relaxing)
 .comment       0x00000046        0x0 /usr/lib/gcc/arm-none-eabi/15.2.0/../../../../arm-none-eabi/lib/thumb/v7e-m+fp/hard/libg_nano.a(libc_a-mlock.o)
                                 0x24 (size before relaxing)
 .comment       0x00000046        0x0 /usr/lib/gcc/arm-none-eabi/15.2.0/../../../../arm-none-eabi/lib/thumb/v7e-m+fp/hard/libg_nano.a(libc_a-fflush.o)
                                 0x24 (size before relaxing)
 .comment       0x00000046        0x0 /usr/lib/gcc/arm-none-eabi/15.2.0/../../../../arm-none-eabi/lib/thumb/v7e-m+fp/hard/libg_nano.a(libc_a-findfp.o)
                                 0x24 (size before relaxing)
 .comment       0x00000046        0x0 /usr/lib/gcc/arm-none-eabi/15.2.0/../../../../arm-none-eabi/lib/thumb/v7e-m+fp/hard/libg_nano.a(libc_a-fwalk.o)
                                 0x24 (size before relaxing)
 .comment       0x00000046        0x0 /usr/lib/gcc/arm-none-eabi/15.2.0/../../../../arm-none-eabi/lib/thumb/v7e-m+fp/hard/libg_nano.a(libc_a-printf.o)
                                 0x24 (size before relaxing)
 .comment       0x00000046        0x0 /usr/lib/gcc/arm-none-eabi/15.2.0/../../../../arm-none-eabi/lib/thumb/v7e-m+fp/hard/libg_nano.a(libc_a-puts.o)
                                 0x24 (size before relaxing)
 .comment       0x00000046        0x0 /usr/lib/gcc/arm-none-eabi/15.2.0/../../../../arm-none-eabi/lib/thumb/v7e-m+fp/hard/libg_nano.a(libc_a-stdio.o)
                                 0x24 (size before relaxing)
 .comment       0x00000046        0x0 /usr/lib/gcc/arm-none-eabi/15.2.0/../../../../arm-none-eabi/lib/thumb/v7e-m+fp/hard/libg_nano.a(libc_a-wbuf.o)
                                 0x24 (size before relaxing)
 .comment       0x00000046        0x0 /usr/lib/gcc/arm-none-eabi/15.2.0/../../../../arm-none-eabi/lib/thumb/v7e-m+fp/hard/libg_nano.a(libc_a-wsetup.o)
                                 0x24 (size before relaxing)
 .comment       0x00000046        0x0 /usr/lib/gcc/arm-none-eabi/15.2.0/../../../../arm-none-eabi/lib/thumb/v7e-m+fp/hard/libg_nano.a(libc_a-memmove.o)
                                 0x24 (size before relaxing)
 .comment       0x00000046        0x0 /usr/lib/gcc/arm-none-eabi/15.2.0/../../../../arm-none-eabi/lib/thumb/v7e-m+fp/hard/libg_nano.a(libc_a-memset.o)
                                 0x24 (size before relaxing)
 .comment       0x00000046        0x0 /usr/lib/gcc/arm-none-eabi/15.2.0/../../../../arm-none-eabi/lib/thumb/v7e-m+fp/hard/libg_nano.a(libc_a-closer.o)
                                 0x24 (size before relaxing)
 .comment       0x00000046        0x0 /usr/lib/gcc/arm-none-eabi/15.2.0/../../../../arm-none-eabi/lib/thumb/v7e-m+fp/hard/libg_nano.a(libc_a-reent.o)
                                 0x24 (size before relaxing)
 .comment       0x00000046        0x0 /usr/lib/gcc/arm-none-eabi/15.2.0/../../../../arm-none-eabi/lib/thumb/v7e-m+fp/hard/libg_nano.a(libc_a-impure.o)
                                 0x24 (size before relaxing)
 .comment       0x00000046        0x0 /usr/lib/gcc/arm-none-eabi/15.2.0/../../../../arm-none-eabi/lib/thumb/v7e-m+fp/hard/libg_nano.a(libc_a-lseekr.o)
                                 0x24 (size before relaxing)
 .comment       0x00000046        0x0 /usr/lib/gcc/arm-none-eabi/15.2.0/../../../../arm-none-eabi/lib/thumb/v7e-m+fp/hard/libg_nano.a(libc_a-readr.o)
                                 0x24 (size before relaxing)
 .comment       0x00000046        0x0 /usr/lib/gcc/arm-none-eabi/15.2.0/../../../../arm-none-eabi/lib/thumb/v7e-m+fp/hard/libg_nano.a(libc_a-sbrkr.o)
                                 0x24 (size before relaxing)
 .comment       0x00000046        0x0 /usr/lib/gcc/arm-none-eabi/15.2.0/../../../../arm-none-eabi/lib/thumb/v7e-m+fp/hard/libg_nano.a(libc_a-writer.o)
                                 0x24 (size before relaxing)
 .comment       0x00000046        0x0 /usr/lib/gcc/arm-none-eabi/15.2.0/../../../../arm-none-eabi/lib/thumb/v7e-m+fp/hard/libg_nano.a(libc_a-init.o)
                                 0x24 (size before relaxing)
 .comment       0x00000046        0x0 /usr/lib/gcc/arm-none-eabi/15.2.0/../../../../arm-none-eabi/lib/thumb/v7e-m+fp/hard/libg_nano.a(libc_a-lock.o)
                                 0x24 (size before relaxing)
 .comment       0x00000046        0x0 /usr/lib/gcc/arm-none-eabi/15.2.0/../../../../arm-none-eabi/lib/thumb/v7e-m+fp/hard/libg_nano.a(libc_a-memcpy-stub.o)
                                 0x24 (size before relaxing)
 .comment       0x00000046        0x0 /usr/lib/gcc/arm-none-eabi/15.2.0/../../../../arm-none-eabi/lib/thumb/v7e-m+fp/hard/libg_nano.a(libc_a-freer.o)
                                 0x24 (size before relaxing)
 .comment       0x00000046        0x0 /usr/lib/gcc/arm-none-eabi/15.2.0/../../../../arm-none-eabi/lib/thumb/v7e-m+fp/hard/libg_nano.a(libc_a-nano-vfprintf.o)
                                 0x24 (size before relaxing)
 .comment       0x00000046        0x0 /usr/lib/gcc/arm-none-eabi/15.2.0/../../../../arm-none-eabi/lib/thumb/v7e-m+fp/hard/libg_nano.a(libc_a-nano-vfprintf_i.o)
                                 0x24 (size before relaxing)
 .comment       0x00000046        0x0 /usr/lib/gcc/arm-none-eabi/15.2.0/../../../../arm-none-eabi/lib/thumb/v7e-m+fp/hard/libg_nano.a(libc_a-makebuf.o)
                                 0x24 (size before relaxing)
 .comment       0x00000046        0x0 /usr/lib/gcc/arm-none-eabi/15.2.0/../../../../arm-none-eabi/lib/thumb/v7e-m+fp/hard/libg_nano.a(libc_a-fstatr.o)
                                 0x24 (size before relaxing)
 .comment       0x00000046        0x0 /usr/lib/gcc/arm-none-eabi/15.2.0/../../../../arm-none-eabi/lib/thumb/v7e-m+fp/hard/libg_nano.a(libc_a-isattyr.o)
                                 0x24 (size before relaxing)
 .comment       0x00000046        0x0 /usr/lib/gcc/arm-none-eabi/15.2.0/thumb/v7e-m+fp/hard/crtend.o
                                 0x24 (size before relaxing)

.debug_info     0x00000000    0x37e8a
 .debug_info    0x00000000     0x207a CMakeFiles/MyStm32F407Project.elf.dir/Core/Src/app.c.obj
 .debug_info    0x0000207a     0x13df CMakeFiles/MyStm32F407Project.elf.dir/Core/Src/bsp.c.obj