Archive member included to satisfy reference by file (symbol)

libSYS_LIB.a(tasks.c.obj)     CMakeFiles/MyStm32F407Project.elf.dir/Core/Src/app.c.obj (xTaskCreate)
libSYS_LIB.a(timers.c.obj)    libSYS_LIB.a(tasks.c.obj) (xTimerCreateTimerTask)
libSYS_LIB.a(heap_4.c.obj)    libSYS_LIB.a(tasks.c.obj) (pvPortMalloc)
libSYS_LIB.a(port.c.obj)      libSYS_LIB.a(tasks.c.obj) (pxPortInitialiseStack)
libSYS_LIB.a(startup_stm32f407xx.s.obj)
                              (Reset_Handler)
libSYS_LIB.a(system_stm32f4xx.c.obj)
                              libSYS_LIB.a(startup_stm32f407xx.s.obj) (SystemInit)
libSYS_LIB.a(list.c.obj)      libSYS_LIB.a(tasks.c.obj) (vListInitialise)
libSYS_LIB.a(queue.c.obj)     libSYS_LIB.a(timers.c.obj) (xQueueGenericCreate)
libHAL_LIB.a(stm32f4xx_hal.c.obj)
                              CMakeFiles/MyStm32F407Project.elf.dir/Core/Src/bsp.c.obj (HAL_Init)
libHAL_LIB.a(stm32f4xx_hal_cortex.c.obj)
                              libHAL_LIB.a(stm32f4xx_hal.c.obj) (HAL_NVIC_SetPriorityGrouping)
libHAL_LIB.a(stm32f4xx_hal_gpio.c.obj)
                              CMakeFiles/MyStm32F407Project.elf.dir/Core/Src/bsp.c.obj (HAL_GPIO_Init)
libHAL_LIB.a(stm32f4xx_hal_rcc.c.obj)
                              CMakeFiles/MyStm32F407Project.elf.dir/Core/Src/bsp.c.obj (HAL_RCC_OscConfig)
libHAL_LIB.a(stm32f4xx_hal_tim.c.obj)
                              CMakeFiles/MyStm32F407Project.elf.dir/Core/Src/bsp.c.obj (HAL_TIM_Base_Init)
libHAL_LIB.a(stm32f4xx_hal_tim_ex.c.obj)
                              libHAL_LIB.a(stm32f4xx_hal_tim.c.obj) (TIMEx_DMACommutationCplt)
libHAL_LIB.a(stm32f4xx_hal_uart.c.obj)
                              CMakeFiles/MyStm32F407Project.elf.dir/Core/Src/bsp.c.obj (HAL_UART_Init)
libHAL_LIB.a(stm32f4xx_hal_dma.c.obj)
                              libHAL_LIB.a(stm32f4xx_hal_tim.c.obj) (HAL_DMA_Start_IT)
/usr/lib/gcc/arm-none-eabi/15.2.0/thumb/v7e-m+fp/hard/libgcc.a(_aeabi_uldivmod.o)
                              libHAL_LIB.a(stm32f4xx_hal_rcc.c.obj) (__aeabi_uldivmod)
/usr/lib/gcc/arm-none-eabi/15.2.0/thumb/v7e-m+fp/hard/libgcc.a(_udivmoddi4.o)
                              /usr/lib/gcc/arm-none-eabi/15.2.0/thumb/v7e-m+fp/hard/libgcc.a(_aeabi_uldivmod.o) (__udivmoddi4)
/usr/lib/gcc/arm-none-eabi/15.2.0/thumb/v7e-m+fp/hard/libgcc.a(_dvmd_tls.o)
                              /usr/lib/gcc/arm-none-eabi/15.2.0/thumb/v7e-m+fp/hard/libgcc.a(_aeabi_uldivmod.o) (__aeabi_ldiv0)
/usr/lib/gcc/arm-none-eabi/15.2.0/../../../../arm-none-eabi/lib/thumb/v7e-m+fp/hard/libg_nano.a(libc_a-atexit.o)
                              /usr/lib/gcc/arm-none-eabi/15.2.0/../../../../arm-none-eabi/lib/thumb/v7e-m+fp/hard/crt0.o (atexit)
/usr/lib/gcc/arm-none-eabi/15.2.0/../../../../arm-none-eabi/lib/thumb/v7e-m+fp/hard/libg_nano.a(libc_a-exit.o)
                              /usr/lib/gcc/arm-none-eabi/15.2.0/../../../../arm-none-eabi/lib/thumb/v7e-m+fp/hard/crt0.o (exit)
/usr/lib/gcc/arm-none-eabi/15.2.0/../../../../arm-none-eabi/lib/thumb/v7e-m+fp/hard/libg_nano.a(libc_a-findfp.o)
                              /usr/lib/gcc/arm-none-eabi/15.2.0/../../../../arm-none-eabi/lib/thumb/v7e-m+fp/hard/libg_nano.a(libc_a-exit.o) (__stdio_exit_handler)
/usr/lib/gcc/arm-none-eabi/15.2.0/../../../../arm-none-eabi/lib/thumb/v7e-m+fp/hard/libg_nano.a(libc_a-fwalk.o)
                              /usr/lib/gcc/arm-none-eabi/15.2.0/../../../../arm-none-eabi/lib/thumb/v7e-m+fp/hard/libg_nano.a(libc_a-findfp.o) (_fwalk_sglue)
/usr/lib/gcc/arm-none-eabi/15.2.0/../../../../arm-none-eabi/lib/thumb/v7e-m+fp/hard/libg_nano.a(libc_a-printf.o)
                              CMakeFiles/MyStm32F407Project.elf.dir/Core/Src/app.c.obj (printf)
/usr/lib/gcc/arm-none-eabi/15.2.0/../../../../arm-none-eabi/lib/thumb/v7e-m+fp/hard/libg_nano.a(libc_a-stdio.o)
                              /usr/lib/gcc/arm-none-eabi/15.2.0/../../../../arm-none-eabi/lib/thumb/v7e-m+fp/hard/libg_nano.a(libc_a-findfp.o) (__sread)
/usr/lib/gcc/arm-none-eabi/15.2.0/../../../../arm-none-eabi/lib/thumb/v7e-m+fp/hard/libg_nano.a(libc_a-memset.o)
                              /usr/lib/gcc/arm-none-eabi/15.2.0/../../../../arm-none-eabi/lib/thumb/v7e-m+fp/hard/crt0.o (memset)
/usr/lib/gcc/arm-none-eabi/15.2.0/../../../../arm-none-eabi/lib/thumb/v7e-m+fp/hard/libg_nano.a(libc_a-closer.o)
                              /usr/lib/gcc/arm-none-eabi/15.2.0/../../../../arm-none-eabi/lib/thumb/v7e-m+fp/hard/libg_nano.a(libc_a-stdio.o) (_close_r)
/usr/lib/gcc/arm-none-eabi/15.2.0/../../../../arm-none-eabi/lib/thumb/v7e-m+fp/hard/libg_nano.a(libc_a-reent.o)
                              /usr/lib/gcc/arm-none-eabi/15.2.0/../../../../arm-none-eabi/lib/thumb/v7e-m+fp/hard/libg_nano.a(libc_a-closer.o) (errno)
/usr/lib/gcc/arm-none-eabi/15.2.0/../../../../arm-none-eabi/lib/thumb/v7e-m+fp/hard/libg_nano.a(libc_a-impure.o)
                              /usr/lib/gcc/arm-none-eabi/15.2.0/../../../../arm-none-eabi/lib/thumb/v7e-m+fp/hard/libg_nano.a(libc_a-printf.o) (_impure_ptr)
[...]
Memory Configuration

Name             Origin             Length             Attributes
RAM              0x20000000         0x00020000         xrw
CCMRAM           0x10000000         0x00010000         xrw
FLASH            0x08000000         0x00100000         xr
*default*        0x00000000         0xffffffff

Linker script and memory map

LOAD /usr/lib/gcc/arm-none-eabi/15.2.0/thumb/v7e-m+fp/hard/crti.o
LOAD /usr/lib/gcc/arm-none-eabi/15.2.0/thumb/v7e-m+fp/hard/crtbegin.o
LOAD /usr/lib/gcc/arm-none-eabi/15.2.0/../../../../arm-none-eabi/lib/thumb/v7e-m+fp/hard/crt0.o
LOAD CMakeFiles/MyStm32F407Project.elf.dir/Core/Src/app.c.obj
LOAD CMakeFiles/MyStm32F407Project.elf.dir/Core/Src/bsp.c.obj
LOAD CMakeFiles/MyStm32F407Project.elf.dir/Core/Src/main.c.obj
LOAD CMakeFiles/MyStm32F407Project.elf.dir/Core/Src/stm32f4xx_hal_msp.c.obj
LOAD CMakeFiles/MyStm32F407Project.elf.dir/Core/Src/stm32f4xx_it.c.obj
LOAD CMakeFiles/MyStm32F407Project.elf.dir/Core/Src/syscalls.c.obj
LOAD libSYS_LIB.a
LOAD libHAL_LIB.a
LOAD libSYS_LIB.a
START GROUP
LOAD /usr/lib/gcc/arm-none-eabi/15.2.0/thumb/v7e-m+fp/hard/libgcc.a
LOAD /usr/lib/gcc/arm-none-eabi/15.2.0/../../../../arm-none-eabi/lib/thumb/v7e-m+fp/hard/libg_nano.a
LOAD /usr/lib/gcc/arm-none-eabi/15.2.0/../../../../arm-none-eabi/lib/thumb/v7e-m+fp/hard/libc_nano.a
END GROUP
START GROUP
LOAD /usr/lib/gcc/arm-none-eabi/15.2.0/thumb/v7e-m+fp/hard/libgcc.a
LOAD /usr/lib/gcc/arm-none-eabi/15.2.0/../../../../arm-none-eabi/lib/thumb/v7e-m+fp/hard/libc_nano.a
END GROUP
LOAD /usr/lib/gcc/arm-none-eabi/15.2.0/thumb/v7e-m+fp/hard/crtend.o
LOAD /usr/lib/gcc/arm-none-eabi/15.2.0/thumb/v7e-m+fp/hard/crtn.o
                0x20020000                        _estack = (ORIGIN (RAM) + LENGTH (RAM))
                0x2001fc00                        _sstack = (_estack - _Min_Stack_Size)
                0x00000200                        _Min_Heap_Size = 0x200
                0x00000400                        _Min_Stack_Size = 0x400

.isr_vector     0x08000000      0x188
                0x08000000                        . = ALIGN (0x4)
 *(.isr_vector)
 .isr_vector    0x08000000      0x188 libSYS_LIB.a(startup_stm32f407xx.s.obj)
                0x08000000                g_pfnVectors
                0x08000188                        . = ALIGN (0x4)

.text           0x08000190    0x144ac
                0x08000190                        . = ALIGN (0x4)
 *(.text)
 .text          0x08000190       0x88 /usr/lib/gcc/arm-none-eabi/15.2.0/thumb/v7e-m+fp/hard/crtbegin.o
 .text          0x08000218     0x2a04 libSYS_LIB.a(tasks.c.obj)
                0x08000218                xTaskCreate
                0x080004d8                vTaskDelete
                0x08000604                xTaskDelayUntil
                0x08000708                vTaskDelay
                0x08000774                uxTaskPriorityGet
                0x080007ac                uxTaskPriorityGetFromISR
                0x08000808                vTaskPrioritySet
                0x080009b0                vTaskSuspend
                0x08000b58                vTaskResume
                0x08000c64                xTaskResumeFromISR
                0x08000da4                vTaskStartScheduler
                0x08000e48                vTaskEndScheduler
                0x08000e78                vTaskSuspendAll
                0x08000e94                xTaskResumeAll
                0x0800108c                xTaskGetTickCount
                0x080010a8                xTaskGetTickCountFromISR
                0x080010cc                uxTaskGetNumberOfTasks
                0x080010e0                pcTaskGetName
                0x0800112c                xTaskCatchUpTicks
                0x08001184                xTaskIncrementTick
                0x080013c4                vTaskSwitchContext
                0x0800147c                vTaskPlaceOnEventList
                0x080014c8                vTaskPlaceOnUnorderedEventList
                0x08001578                vTaskPlaceOnEventListRestricted
                0x08001604                xTaskRemoveFromEventList
                0x080017b0                vTaskRemoveFromUnorderedEventList
                0x08001934                vTaskSetTimeOutState
                0x08001984                vTaskInternalSetTimeOutState
                0x080019b0                xTaskCheckForTimeOut
                0x08001a80                vTaskMissedYield
                0x08001ac8                vTaskSetThreadLocalStoragePointer
                0x08001b2c                pvTaskGetThreadLocalStoragePointer
                0x08001cac                xTaskGetCurrentTaskHandle
                0x08001cc8                xTaskGetSchedulerState
                0x08001d04                xTaskPriorityInherit
                0x08001e40                xTaskPriorityDisinherit
                0x08001f8c                vTaskPriorityDisinheritAfterTimeout
                0x08002100                uxTaskResetEventItemValue
                0x08002130                pvTaskIncrementMutexHeldCount
                0x08002158                ulTaskGenericNotifyTake
                0x08002228                xTaskGenericNotifyWait
                0x08002328                xTaskGenericNotify
                0x08002578                xTaskGenericNotifyFromISR
                0x08002838                vTaskGenericNotifyGiveFromISR
                0x08002a48                xTaskGenericNotifyStateClear
                0x08002ac0                ulTaskGenericNotifyValueClear
 .text          0x08002c1c      0x900 libSYS_LIB.a(timers.c.obj)
                0x08002c1c                xTimerCreateTimerTask
                0x08002c84                xTimerCreate
                0x08002d38                xTimerGenericCommand
                0x08002dd4                xTimerGetTimerDaemonTaskHandle
                0x08002e0c                xTimerGetPeriod
                0x08002e44                vTimerSetReloadMode
                0x08002eac                xTimerGetReloadMode
                0x08002f00                uxTimerGetReloadMode
                0x08002f18                xTimerGetExpiryTime
                0x08002f54                pcTimerGetName
                0x08003444                xTimerIsTimerActive
                0x08003498                pvTimerGetTimerID
                0x080034da                vTimerSetTimerID
 .text          0x0800351c      0x4e4 libSYS_LIB.a(heap_4.c.obj)
                0x0800351c                pvPortMalloc
                0x08003694                vPortFree
                0x08003748                xPortGetFreeHeapSize
                0x0800375c                xPortGetMinimumEverFreeHeapSize
                0x08003770                vPortInitialiseBlocks
                0x0800377c                pvPortCalloc
                0x08003944                vPortGetHeapStats
 .text          0x08003a00      0x4b8 libSYS_LIB.a(port.c.obj)
                0x08003a00                pxPortInitialiseStack
                0x08003ac0                SVC_Handler
                0x08003b0e                xPortStartScheduler
                0x08003c54                vPortEndScheduler
                0x08003c8c                vPortEnterCritical
                0x08003cec                vPortExitCritical
                0x08003d40                PendSV_Handler
                0x08003da6                SysTick_Handler
                0x08003dec                vPortSetupTimerInterrupt
                0x08003e36                vPortValidateInterruptPriority
 .text          0x08003eb8      0x120 libSYS_LIB.a(system_stm32f4xx.c.obj)
                0x08003eb8                SystemInit
                0x08003ed8                SystemCoreClockUpdate
 .text          0x08003fd8      0x15e libSYS_LIB.a(list.c.obj)
                0x08003fd8                vListInitialise
                0x08004016                vListInitialiseItem
                0x0800402e                vListInsertEnd
                0x08004074                vListInsert
                0x080040e4                uxListRemove
 *fill*         0x08004136        0x2 
 .text          0x08004138     0x1830 libSYS_LIB.a(queue.c.obj)
                0x08004138                xQueueGenericReset
                0x0800425c                xQueueGenericCreate
                0x08004372                xQueueCreateMutex
                0x080043a2                xQueueGiveMutexRecursive
                0x0800440c                xQueueTakeMutexRecursive
                0x0800447a                xQueueCreateCountingSemaphore
                0x080044d8                xQueueGenericSend
                0x08004714                xQueueGenericSendFromISR
                0x080048ae                xQueueGiveFromISR
                0x08004a20                xQueueReceive
                0x08004be4                xQueueSemaphoreTake
                0x08004de4                xQueuePeek
                0x08004fac                xQueueReceiveFromISR
                0x080050e0                xQueuePeekFromISR
                0x080051b8                uxQueueMessagesWaiting
                0x080051f6                uxQueueSpacesAvailable
                0x0800523e                uxQueueMessagesWaitingFromISR
                0x0800527a                vQueueDelete
                0x080054f0                xQueueIsQueueEmptyFromISR
                0x08005568                xQueueIsQueueFullFromISR
                0x080055b4                vQueueAddToRegistry
                0x08005650                pcQueueGetName
                0x080056b8                vQueueUnregisterQueue
                0x08005728                vQueueWaitForMessageRestricted
                0x08005790                xQueueCreateSet
                0x080057ae                xQueueAddToSet
                0x080057f0                xQueueRemoveFromSet
                0x08005838                xQueueSelectFromSet
                0x0800585e                xQueueSelectFromSetFromISR
 .text          0x08005968      0x3a0 libHAL_LIB.a(stm32f4xx_hal.c.obj)
                0x08005968                HAL_Init
                0x080059ac                HAL_DeInit
                0x08005a08                HAL_MspInit
                0x08005a14                HAL_MspDeInit
                0x08005a20                HAL_InitTick
                0x08005a80                HAL_IncTick
                0x08005aa4                HAL_GetTick
                0x08005ab8                HAL_GetTickPrio
                0x08005acc                HAL_SetTickFreq
                0x08005b1c                HAL_GetTickFreq
                0x08005b30                HAL_Delay
                0x08005b78                HAL_SuspendTick
                0x08005b94                HAL_ResumeTick
                0x08005bb0                HAL_GetHalVersion
                0x08005bc4                HAL_GetREVID
                0x08005bdc                HAL_GetDEVID
                0x08005bf4                HAL_DBGMCU_EnableDBGSleepMode
                0x08005c10                HAL_DBGMCU_DisableDBGSleepMode
                0x08005c2c                HAL_DBGMCU_EnableDBGStopMode
                0x08005c48                HAL_DBGMCU_DisableDBGStopMode
                0x08005c64                HAL_DBGMCU_EnableDBGStandbyMode
                0x08005c80                HAL_DBGMCU_DisableDBGStandbyMode
                0x08005c9c                HAL_EnableCompensationCell
                0x08005cb4                HAL_DisableCompensationCell
                0x08005ccc                HAL_GetUIDw0
                0x08005ce0                HAL_GetUIDw1
                0x08005cf4                HAL_GetUIDw2
 .text          0x08005d08      0x674 libHAL_LIB.a(stm32f4xx_hal_cortex.c.obj)
                0x080060d8                HAL_NVIC_SetPriorityGrouping
                0x080060ee                HAL_NVIC_SetPriority
                0x08006126                HAL_NVIC_EnableIRQ
                0x08006142                HAL_NVIC_DisableIRQ
                0x0800615e                HAL_NVIC_SystemReset
                0x08006166                HAL_SYSTICK_Config
                0x0800617e                HAL_MPU_Disable
                0x080061ac                HAL_MPU_Enable
                0x080061e8                HAL_MPU_ConfigRegion
                0x08006270                HAL_CORTEX_ClearEvent
                0x08006280                HAL_NVIC_GetPriorityGrouping
                0x0800628e                HAL_NVIC_GetPriority
                0x080062ba                HAL_NVIC_SetPendingIRQ
                0x080062d6                HAL_NVIC_GetPendingIRQ
                0x080062f4                HAL_NVIC_ClearPendingIRQ
                0x08006310                HAL_NVIC_GetActive
                0x0800632e                HAL_SYSTICK_CLKSourceConfig
                0x08006364                HAL_SYSTICK_IRQHandler
                0x08006370                HAL_SYSTICK_Callback
 .text          0x0800637c      0x64c libHAL_LIB.a(stm32f4xx_hal_gpio.c.obj)
                0x0800637c                HAL_GPIO_Init
                0x080066b0                HAL_GPIO_DeInit
                0x080068a4                HAL_GPIO_ReadPin
                0x080068d2                HAL_GPIO_WritePin
                0x08006902                HAL_GPIO_TogglePin
                0x08006934                HAL_GPIO_LockPin
                0x08006982                HAL_GPIO_EXTI_IRQHandler
                0x080069b4                HAL_GPIO_EXTI_Callback
 .text          0x080069c8      0xbf8 libHAL_LIB.a(stm32f4xx_hal_rcc.c.obj)
                0x080069c8                HAL_RCC_DeInit
                0x080069d6                HAL_RCC_OscConfig
                0x08006ec8                HAL_RCC_ClockConfig
                0x08007094                HAL_RCC_MCOConfig
                0x08007164                HAL_RCC_EnableCSS
                0x0800717c                HAL_RCC_DisableCSS
                0x08007194                HAL_RCC_GetSysClockFreq
                0x080073a0                HAL_RCC_GetHCLKFreq
                0x080073b4                HAL_RCC_GetPCLK1Freq
                0x080073dc                HAL_RCC_GetPCLK2Freq
                0x08007404                HAL_RCC_GetOscConfig
                0x0800752c                HAL_RCC_GetClockConfig
                0x0800758c                HAL_RCC_NMI_IRQHandler
                0x080075b4                HAL_RCC_CSSCallback
 .text          0x080075c0     0x5c40 libHAL_LIB.a(stm32f4xx_hal_tim.c.obj)
                0x080075c0                HAL_TIM_Base_Init
                0x0800765e                HAL_TIM_Base_DeInit
                0x08007718                HAL_TIM_Base_MspDeInit
                0x0800772a                HAL_TIM_Base_Start
                0x080077f8                HAL_TIM_Base_Stop
                0x08007844                HAL_TIM_Base_Start_IT
                0x08007920                HAL_TIM_Base_Stop_IT
                0x0800797c                HAL_TIM_Base_Start_DMA
                0x08007ac0                HAL_TIM_Base_Stop_DMA
                0x08007b24                HAL_TIM_OC_Init
                0x08007bc2                HAL_TIM_OC_DeInit
                0x08007c6a                HAL_TIM_OC_MspInit
                0x08007c7c                HAL_TIM_OC_MspDeInit
                0x08007c8e                HAL_TIM_OC_Start
                0x08007e20                HAL_TIM_OC_Stop
                0x08007f00                HAL_TIM_OC_Start_IT
                0x08008110                HAL_TIM_OC_Stop_IT
                0x08008270                HAL_TIM_OC_Start_DMA
                0x080085e4                HAL_TIM_OC_Stop_DMA
                0x0800876c                HAL_TIM_PWM_Init
                0x0800880a                HAL_TIM_PWM_DeInit
                0x080088b2                HAL_TIM_PWM_MspInit
                0x080088c4                HAL_TIM_PWM_MspDeInit
                0x080088d6                HAL_TIM_PWM_Start
                0x08008a68                HAL_TIM_PWM_Stop
                0x08008b48                HAL_TIM_PWM_Start_IT
                0x08008d58                HAL_TIM_PWM_Stop_IT
                0x08008eb8                HAL_TIM_PWM_Start_DMA
                0x0800922c                HAL_TIM_PWM_Stop_DMA
                0x080093b4                HAL_TIM_IC_Init
                0x08009452                HAL_TIM_IC_DeInit
                0x080094fa                HAL_TIM_IC_MspInit
                0x0800950c                HAL_TIM_IC_MspDeInit
                0x0800951e                HAL_TIM_IC_Start
                0x080096d0                HAL_TIM_IC_Stop
                0x08009792                HAL_TIM_IC_Start_IT
                0x080099c4                HAL_TIM_IC_Stop_IT
                0x08009b04                HAL_TIM_IC_Start_DMA
                0x08009e3c                HAL_TIM_IC_Stop_DMA
                0x08009fa4                HAL_TIM_OnePulse_Init
                0x0800a044                HAL_TIM_OnePulse_DeInit
                0x0800a0cc                HAL_TIM_OnePulse_MspInit
                0x0800a0de                HAL_TIM_OnePulse_MspDeInit
                0x0800a0f0                HAL_TIM_OnePulse_Start
                0x0800a1b4                HAL_TIM_OnePulse_Stop
                0x0800a28c                HAL_TIM_OnePulse_Start_IT
                0x0800a370                HAL_TIM_OnePulse_Stop_IT
                0x0800a468                HAL_TIM_Encoder_Init
                0x0800a5b4                HAL_TIM_Encoder_DeInit
                0x0800a63c                HAL_TIM_Encoder_MspInit
                0x0800a64e                HAL_TIM_Encoder_MspDeInit
                0x0800a660                HAL_TIM_Encoder_Start
                0x0800a77c                HAL_TIM_Encoder_Stop
                0x0800a8aa                HAL_TIM_Encoder_Start_IT
                0x0800aa06                HAL_TIM_Encoder_Stop_IT
                0x0800ab70                HAL_TIM_Encoder_Start_DMA
                0x0800ae48                HAL_TIM_Encoder_Stop_DMA
                0x0800afda                HAL_TIM_IRQHandler
                0x0800b1ba                HAL_TIM_OC_ConfigChannel
                0x0800b256                HAL_TIM_IC_ConfigChannel
                0x0800b38e                HAL_TIM_PWM_ConfigChannel
                0x0800b4fa                HAL_TIM_OnePulse_ConfigChannel
                0x0800b69e                HAL_TIM_DMABurst_WriteStart
                0x0800b6d2                HAL_TIM_DMABurst_MultiWriteStart
                0x0800b978                HAL_TIM_DMABurst_WriteStop
                0x0800ba6c                HAL_TIM_DMABurst_ReadStart
                0x0800baa0                HAL_TIM_DMABurst_MultiReadStart
                0x0800bd48                HAL_TIM_DMABurst_ReadStop
                0x0800be3c                HAL_TIM_GenerateEvent
                0x0800be88                HAL_TIM_ConfigOCrefClear
                0x0800c006                HAL_TIM_ConfigClockSource
                0x0800c194                HAL_TIM_ConfigTI1Input
                0x0800c1ca                HAL_TIM_SlaveConfigSynchro
                0x0800c24e                HAL_TIM_SlaveConfigSynchro_IT
                0x0800c2d2                HAL_TIM_ReadCapturedValue
                0x0800c34e                HAL_TIM_PeriodElapsedHalfCpltCallback
                0x0800c360                HAL_TIM_OC_DelayElapsedCallback
                0x0800c372                HAL_TIM_IC_CaptureCallback
                0x0800c384                HAL_TIM_IC_CaptureHalfCpltCallback
                0x0800c396                HAL_TIM_PWM_PulseFinishedCallback
                0x0800c3a8                HAL_TIM_PWM_PulseFinishedHalfCpltCallback
                0x0800c3ba                HAL_TIM_TriggerCallback
                0x0800c3cc                HAL_TIM_TriggerHalfCpltCallback
                0x0800c3de                HAL_TIM_ErrorCallback
                0x0800c3f0                HAL_TIM_Base_GetState
                0x0800c40a                HAL_TIM_OC_GetState
                0x0800c424                HAL_TIM_PWM_GetState
                0x0800c43e                HAL_TIM_IC_GetState
                0x0800c458                HAL_TIM_OnePulse_GetState
                0x0800c472                HAL_TIM_Encoder_GetState
                0x0800c48c                HAL_TIM_GetActiveChannel
                0x0800c4a2                HAL_TIM_GetChannelState
                0x0800c4f0                HAL_TIM_DMABurstState
                0x0800c50a                TIM_DMAError
                0x0800c644                TIM_DMADelayPulseHalfCplt
                0x0800c6ac                TIM_DMACaptureCplt
                0x0800c774                TIM_DMACaptureHalfCplt
                0x0800c870                TIM_Base_SetConfig
                0x0800caa4                TIM_OC2_SetConfig
                0x0800ce3e                TIM_TI1_SetConfig
                0x0800d178                TIM_ETR_SetConfig
                0x0800d1b6                TIM_CCxChannelCmd
 .text          0x0800d200     0x2390 libHAL_LIB.a(stm32f4xx_hal_tim_ex.c.obj)
                0x0800d200                HAL_TIMEx_HallSensor_Init
                0x0800d352                HAL_TIMEx_HallSensor_DeInit
                0x0800d3da                HAL_TIMEx_HallSensor_MspInit
                0x0800d3ec                HAL_TIMEx_HallSensor_MspDeInit
                0x0800d3fe                HAL_TIMEx_HallSensor_Start
                0x0800d51c                HAL_TIMEx_HallSensor_Stop
                0x0800d58c                HAL_TIMEx_HallSensor_Start_IT
                0x0800d6b8                HAL_TIMEx_HallSensor_Stop_IT
                0x0800d738                HAL_TIMEx_HallSensor_Start_DMA
                0x0800d8a4                HAL_TIMEx_HallSensor_Stop_DMA
                0x0800d91e                HAL_TIMEx_OCN_Start
                0x0800da90                HAL_TIMEx_OCN_Stop
                0x0800db4a                HAL_TIMEx_OCN_Start_IT
                0x0800dd2c                HAL_TIMEx_OCN_Stop_IT
                0x0800de6a                HAL_TIMEx_OCN_Start_DMA
                0x0800e168                HAL_TIMEx_OCN_Stop_DMA
                0x0800e2a0                HAL_TIMEx_PWMN_Start
                0x0800e414                HAL_TIMEx_PWMN_Stop
                0x0800e4ce                HAL_TIMEx_PWMN_Start_IT
                0x0800e6b0                HAL_TIMEx_PWMN_Stop_IT
                0x0800e7ee                HAL_TIMEx_PWMN_Start_DMA
                0x0800eaec                HAL_TIMEx_PWMN_Stop_DMA
                0x0800ec24                HAL_TIMEx_OnePulseN_Start
                0x0800ecd0                HAL_TIMEx_OnePulseN_Stop
                0x0800ed90                HAL_TIMEx_OnePulseN_Start_IT
                0x0800ee5c                HAL_TIMEx_OnePulseN_Stop_IT
                0x0800ef3c                HAL_TIMEx_ConfigCommutEvent
                0x0800effa                HAL_TIMEx_ConfigCommutEvent_IT
                0x0800f0b8                HAL_TIMEx_ConfigCommutEvent_DMA
                0x0800f19c                HAL_TIMEx_MasterConfigSynchronization
                0x0800f290                HAL_TIMEx_ConfigBreakDeadTime
                0x0800f332                HAL_TIMEx_RemapConfig
                0x0800f36e                HAL_TIMEx_CommutCallback
                0x0800f380                HAL_TIMEx_CommutHalfCpltCallback
                0x0800f392                HAL_TIMEx_BreakCallback
                0x0800f3a4                HAL_TIMEx_HallSensor_GetState
                0x0800f3be                HAL_TIMEx_GetChannelNState
                0x0800f40c                TIMEx_DMACommutationCplt
                0x0800f430                TIMEx_DMACommutationHalfCplt
 .text          0x0800f590     0x2d5c libHAL_LIB.a(stm32f4xx_hal_uart.c.obj)
                0x0800f590                HAL_UART_Init
                0x0800f630                HAL_HalfDuplex_Init
                0x0800f6e0                HAL_LIN_Init
                0x0800f7b2                HAL_MultiProcessor_Init
                0x0800f898                HAL_UART_DeInit
                0x0800f90e                HAL_UART_MspDeInit
                0x0800f920                HAL_UART_Transmit
                0x0800fa36                HAL_UART_Receive
                0x0800fb64                HAL_UART_Transmit_IT
                0x0800fbce                HAL_UART_Receive_IT
                0x0800fc18                HAL_UART_Transmit_DMA
                0x0800fcf8                HAL_UART_Receive_DMA
                0x0800fd42                HAL_UART_DMAPause
                0x0800fe72                HAL_UART_DMAResume
                0x0800ff8c                HAL_UART_DMAStop
                0x08010082                HAL_UARTEx_ReceiveToIdle
                0x0801022a                HAL_UARTEx_ReceiveToIdle_IT
                0x080102e4                HAL_UARTEx_ReceiveToIdle_DMA
                0x0801039e                HAL_UARTEx_GetRxEventType
                0x080103b4                HAL_UART_Abort
                0x0801058a                HAL_UART_AbortTransmit
                0x0801065a                HAL_UART_AbortReceive
                0x080107a0                HAL_UART_Abort_IT
                0x080109c8                HAL_UART_AbortTransmit_IT
                0x08010ab0                HAL_UART_AbortReceive_IT
                0x08010c14                HAL_UART_IRQHandler
                0x08011134                HAL_UART_TxCpltCallback
                0x08011146                HAL_UART_TxHalfCpltCallback
                0x08011158                HAL_UART_RxCpltCallback
                0x0801116a                HAL_UART_RxHalfCpltCallback
                0x0801117c                HAL_UART_ErrorCallback
                0x0801118e                HAL_UART_AbortCpltCallback
                0x080111a0                HAL_UART_AbortTransmitCpltCallback
                0x080111b2                HAL_UART_AbortReceiveCpltCallback
                0x080111c4                HAL_UARTEx_RxEventCallback
                0x080111da                HAL_LIN_SendBreak
                0x08011250                HAL_MultiProcessor_EnterMuteMode
                0x080112cc                HAL_MultiProcessor_ExitMuteMode
                0x08011348                HAL_HalfDuplex_EnableTransmitter
                0x080113ae                HAL_HalfDuplex_EnableReceiver
                0x08011414                HAL_UART_GetState
                0x0801144e                HAL_UART_GetError
                0x080117c0                UART_Start_Receive_IT
                0x08011832                UART_Start_Receive_DMA
 .text          0x080122ec      0xcb8 libHAL_LIB.a(stm32f4xx_hal_dma.c.obj)
                0x080122ec                HAL_DMA_Init
                0x08012448                HAL_DMA_DeInit
                0x08012504                HAL_DMA_Start
                0x0801257a                HAL_DMA_Start_IT
                0x0801262a                HAL_DMA_Abort
                0x0801270a                HAL_DMA_Abort_IT
                0x0801274c                HAL_DMA_PollForTransfer
                0x0801290a                HAL_DMA_IRQHandler
                0x08012c1c                HAL_DMA_RegisterCallback
                0x08012cca                HAL_DMA_UnRegisterCallback
                0x08012da4                HAL_DMA_GetState
                0x08012dbe                HAL_DMA_GetError
 .text          0x08012fa4       0x30 /usr/lib/gcc/arm-none-eabi/15.2.0/thumb/v7e-m+fp/hard/libgcc.a(_aeabi_uldivmod.o)
                0x08012fa4                __aeabi_uldivmod
 .text          0x08012fd4      0x320 /usr/lib/gcc/arm-none-eabi/15.2.0/thumb/v7e-m+fp/hard/libgcc.a(_udivmoddi4.o)
                0x08012fd4                __udivmoddi4
 .text          0x080132f4        0x4 /usr/lib/gcc/arm-none-eabi/15.2.0/thumb/v7e-m+fp/hard/libgcc.a(_dvmd_tls.o)
                0x080132f4                __aeabi_ldiv0
                0x080132f4                __aeabi_idiv0
 *fill*         0x080132f8        0x8 
 .text          0x08013300       0xa0 /usr/lib/gcc/arm-none-eabi/15.2.0/../../../../arm-none-eabi/lib/thumb/v7e-m+fp/hard/libg_nano.a(libc_a-memchr.o)
                0x08013300                memchr
 *(.text*)
 .text.vLedTask2
                0x080133a0       0x1c CMakeFiles/MyStm32F407Project.elf.dir/Core/Src/app.c.obj
 .text.vLedTask1
                0x080133bc       0x2c CMakeFiles/MyStm32F407Project.elf.dir/Core/Src/app.c.obj
 .text.APP_Init
                0x080133e8       0x40 CMakeFiles/MyStm32F407Project.elf.dir/Core/Src/app.c.obj
                0x080133e8                APP_Init
 .text.vApplicationTickHook
                0x08013428        0x8 CMakeFiles/MyStm32F407Project.elf.dir/Core/Src/app.c.obj
                0x08013428                vApplicationTickHook
 .text.HAL_TIM_PeriodElapsedCallback
                0x08013430       0x1c CMakeFiles/MyStm32F407Project.elf.dir/Core/Src/app.c.obj
                0x08013430                HAL_TIM_PeriodElapsedCallback
 .text.SystemClock_Config
                0x0801344c       0xb0 CMakeFiles/MyStm32F407Project.elf.dir/Core/Src/bsp.c.obj
 .text.MX_GPIO_Init
                0x080134fc       0x44 CMakeFiles/MyStm32F407Project.elf.dir/Core/Src/bsp.c.obj
 .text.MX_USART1_UART_Init
                0x08013540       0x34 CMakeFiles/MyStm32F407Project.elf.dir/Core/Src/bsp.c.obj
 .text.MX_TIM7_Init
                0x08013574       0x38 CMakeFiles/MyStm32F407Project.elf.dir/Core/Src/bsp.c.obj
 .text.BSP_Init
                0x080135ac       0x18 CMakeFiles/MyStm32F407Project.elf.dir/Core/Src/bsp.c.obj
                0x080135ac                BSP_Init
 .text.uart_putc
                0x080135c4       0x2c CMakeFiles/MyStm32F407Project.elf.dir/Core/Src/bsp.c.obj
                0x080135c4                uart_putc
 .text.main     0x080135f0       0x10 CMakeFiles/MyStm32F407Project.elf.dir/Core/Src/main.c.obj
                0x080135f0                main
 .text.Error_Handler
                0x08013600        0x4 CMakeFiles/MyStm32F407Project.elf.dir/Core/Src/main.c.obj
                0x08013600                Error_Handler
 .text.HAL_TIM_Base_MspInit
                0x08013604       0x40 CMakeFiles/MyStm32F407Project.elf.dir/Core/Src/stm32f4xx_hal_msp.c.obj
                0x08013604                HAL_TIM_Base_MspInit
 .text.HAL_UART_MspInit
                0x08013644       0x74 CMakeFiles/MyStm32F407Project.elf.dir/Core/Src/stm32f4xx_hal_msp.c.obj
                0x08013644                HAL_UART_MspInit
 .text.NMI_Handler
                0x080136b8        0x2 CMakeFiles/MyStm32F407Project.elf.dir/Core/Src/stm32f4xx_it.c.obj
                0x080136b8                NMI_Handler
 .text.HardFault_Handler
                0x080136ba        0x2 CMakeFiles/MyStm32F407Project.elf.dir/Core/Src/stm32f4xx_it.c.obj
                0x080136ba                HardFault_Handler
 .text.MemManage_Handler
                0x080136bc        0x2 CMakeFiles/MyStm32F407Project.elf.dir/Core/Src/stm32f4xx_it.c.obj
                0x080136bc                MemManage_Handler
 .text.BusFault_Handler
                0x080136be        0x2 CMakeFiles/MyStm32F407Project.elf.dir/Core/Src/stm32f4xx_it.c.obj
                0x080136be                BusFault_Handler
 .text.UsageFault_Handler
                0x080136c0        0x2 CMakeFiles/MyStm32F407Project.elf.dir/Core/Src/stm32f4xx_it.c.obj
                0x080136c0                UsageFault_Handler
 .text.DebugMon_Handler
                0x080136c2        0x2 CMakeFiles/MyStm32F407Project.elf.dir/Core/Src/stm32f4xx_it.c.obj
                0x080136c2                DebugMon_Handler
 .text.TIM7_IRQHandler
                0x080136c4       0x10 CMakeFiles/MyStm32F407Project.elf.dir/Core/Src/stm32f4xx_it.c.obj
                0x080136c4                TIM7_IRQHandler
 .text.__io_putchar
                0x080136d4       0x1a CMakeFiles/MyStm32F407Project.elf.dir/Core/Src/syscalls.c.obj
                0x080136d4                __io_putchar
 .text._read    0x080136ee       0x20 CMakeFiles/MyStm32F407Project.elf.dir/Core/Src/syscalls.c.obj
                0x080136ee                _read
 .text._write   0x0801370e       0x1c CMakeFiles/MyStm32F407Project.elf.dir/Core/Src/syscalls.c.obj
                0x0801370e                _write
 *fill*         0x0801372a        0x2 
 .text._sbrk    0x0801372c       0x24 CMakeFiles/MyStm32F407Project.elf.dir/Core/Src/syscalls.c.obj
                0x0801372c                _sbrk
 .text._close   0x08013750        0x6 CMakeFiles/MyStm32F407Project.elf.dir/Core/Src/syscalls.c.obj
                0x08013750                _close
 .text._fstat   0x08013756        0xa CMakeFiles/MyStm32F407Project.elf.dir/Core/Src/syscalls.c.obj
                0x08013756                _fstat
 .text._isatty  0x08013760        0x4 CMakeFiles/MyStm32F407Project.elf.dir/Core/Src/syscalls.c.obj
                0x08013760                _isatty
 .text._lseek   0x08013764        0x4 CMakeFiles/MyStm32F407Project.elf.dir/Core/Src/syscalls.c.obj
                0x08013764                _lseek
 .text.Reset_Handler
                0x08013768       0x50 libSYS_LIB.a(startup_stm32f407xx.s.obj)
                0x08013768                Reset_Handler
 .text.Default_Handler
                0x080137b8        0x2 libSYS_LIB.a(startup_stm32f407xx.s.obj)
                0x080137b8                RTC_Alarm_IRQHandler
                0x080137b8                HASH_RNG_IRQHandler
                0x080137b8                EXTI2_IRQHandler
                0x080137b8                TIM8_CC_IRQHandler
                0x080137b8                TIM1_CC_IRQHandler
                0x080137b8                DMA2_Stream5_IRQHandler
                0x080137b8                DMA1_Stream5_IRQHandler
                0x080137b8                PVD_IRQHandler
                0x080137b8                SDIO_IRQHandler
                0x080137b8                TAMP_STAMP_IRQHandler
                0x080137b8                CAN2_RX1_IRQHandler
                0x080137b8                EXTI3_IRQHandler
                0x080137b8                TIM8_TRG_COM_TIM14_IRQHandler
                0x080137b8                TIM1_UP_TIM10_IRQHandler
                0x080137b8                TIM8_UP_TIM13_IRQHandler
                0x080137b8                I2C3_ER_IRQHandler
                0x080137b8                EXTI0_IRQHandler
                0x080137b8                I2C2_EV_IRQHandler
                0x080137b8                DMA1_Stream2_IRQHandler
                0x080137b8                CAN1_RX0_IRQHandler
                0x080137b8                FPU_IRQHandler
                0x080137b8                OTG_HS_WKUP_IRQHandler
                0x080137b8                CAN2_SCE_IRQHandler
                0x080137b8                DMA2_Stream2_IRQHandler
                0x080137b8                SPI1_IRQHandler
                0x080137b8                TIM6_DAC_IRQHandler
                0x080137b8                TIM1_BRK_TIM9_IRQHandler
                0x080137b8                DCMI_IRQHandler
                0x080137b8                CAN2_RX0_IRQHandler
                0x080137b8                DMA2_Stream3_IRQHandler
                0x080137b8                USART6_IRQHandler
                0x080137b8                USART3_IRQHandler
                0x080137b8                CAN1_RX1_IRQHandler
                0x080137b8                UART5_IRQHandler
                0x080137b8                DMA2_Stream0_IRQHandler
                0x080137b8                TIM4_IRQHandler
                0x080137b8                I2C1_EV_IRQHandler
                0x080137b8                DMA1_Stream6_IRQHandler
                0x080137b8                DMA1_Stream1_IRQHandler
                0x080137b8                UART4_IRQHandler
                0x080137b8                TIM3_IRQHandler
                0x080137b8                RCC_IRQHandler
                0x080137b8                TIM8_BRK_TIM12_IRQHandler
                0x080137b8                Default_Handler
                0x080137b8                EXTI15_10_IRQHandler
                0x080137b8                ADC_IRQHandler
                0x080137b8                DMA1_Stream7_IRQHandler
                0x080137b8                CAN2_TX_IRQHandler
                0x080137b8                TIM5_IRQHandler
                0x080137b8                DMA2_Stream7_IRQHandler
                0x080137b8                I2C3_EV_IRQHandler
                0x080137b8                EXTI9_5_IRQHandler
                0x080137b8                RTC_WKUP_IRQHandler
                0x080137b8                ETH_WKUP_IRQHandler
                0x080137b8                SPI2_IRQHandler
                0x080137b8                OTG_HS_EP1_IN_IRQHandler
                0x080137b8                DMA1_Stream0_IRQHandler
                0x080137b8                CAN1_TX_IRQHandler
                0x080137b8                EXTI4_IRQHandler
                0x080137b8                FSMC_IRQHandler
                0x080137b8                ETH_IRQHandler
                0x080137b8                OTG_HS_EP1_OUT_IRQHandler
                0x080137b8                WWDG_IRQHandler
                0x080137b8                TIM2_IRQHandler
                0x080137b8                OTG_FS_WKUP_IRQHandler
                0x080137b8                TIM1_TRG_COM_TIM11_IRQHandler
                0x080137b8                OTG_HS_IRQHandler
                0x080137b8                EXTI1_IRQHandler
                0x080137b8                USART2_IRQHandler
                0x080137b8                I2C2_ER_IRQHandler
                0x080137b8                DMA2_Stream1_IRQHandler
                0x080137b8                CAN1_SCE_IRQHandler
                0x080137b8                FLASH_IRQHandler
                0x080137b8                DMA2_Stream4_IRQHandler
                0x080137b8                USART1_IRQHandler
                0x080137b8                OTG_FS_IRQHandler
                0x080137b8                SPI3_IRQHandler
                0x080137b8                DMA1_Stream4_IRQHandler
                0x080137b8                I2C1_ER_IRQHandler
                0x080137b8                DMA2_Stream6_IRQHandler
                0x080137b8                DMA1_Stream3_IRQHandler
 *fill*         0x080137ba        0x2 
 .text.std      0x080137bc       0x6c /usr/lib/gcc/arm-none-eabi/15.2.0/../../../../arm-none-eabi/lib/thumb/v7e-m+fp/hard/libg_nano.a(libc_a-findfp.o)
 .text.stdio_exit_handler
                0x08013828       0x18 /usr/lib/gcc/arm-none-eabi/15.2.0/../../../../arm-none-eabi/lib/thumb/v7e-m+fp/hard/libg_nano.a(libc_a-findfp.o)
 .text.cleanup_stdio
                0x08013840       0x40 /usr/lib/gcc/arm-none-eabi/15.2.0/../../../../arm-none-eabi/lib/thumb/v7e-m+fp/hard/libg_nano.a(libc_a-findfp.o)
 .text.global_stdio_init.part.0
                0x08013880       0x40 /usr/lib/gcc/arm-none-eabi/15.2.0/../../../../arm-none-eabi/lib/thumb/v7e-m+fp/hard/libg_nano.a(libc_a-findfp.o)
 .text.__sfp_lock_acquire
                0x080138c0        0xc /usr/lib/gcc/arm-none-eabi/15.2.0/../../../../arm-none-eabi/lib/thumb/v7e-m+fp/hard/libg_nano.a(libc_a-findfp.o)
                0x080138c0                __sfp_lock_acquire
 .text.__sfp_lock_release
                0x080138cc        0xc /usr/lib/gcc/arm-none-eabi/15.2.0/../../../../arm-none-eabi/lib/thumb/v7e-m+fp/hard/libg_nano.a(libc_a-findfp.o)
                0x080138cc                __sfp_lock_release
 .text.__sinit  0x080138d8       0x30 /usr/lib/gcc/arm-none-eabi/15.2.0/../../../../arm-none-eabi/lib/thumb/v7e-m+fp/hard/libg_nano.a(libc_a-findfp.o)
                0x080138d8                __sinit
 .text._fwalk_sglue
                0x08013908       0x3a /usr/lib/gcc/arm-none-eabi/15.2.0/../../../../arm-none-eabi/lib/thumb/v7e-m+fp/hard/libg_nano.a(libc_a-fwalk.o)
                0x08013908                _fwalk_sglue
 *fill*         0x08013942        0x2 
 .text.printf   0x08013944       0x24 /usr/lib/gcc/arm-none-eabi/15.2.0/../../../../arm-none-eabi/lib/thumb/v7e-m+fp/hard/libg_nano.a(libc_a-printf.o)
                0x08013944                printf
                0x08013944                iprintf
 .text.__sread  0x08013968       0x22 /usr/lib/gcc/arm-none-eabi/15.2.0/../../../../arm-none-eabi/lib/thumb/v7e-m+fp/hard/libg_nano.a(libc_a-stdio.o)
                0x08013968                __sread
 .text.__swrite
                0x0801398a       0x38 /usr/lib/gcc/arm-none-eabi/15.2.0/../../../../arm-none-eabi/lib/thumb/v7e-m+fp/hard/libg_nano.a(libc_a-stdio.o)
                0x0801398a                __swrite
 .text.__sseek  0x080139c2       0x26 /usr/lib/gcc/arm-none-eabi/15.2.0/../../../../arm-none-eabi/lib/thumb/v7e-m+fp/hard/libg_nano.a(libc_a-stdio.o)
                0x080139c2                __sseek
 .text.__sclose
                0x080139e8        0x8 /usr/lib/gcc/arm-none-eabi/15.2.0/../../../../arm-none-eabi/lib/thumb/v7e-m+fp/hard/libg_nano.a(libc_a-stdio.o)
                0x080139e8                __sclose
 .text.memset   0x080139f0       0x10 /usr/lib/gcc/arm-none-eabi/15.2.0/../../../../arm-none-eabi/lib/thumb/v7e-m+fp/hard/libg_nano.a(libc_a-memset.o)
                0x080139f0                memset
 .text._close_r
                0x08013a00       0x20 /usr/lib/gcc/arm-none-eabi/15.2.0/../../../../arm-none-eabi/lib/thumb/v7e-m+fp/hard/libg_nano.a(libc_a-closer.o)
                0x08013a00                _close_r
 .text._lseek_r
                0x08013a20       0x24 /usr/lib/gcc/arm-none-eabi/15.2.0/../../../../arm-none-eabi/lib/thumb/v7e-m+fp/hard/libg_nano.a(libc_a-lseekr.o)
                0x08013a20                _lseek_r
 .text._read_r  0x08013a44       0x24 /usr/lib/gcc/arm-none-eabi/15.2.0/../../../../arm-none-eabi/lib/thumb/v7e-m+fp/hard/libg_nano.a(libc_a-readr.o)
                0x08013a44                _read_r
 .text._write_r
                0x08013a68       0x24 /usr/lib/gcc/arm-none-eabi/15.2.0/../../../../arm-none-eabi/lib/thumb/v7e-m+fp/hard/libg_nano.a(libc_a-writer.o)
                0x08013a68                _write_r
 .text.__libc_init_array
                0x08013a8c       0x48 /usr/lib/gcc/arm-none-eabi/15.2.0/../../../../arm-none-eabi/lib/thumb/v7e-m+fp/hard/libg_nano.a(libc_a-init.o)
                0x08013a8c                __libc_init_array
 .text.__retarget_lock_init_recursive
                0x08013ad4        0x2 /usr/lib/gcc/arm-none-eabi/15.2.0/../../../../arm-none-eabi/lib/thumb/v7e-m+fp/hard/libg_nano.a(libc_a-lock.o)
                0x08013ad4                __retarget_lock_init_recursive
 .text.__retarget_lock_acquire_recursive
                0x08013ad6        0x2 /usr/lib/gcc/arm-none-eabi/15.2.0/../../../../arm-none-eabi/lib/thumb/v7e-m+fp/hard/libg_nano.a(libc_a-lock.o)
                0x08013ad6                __retarget_lock_acquire_recursive
 .text.__retarget_lock_release_recursive
                0x08013ad8        0x2 /usr/lib/gcc/arm-none-eabi/15.2.0/../../../../arm-none-eabi/lib/thumb/v7e-m+fp/hard/libg_nano.a(libc_a-lock.o)
                0x08013ad8                __retarget_lock_release_recursive
 .text.memcpy   0x08013ada       0x1c /usr/lib/gcc/arm-none-eabi/15.2.0/../../../../arm-none-eabi/lib/thumb/v7e-m+fp/hard/libg_nano.a(libc_a-memcpy-stub.o)
                0x08013ada                memcpy
 *fill*         0x08013af6        0x2 
 .text._free_r  0x08013af8       0x98 /usr/lib/gcc/arm-none-eabi/15.2.0/../../../../arm-none-eabi/lib/thumb/v7e-m+fp/hard/libg_nano.a(libc_a-freer.o)
                0x08013af8                _free_r
 .text.sbrk_aligned
                0x08013b90       0x44 /usr/lib/gcc/arm-none-eabi/15.2.0/../../../../arm-none-eabi/lib/thumb/v7e-m+fp/hard/libg_nano.a(libc_a-mallocr.o)
 .text._malloc_r
                0x08013bd4       0xf8 /usr/lib/gcc/arm-none-eabi/15.2.0/../../../../arm-none-eabi/lib/thumb/v7e-m+fp/hard/libg_nano.a(libc_a-mallocr.o)
                0x08013bd4                _malloc_r
 .text.__malloc_lock
                0x08013ccc        0xc /usr/lib/gcc/arm-none-eabi/15.2.0/../../../../arm-none-eabi/lib/thumb/v7e-m+fp/hard/libg_nano.a(libc_a-mlock.o)
                0x08013ccc                __malloc_lock
 .text.__malloc_unlock
                0x08013cd8        0xc /usr/lib/gcc/arm-none-eabi/15.2.0/../../../../arm-none-eabi/lib/thumb/v7e-m+fp/hard/libg_nano.a(libc_a-mlock.o)
                0x08013cd8                __malloc_unlock
 .text.__sfputc_r
                0x08013ce4       0x2a /usr/lib/gcc/arm-none-eabi/15.2.0/../../../../arm-none-eabi/lib/thumb/v7e-m+fp/hard/libg_nano.a(libc_a-nano-vfprintf.o)
 .text.__sfputs_r
                0x08013d0e       0x24 /usr/lib/gcc/arm-none-eabi/15.2.0/../../../../arm-none-eabi/lib/thumb/v7e-m+fp/hard/libg_nano.a(libc_a-nano-vfprintf.o)
                0x08013d0e                __sfputs_r
 *fill*         0x08013d32        0x2 
 .text._vfprintf_r
                0x08013d34      0x21c /usr/lib/gcc/arm-none-eabi/15.2.0/../../../../arm-none-eabi/lib/thumb/v7e-m+fp/hard/libg_nano.a(libc_a-nano-vfprintf.o)
                0x08013d34                _vfiprintf_r
                0x08013d34                _vfprintf_r
 .text._printf_common
                0x08013f50       0xea /usr/lib/gcc/arm-none-eabi/15.2.0/../../../../arm-none-eabi/lib/thumb/v7e-m+fp/hard/libg_nano.a(libc_a-nano-vfprintf_i.o)
                0x08013f50                _printf_common
 *fill*         0x0801403a        0x2 
 .text._printf_i
                0x0801403c      0x254 /usr/lib/gcc/arm-none-eabi/15.2.0/../../../../arm-none-eabi/lib/thumb/v7e-m+fp/hard/libg_nano.a(libc_a-nano-vfprintf_i.o)
                0x0801403c                _printf_i
 .text.__sflush_r
                0x08014290      0x100 /usr/lib/gcc/arm-none-eabi/15.2.0/../../../../arm-none-eabi/lib/thumb/v7e-m+fp/hard/libg_nano.a(libc_a-fflush.o)
                0x08014290                __sflush_r
 .text._fflush_r
                0x08014390       0x50 /usr/lib/gcc/arm-none-eabi/15.2.0/../../../../arm-none-eabi/lib/thumb/v7e-m+fp/hard/libg_nano.a(libc_a-fflush.o)
                0x08014390                _fflush_r
 .text.__swbuf_r
                0x080143e0       0x7a /usr/lib/gcc/arm-none-eabi/15.2.0/../../../../arm-none-eabi/lib/thumb/v7e-m+fp/hard/libg_nano.a(libc_a-wbuf.o)
                0x080143e0                __swbuf_r
 *fill*         0x0801445a        0x2 
 .text.__swsetup_r
                0x0801445c       0xa8 /usr/lib/gcc/arm-none-eabi/15.2.0/../../../../arm-none-eabi/lib/thumb/v7e-m+fp/hard/libg_nano.a(libc_a-wsetup.o)
                0x0801445c                __swsetup_r
 .text._sbrk_r  0x08014504       0x20 /usr/lib/gcc/arm-none-eabi/15.2.0/../../../../arm-none-eabi/lib/thumb/v7e-m+fp/hard/libg_nano.a(libc_a-sbrkr.o)
                0x08014504                _sbrk_r
 .text.__swhatbuf_r
                0x08014524       0x48 /usr/lib/gcc/arm-none-eabi/15.2.0/../../../../arm-none-eabi/lib/thumb/v7e-m+fp/hard/libg_nano.a(libc_a-makebuf.o)
                0x08014524                __swhatbuf_r
 .text.__smakebuf_r
                0x0801456c       0x72 /usr/lib/gcc/arm-none-eabi/15.2.0/../../../../arm-none-eabi/lib/thumb/v7e-m+fp/hard/libg_nano.a(libc_a-makebuf.o)
                0x0801456c                __smakebuf_r
 *fill*         0x080145de        0x2 
 .text._fstat_r
                0x080145e0       0x24 /usr/lib/gcc/arm-none-eabi/15.2.0/../../../../arm-none-eabi/lib/thumb/v7e-m+fp/hard/libg_nano.a(libc_a-fstatr.o)
                0x080145e0                _fstat_r
 .text._isatty_r
                0x08014604       0x20 /usr/lib/gcc/arm-none-eabi/15.2.0/../../../../arm-none-eabi/lib/thumb/v7e-m+fp/hard/libg_nano.a(libc_a-isattyr.o)
                0x08014604                _isatty_r
 *(.glue_7)
 .glue_7        0x08014624        0x0 linker stubs
 *(.glue_7t)
 .glue_7t       0x08014624        0x0 linker stubs
 *(.eh_frame)
 .eh_frame      0x08014624        0x0 /usr/lib/gcc/arm-none-eabi/15.2.0/thumb/v7e-m+fp/hard/crtbegin.o
 *(.init)
 .init          0x08014624        0x4 /usr/lib/gcc/arm-none-eabi/15.2.0/thumb/v7e-m+fp/hard/crti.o
                0x08014624                _init
 .init          0x08014628        0x8 /usr/lib/gcc/arm-none-eabi/15.2.0/thumb/v7e-m+fp/hard/crtn.o
 *(.fini)
 .fini          0x08014630        0x4 /usr/lib/gcc/arm-none-eabi/15.2.0/thumb/v7e-m+fp/hard/crti.o
                0x08014630                _fini
 .fini          0x08014634        0x8 /usr/lib/gcc/arm-none-eabi/15.2.0/thumb/v7e-m+fp/hard/crtn.o
                0x0801463c                        . = ALIGN (0x4)
                0x0801463c                        _etext = .

.vfp11_veneer   0x0801463c        0x0
 .vfp11_veneer  0x0801463c        0x0 linker stubs

.v4_bx          0x0801463c        0x0
 .v4_bx         0x0801463c        0x0 linker stubs

.iplt           0x0801463c        0x0
 .iplt          0x0801463c        0x0 /usr/lib/gcc/arm-none-eabi/15.2.0/thumb/v7e-m+fp/hard/crtbegin.o

.rodata         0x0801463c       0x98
                0x0801463c                        . = ALIGN (0x4)
 *(.rodata)
 .rodata        0x0801463c        0x9 libSYS_LIB.a(tasks.c.obj)
                0x0801463c                uxTopUsedPriority
 *fill*         0x08014645        0x3 
 .rodata        0x08014648        0xd libSYS_LIB.a(timers.c.obj)
 *fill*         0x08014655        0x3 
 .rodata        0x08014658       0x18 libSYS_LIB.a(system_stm32f4xx.c.obj)
                0x08014658                AHBPrescTable
                0x08014668                APBPrescTable
 .rodata        0x08014670        0x8 libHAL_LIB.a(stm32f4xx_hal_dma.c.obj)
 *(.rodata*)
 .rodata.vLedTask1.str1.4
                0x08014678       0x29 CMakeFiles/MyStm32F407Project.elf.dir/Core/Src/app.c.obj
                                 0x19 (size before relaxing)
 .rodata.APP_Init.str1.4
                0x080146a1        0x0 CMakeFiles/MyStm32F407Project.elf.dir/Core/Src/app.c.obj
                                  0xd (size before relaxing)
 .rodata._vfprintf_r.str1.1
                0x080146a1       0x33 /usr/lib/gcc/arm-none-eabi/15.2.0/../../../../arm-none-eabi/lib/thumb/v7e-m+fp/hard/libg_nano.a(libc_a-nano-vfprintf.o)
                                 0x11 (size before relaxing)
 .rodata._printf_i.str1.1
                0x080146d4        0x0 /usr/lib/gcc/arm-none-eabi/15.2.0/../../../../arm-none-eabi/lib/thumb/v7e-m+fp/hard/libg_nano.a(libc_a-nano-vfprintf_i.o)
                                 0x22 (size before relaxing)
                0x080146d4                        . = ALIGN (0x4)

.ARM.extab      0x080146d4        0x0
                0x080146d4                        . = ALIGN (0x4)
 *(.ARM.extab* .gnu.linkonce.armextab.*)
                0x080146d4                        . = ALIGN (0x4)

.ARM            0x080146d4        0x8
                0x080146d4                        . = ALIGN (0x4)
                0x080146d4                        __exidx_start = .
 *(.ARM.exidx*)
 .ARM.exidx     0x080146d4        0x8 /usr/lib/gcc/arm-none-eabi/15.2.0/thumb/v7e-m+fp/hard/libgcc.a(_udivmoddi4.o)
 .ARM.exidx     0x080146dc        0x0 /usr/lib/gcc/arm-none-eabi/15.2.0/../../../../arm-none-eabi/lib/thumb/v7e-m+fp/hard/libg_nano.a(libc_a-memchr.o)
                                  0x8 (size before relaxing)
                0x080146dc                        __exidx_end = .
                0x080146dc                        . = ALIGN (0x4)

.preinit_array  0x080146dc        0x0
                0x080146dc                        . = ALIGN (0x4)
                0x080146dc                        PROVIDE (__preinit_array_start = .)
 *(.preinit_array*)
                0x080146dc                        PROVIDE (__preinit_array_end = .)
                0x080146dc                        . = ALIGN (0x4)

.init_array     0x080146dc        0x4
                0x080146dc                        . = ALIGN (0x4)
                0x080146dc                        PROVIDE (__init_array_start = .)
 *(SORT_BY_NAME(.init_array.*))
 *(.init_array*)
 .init_array    0x080146dc        0x4 /usr/lib/gcc/arm-none-eabi/15.2.0/thumb/v7e-m+fp/hard/crtbegin.o
                0x080146e0                        PROVIDE (__init_array_end = .)
                0x080146e0                        . = ALIGN (0x4)

.fini_array     0x080146e0        0x4
                0x080146e0                        . = ALIGN (0x4)
                0x080146e0                        PROVIDE (__fini_array_start = .)
 *(SORT_BY_NAME(.fini_array.*))
 *(.fini_array*)
 .fini_array    0x080146e0        0x4 /usr/lib/gcc/arm-none-eabi/15.2.0/thumb/v7e-m+fp/hard/crtbegin.o
                0x080146e4                        PROVIDE (__fini_array_end = .)
                0x080146e4                        . = ALIGN (0x4)
                0x080146e4                        _siccmram = LOADADDR (.ccmram)

.rel.dyn        0x080146e4        0x0
 .rel.iplt      0x080146e4        0x0 /usr/lib/gcc/arm-none-eabi/15.2.0/thumb/v7e-m+fp/hard/crtbegin.o

.ccmram         0x10000000        0x0 load address 0x080146e4
                0x10000000                        . = ALIGN (0x4)
                0x10000000                        _sccmram = .
 *(.ccmram)
 *(.ccmram*)
                0x10000000                        . = ALIGN (0x4)
                0x10000000                        _eccmram = .
                0x080146e4                        _sidata = LOADADDR (.data)

.data           0x20000000       0x6c load address 0x080146e4
                0x20000000                        . = ALIGN (0x4)
                0x20000000                        _sdata = .
 *(.data)
 .data          0x20000000        0x4 libSYS_LIB.a(port.c.obj)
 .data          0x20000004        0x4 libSYS_LIB.a(system_stm32f4xx.c.obj)
                0x20000004                SystemCoreClock
 .data          0x20000008        0x5 libHAL_LIB.a(stm32f4xx_hal.c.obj)
                0x20000008                uwTickPrio
                0x2000000c                uwTickFreq
 *(.data*)
 *fill*         0x2000000d        0x3 
 .data.__sglue  0x20000010        0xc /usr/lib/gcc/arm-none-eabi/15.2.0/../../../../arm-none-eabi/lib/thumb/v7e-m+fp/hard/libg_nano.a(libc_a-findfp.o)
                0x20000010                __sglue
 .data._impure_ptr
                0x2000001c        0x4 /usr/lib/gcc/arm-none-eabi/15.2.0/../../../../arm-none-eabi/lib/thumb/v7e-m+fp/hard/libg_nano.a(libc_a-impure.o)
                0x2000001c                _impure_ptr
 .data._impure_data
                0x20000020       0x4c /usr/lib/gcc/arm-none-eabi/15.2.0/../../../../arm-none-eabi/lib/thumb/v7e-m+fp/hard/libg_nano.a(libc_a-impure.o)
                0x20000020                _impure_data
 *(.RamFunc)
 *(.RamFunc*)
                0x2000006c                        . = ALIGN (0x4)

.tm_clone_table
                0x2000006c        0x0 load address 0x08014750
 .tm_clone_table
                0x2000006c        0x0 /usr/lib/gcc/arm-none-eabi/15.2.0/thumb/v7e-m+fp/hard/crtbegin.o
 .tm_clone_table
                0x2000006c        0x0 /usr/lib/gcc/arm-none-eabi/15.2.0/thumb/v7e-m+fp/hard/crtend.o

.igot.plt       0x2000006c        0x0 load address 0x08014750
 .igot.plt      0x2000006c        0x0 /usr/lib/gcc/arm-none-eabi/15.2.0/thumb/v7e-m+fp/hard/crtbegin.o

.tdata          0x2000006c        0x0 load address 0x08014750
 *(.tdata .tdata.* .gnu.linkonce.td.*)
                0x2000006c                        . = ALIGN (0x4)
                0x2000006c                        _edata = .
                [!provide]                        PROVIDE (__data_end = .)
                [!provide]                        PROVIDE (__tdata_end = .)
                [!provide]                        PROVIDE (__tdata_start = ADDR (.tdata))
                [!provide]                        PROVIDE (__tdata_size = (__tdata_end - __tdata_start))
                [!provide]                        PROVIDE (__data_start = ADDR (.data))
                [!provide]                        PROVIDE (__data_size = (__data_end - __data_start))
                [!provide]                        PROVIDE (__tdata_source = LOADADDR (.tdata))
                [!provide]                        PROVIDE (__tdata_source_end = (LOADADDR (.tdata) + SIZEOF (.tdata)))
                [!provide]                        PROVIDE (__tdata_source_size = (__tdata_source_end - __tdata_source))
                [!provide]                        PROVIDE (__data_source = LOADADDR (.data))
                [!provide]                        PROVIDE (__data_source_end = __tdata_source_end)
                [!provide]                        PROVIDE (__data_source_size = (__data_source_end - __data_source))

.tbss           0x2000006c        0x0 load address 0x08014750
                0x2000006c                        _sbss = .
                0x2000006c                        __bss_start__ = _sbss
 *(.tbss .tbss.*)
                0x2000006c                        . = ALIGN (0x4)
                [!provide]                        PROVIDE (__tbss_end = .)
                [!provide]                        PROVIDE (__tbss_start = ADDR (.tbss))
                [!provide]                        PROVIDE (__tbss_size = (__tbss_end - __tbss_start))
                [!provide]                        PROVIDE (__tbss_offset = (ADDR (.tbss) - ADDR (.tdata)))
                [!provide]                        PROVIDE (__tls_base = __tdata_start)
                [!provide]                        PROVIDE (__tls_end = __tbss_end)
                [!provide]                        PROVIDE (__tls_size = (__tls_end - __tls_base))
                [!provide]                        PROVIDE (__tls_align = MAX (ALIGNOF (.tdata), ALIGNOF (.tbss)))
                [!provide]                        PROVIDE (__tls_size_align = (((__tls_size + __tls_align) - 0x1) & ~ ((__tls_align - 0x1))))
                [!provide]                        PROVIDE (__arm32_tls_tcb_offset = MAX (0x8, __tls_align))
                [!provide]                        PROVIDE (__arm64_tls_tcb_offset = MAX (0x10, __tls_align))

.bss            0x2000006c     0x41c4 load address 0x08014750
 *(.bss)
 .bss           0x2000006c       0x1c /usr/lib/gcc/arm-none-eabi/15.2.0/thumb/v7e-m+fp/hard/crtbegin.o
 .bss           0x20000088      0x320 libSYS_LIB.a(tasks.c.obj)
                0x20000088                pxCurrentTCB
 .bss           0x200003a8       0x3c libSYS_LIB.a(timers.c.obj)
 .bss           0x200003e4     0x3c1c libSYS_LIB.a(heap_4.c.obj)
 .bss           0x20004000        0x8 libSYS_LIB.a(port.c.obj)
 .bss           0x20004008       0x40 libSYS_LIB.a(queue.c.obj)
                0x20004008                xQueueRegistry
 .bss           0x20004048        0x4 libHAL_LIB.a(stm32f4xx_hal.c.obj)
                0x20004048                uwTick
 *(.bss*)
 .bss.tim7_ms_tick
                0x2000404c        0x4 CMakeFiles/MyStm32F407Project.elf.dir/Core/Src/app.c.obj
 .bss.huart1    0x20004050       0x48 CMakeFiles/MyStm32F407Project.elf.dir/Core/Src/bsp.c.obj
                0x20004050                huart1
 .bss.htim7     0x20004098       0x48 CMakeFiles/MyStm32F407Project.elf.dir/Core/Src/bsp.c.obj
                0x20004098                htim7
 .bss.heap_end.0
                0x200040e0        0x4 CMakeFiles/MyStm32F407Project.elf.dir/Core/Src/syscalls.c.obj
 .bss.__sf      0x200040e4      0x138 /usr/lib/gcc/arm-none-eabi/15.2.0/../../../../arm-none-eabi/lib/thumb/v7e-m+fp/hard/libg_nano.a(libc_a-findfp.o)
                0x200040e4                __sf
 .bss.__stdio_exit_handler
                0x2000421c        0x4 /usr/lib/gcc/arm-none-eabi/15.2.0/../../../../arm-none-eabi/lib/thumb/v7e-m+fp/hard/libg_nano.a(libc_a-findfp.o)
                0x2000421c                __stdio_exit_handler
 .bss.errno     0x20004220        0x4 /usr/lib/gcc/arm-none-eabi/15.2.0/../../../../arm-none-eabi/lib/thumb/v7e-m+fp/hard/libg_nano.a(libc_a-reent.o)
                0x20004220                errno
 .bss.__lock___malloc_recursive_mutex
                0x20004224        0x1 /usr/lib/gcc/arm-none-eabi/15.2.0/../../../../arm-none-eabi/lib/thumb/v7e-m+fp/hard/libg_nano.a(libc_a-lock.o)
                0x20004224                __lock___malloc_recursive_mutex
 .bss.__lock___sfp_recursive_mutex
                0x20004225        0x1 /usr/lib/gcc/arm-none-eabi/15.2.0/../../../../arm-none-eabi/lib/thumb/v7e-m+fp/hard/libg_nano.a(libc_a-lock.o)
                0x20004225                __lock___sfp_recursive_mutex
 *fill*         0x20004226        0x2 
 .bss.__malloc_sbrk_start
                0x20004228        0x4 /usr/lib/gcc/arm-none-eabi/15.2.0/../../../../arm-none-eabi/lib/thumb/v7e-m+fp/hard/libg_nano.a(libc_a-mallocr.o)
                0x20004228                __malloc_sbrk_start
 .bss.__malloc_free_list
                0x2000422c        0x4 /usr/lib/gcc/arm-none-eabi/15.2.0/../../../../arm-none-eabi/lib/thumb/v7e-m+fp/hard/libg_nano.a(libc_a-mallocr.o)
                0x2000422c                __malloc_free_list
 *(COMMON)
                0x20004230                        . = ALIGN (0x4)
                0x20004230                        _ebss = .
                0x20004230                        __bss_end__ = _ebss
                [!provide]                        PROVIDE (__bss_end = .)
                [!provide]                        PROVIDE (__non_tls_bss_start = ADDR (.bss))
                [!provide]                        PROVIDE (__bss_start = __tbss_start)
                [!provide]                        PROVIDE (__bss_size = (__bss_end - __bss_start))

._user_heap_stack
                0x20004230      0x600 load address 0x08014750
                0x20004230                        . = ALIGN (0x8)
                0x20004230                        PROVIDE (end = .)
                [!provide]                        PROVIDE (_end = .)
                0x20004430                        . = (. + _Min_Heap_Size)
 *fill*         0x20004230      0x200 
                0x20004830                        . = (. + _Min_Stack_Size)
 *fill*         0x20004430      0x400 
                0x20004830                        . = ALIGN (0x8)

/DISCARD/
 libc.a:*(*)
 libm.a:*(*)
 libgcc.a:*(*)
OUTPUT(MyStm32F407Project.elf elf32-littlearm)
LOAD linker stubs

.ARM.attributes
                0x00000000       0x30
 .ARM.attributes
                0x00000000       0x22 /usr/lib/gcc/arm-none-eabi/15.2.0/thumb/v7e-m+fp/hard/crti.o
 .ARM.attributes
                0x00000022       0x34 /usr/lib/gcc/arm-none-eabi/15.2.0/thumb/v7e-m+fp/hard/crtbegin.o
 .ARM.attributes
                0x00000056       0x34 CMakeFiles/MyStm32F407Project.elf.dir/Core/Src/app.c.obj
 .ARM.attributes
                0x0000008a       0x34 CMakeFiles/MyStm32F407Project.elf.dir/Core/Src/bsp.c.obj
 .ARM.attributes
                0x000000be       0x34 CMakeFiles/MyStm32F407Project.elf.dir/Core/Src/main.c.obj
 .ARM.attributes
                0x000000f2       0x34 CMakeFiles/MyStm32F407Project.elf.dir/Core/Src/stm32f4xx_hal_msp.c.obj
 .ARM.attributes
                0x00000126       0x34 CMakeFiles/MyStm32F407Project.elf.dir/Core/Src/stm32f4xx_it.c.obj
 .ARM.attributes
                0x0000015a       0x34 CMakeFiles/MyStm32F407Project.elf.dir/Core/Src/syscalls.c.obj
 .ARM.attributes
                0x0000018e       0x34 libSYS_LIB.a(tasks.c.obj)
 .ARM.attributes
                0x000001c2       0x34 libSYS_LIB.a(timers.c.obj)
 .ARM.attributes
                0x000001f6       0x34 libSYS_LIB.a(heap_4.c.obj)
 .ARM.attributes
                0x0000022a       0x34 libSYS_LIB.a(port.c.obj)
 .ARM.attributes
                0x0000025e       0x21 libSYS_LIB.a(startup_stm32f407xx.s.obj)
 .ARM.attributes
                0x0000027f       0x34 libSYS_LIB.a(system_stm32f4xx.c.obj)
 .ARM.attributes
                0x000002b3       0x34 libSYS_LIB.a(list.c.obj)
 .ARM.attributes
                0x000002e7       0x34 libSYS_LIB.a(queue.c.obj)
 .ARM.attributes
                0x0000031b       0x34 libHAL_LIB.a(stm32f4xx_hal.c.obj)
 .ARM.attributes
                0x0000034f       0x34 libHAL_LIB.a(stm32f4xx_hal_cortex.c.obj)
 .ARM.attributes
                0x00000383       0x34 libHAL_LIB.a(stm32f4xx_hal_gpio.c.obj)
 .ARM.attributes
                0x000003b7       0x34 libHAL_LIB.a(stm32f4xx_hal_rcc.c.obj)
 .ARM.attributes
                0x000003eb       0x34 libHAL_LIB.a(stm32f4xx_hal_tim.c.obj)
 .ARM.attributes
                0x0000041f       0x34 libHAL_LIB.a(stm32f4xx_hal_tim_ex.c.obj)
 .ARM.attributes
                0x00000453       0x34 libHAL_LIB.a(stm32f4xx_hal_uart.c.obj)
 .ARM.attributes
                0x00000487       0x34 libHAL_LIB.a(stm32f4xx_hal_dma.c.obj)
 .ARM.attributes
                0x000004bb       0x22 /usr/lib/gcc/arm-none-eabi/15.2.0/thumb/v7e-m+fp/hard/libgcc.a(_aeabi_uldivmod.o)
 .ARM.attributes
                0x000004dd       0x34 /usr/lib/gcc/arm-none-eabi/15.2.0/thumb/v7e-m+fp/hard/libgcc.a(_udivmoddi4.o)
 .ARM.attributes
                0x00000511       0x22 /usr/lib/gcc/arm-none-eabi/15.2.0/thumb/v7e-m+fp/hard/libgcc.a(_dvmd_tls.o)
 .ARM.attributes
                0x00000533       0x34 /usr/lib/gcc/arm-none-eabi/15.2.0/../../../../arm-none-eabi/lib/thumb/v7e-m+fp/hard/libg_nano.a(libc_a-findfp.o)
 .ARM.attributes
                0x00000567       0x34 /usr/lib/gcc/arm-none-eabi/15.2.0/../../../../arm-none-eabi/lib/thumb/v7e-m+fp/hard/libg_nano.a(libc_a-fwalk.o)
 .ARM.attributes
                0x0000059b       0x34 /usr/lib/gcc/arm-none-eabi/15.2.0/../../../../arm-none-eabi/lib/thumb/v7e-m+fp/hard/libg_nano.a(libc_a-printf.o)
 .ARM.attributes
                0x000005cf       0x34 /usr/lib/gcc/arm-none-eabi/15.2.0/../../../../arm-none-eabi/lib/thumb/v7e-m+fp/hard/libg_nano.a(libc_a-stdio.o)
 .ARM.attributes
                0x00000603       0x34 /usr/lib/gcc/arm-none-eabi/15.2.0/../../../../arm-none-eabi/lib/thumb/v7e-m+fp/hard/libg_nano.a(libc_a-memset.o)
 .ARM.attributes
                0x00000637       0x34 /usr/lib/gcc/arm-none-eabi/15.2.0/../../../../arm-none-eabi/lib/thumb/v7e-m+fp/hard/libg_nano.a(libc_a-closer.o)
 .ARM.attributes
                0x0000066b       0x34 /usr/lib/gcc/arm-none-eabi/15.2.0/../../../../arm-none-eabi/lib/thumb/v7e-m+fp/hard/libg_nano.a(libc_a-reent.o)
 .ARM.attributes
                0x0000069f       0x34 /usr/lib/gcc/arm-none-eabi/15.2.0/../../../../arm-none-eabi/lib/thumb/v7e-m+fp/hard/libg_nano.a(libc_a-impure.o)
 .ARM.attributes
                0x000006d3       0x34 /usr/lib/gcc/arm-none-eabi/15.2.0/../../../../arm-none-eabi/lib/thumb/v7e-m+fp/hard/libg_nano.a(libc_a-lseekr.o)
 .ARM.attributes
                0x00000707       0x34 /usr/lib/gcc/arm-none-eabi/15.2.0/../../../../arm-none-eabi/lib/thumb/v7e-m+fp/hard/libg_nano.a(libc_a-readr.o)
 .ARM.attributes
                0x0000073b       0x34 /usr/lib/gcc/arm-none-eabi/15.2.0/../../../../arm-none-eabi/lib/thumb/v7e-m+fp/hard/libg_nano.a(libc_a-writer.o)
 .ARM.attributes
                0x0000076f       0x34 /usr/lib/gcc/arm-none-eabi/15.2.0/../../../../arm-none-eabi/lib/thumb/v7e-m+fp/hard/libg_nano.a(libc_a-init.o)
 .ARM.attributes
                0x000007a3       0x34 /usr/lib/gcc/arm-none-eabi/15.2.0/../../../../arm-none-eabi/lib/thumb/v7e-m+fp/hard/libg_nano.a(libc_a-lock.o)
 .ARM.attributes
                0x000007d7       0x34 /usr/lib/gcc/arm-none-eabi/15.2.0/../../../../arm-none-eabi/lib/thumb/v7e-m+fp/hard/libg_nano.a(libc_a-memcpy-stub.o)
 .ARM.attributes
                0x0000080b       0x34 /usr/lib/gcc/arm-none-eabi/15.2.0/../../../../arm-none-eabi/lib/thumb/v7e-m+fp/hard/libg_nano.a(libc_a-freer.o)
 .ARM.attributes
                0x0000083f       0x34 /usr/lib/gcc/arm-none-eabi/15.2.0/../../../../arm-none-eabi/lib/thumb/v7e-m+fp/hard/libg_nano.a(libc_a-mallocr.o)
 .ARM.attributes
                0x00000873       0x34 /usr/lib/gcc/arm-none-eabi/15.2.0/../../../../arm-none-eabi/lib/thumb/v7e-m+fp/hard/libg_nano.a(libc_a-mlock.o)
 .ARM.attributes
                0x000008a7       0x34 /usr/lib/gcc/arm-none-eabi/15.2.0/../../../../arm-none-eabi/lib/thumb/v7e-m+fp/hard/libg_nano.a(libc_a-nano-vfprintf.o)
 .ARM.attributes
                0x000008db       0x34 /usr/lib/gcc/arm-none-eabi/15.2.0/../../../../arm-none-eabi/lib/thumb/v7e-m+fp/hard/libg_nano.a(libc_a-nano-vfprintf_i.o)
 .ARM.attributes
                0x0000090f       0x34 /usr/lib/gcc/arm-none-eabi/15.2.0/../../../../arm-none-eabi/lib/thumb/v7e-m+fp/hard/libg_nano.a(libc_a-fflush.o)
 .ARM.attributes
                0x00000943       0x34 /usr/lib/gcc/arm-none-eabi/15.2.0/../../../../arm-none-eabi/lib/thumb/v7e-m+fp/hard/libg_nano.a(libc_a-wbuf.o)
 .ARM.attributes
                0x00000977       0x34 /usr/lib/gcc/arm-none-eabi/15.2.0/../../../../arm-none-eabi/lib/thumb/v7e-m+fp/hard/libg_nano.a(libc_a-wsetup.o)
 .ARM.attributes
                0x000009ab       0x34 /usr/lib/gcc/arm-none-eabi/15.2.0/../../../../arm-none-eabi/lib/thumb/v7e-m+fp/hard/libg_nano.a(libc_a-sbrkr.o)
 .ARM.attributes
                0x000009df       0x1c /usr/lib/gcc/arm-none-eabi/15.2.0/../../../../arm-none-eabi/lib/thumb/v7e-m+fp/hard/libg_nano.a(libc_a-memchr.o)
 .ARM.attributes
                0x000009fb       0x34 /usr/lib/gcc/arm-none-eabi/15.2.0/../../../../arm-none-eabi/lib/thumb/v7e-m+fp/hard/libg_nano.a(libc_a-makebuf.o)
 .ARM.attributes
                0x00000a2f       0x34 /usr/lib/gcc/arm-none-eabi/15.2.0/../../../../arm-none-eabi/lib/thumb/v7e-m+fp/hard/libg_nano.a(libc_a-fstatr.o)
 .ARM.attributes
                0x00000a63       0x34 /usr/lib/gcc/arm-none-eabi/15.2.0/../../../../arm-none-eabi/lib/thumb/v7e-m+fp/hard/libg_nano.a(libc_a-isattyr.o)
 .ARM.attributes
                0x00000a97       0x34 /usr/lib/gcc/arm-none-eabi/15.2.0/thumb/v7e-m+fp/hard/crtend.o
 .ARM.attributes
                0x00000acb       0x22 /usr/lib/gcc/arm-none-eabi/15.2.0/thumb/v7e-m+fp/hard/crtn.o

.comment        0x00000000       0x46
 .comment       0x00000000       0x46 /usr/lib/gcc/arm-none-eabi/15.2.0/thumb/v7e-m+fp/hard/crtbegin.o
                                 0x24 (size before relaxing)
 .comment       0x00000046        0x0 CMakeFiles/MyStm32F407Project.elf.dir/Core/Src/app.c.obj
                                 0x24 (size before relaxing)
 .comment       0x00000046        0x0 CMakeFiles/MyStm32F407Project.elf.dir/Core/Src/bsp.c.obj
                                 0x24 (size before relaxing)
 .comment       0x00000046        0x0 CMakeFiles/MyStm32F407Project.elf.dir/Core/Src/main.c.obj
                                 0x24 (size before relaxing)
 .comment       0x00000046        0x0 CMakeFiles/MyStm32F407Project.elf.dir/Core/Src/stm32f4xx_hal_msp.c.obj
                                 0x24 (size before relaxing)
 .comment       0x00000046        0x0 CMakeFiles/MyStm32F407Project.elf.dir/Core/Src/stm32f4xx_it.c.obj
                                 0x24 (size before relaxing)
 .comment       0x00000046        0x0 CMakeFiles/MyStm32F407Project.elf.dir/Core/Src/syscalls.c.obj
                                 0x24 (size before relaxing)
 .comment       0x00000046        0x0 libSYS_LIB.a(tasks.c.obj)
                                 0x24 (size before relaxing)
 .comment       0x00000046        0x0 libSYS_LIB.a(timers.c.obj)
                                 0x24 (size before relaxing)
 .comment       0x00000046        0x0 libSYS_LIB.a(heap_4.c.obj)
                                 0x24 (size before relaxing)
 .comment       0x00000046        0x0 libSYS_LIB.a(port.c.obj)
                                 0x24 (size before relaxing)
 .comment       0x00000046        0x0 libSYS_LIB.a(system_stm32f4xx.c.obj)
                                 0x24 (size before relaxing)
 .comment       0x00000046        0x0 libSYS_LIB.a(list.c.obj)
                                 0x24 (size before relaxing)
 .comment       0x00000046        0x0 libSYS_LIB.a(queue.c.obj)
                                 0x24 (size before relaxing)
 .comment       0x00000046        0x0 libHAL_LIB.a(stm32f4xx_hal.c.obj)
                                 0x24 (size before relaxing)
 .comment       0x00000046        0x0 libHAL_LIB.a(stm32f4xx_hal_cortex.c.obj)
                                 0x24 (size before relaxing)
 .comment       0x00000046        0x0 libHAL_LIB.a(stm32f4xx_hal_gpio.c.obj)
                                 0x24 (size before relaxing)
 .comment       0x00000046        0x0 libHAL_LIB.a(stm32f4xx_hal_rcc.c.obj)
                                 0x24 (size before relaxing)
 .comment       0x00000046        0x0 libHAL_LIB.a(stm32f4xx_hal_tim.c.obj)
                                 0x24 (size before relaxing)
 .comment       0x00000046        0x0 libHAL_LIB.a(stm32f4xx_hal_tim_ex.c.obj)
                                 0x24 (size before relaxing)
 .comment       0x00000046        0x0 libHAL_LIB.a(stm32f4xx_hal_uart.c.obj)
                                 0x24 (size before relaxing)
 .comment       0x00000046        0x0 libHAL_LIB.a(stm32f4xx_hal_dma.c.obj)
                                 0x24 (size before relaxing)
 .comment       0x00000046        0x0 /usr/lib/gcc/arm-none-eabi/15.2.0/thumb/v7e-m+fp/hard/libgcc.a(_udivmoddi4.o)
                                 0x24 (size before relaxing)
 .comment       0x00000046        0x0 /usr/lib/gcc/arm-none-eabi/15.2.0/../../../../arm-none-eabi/lib/thumb/v7e-m+fp/hard/libg_nano.a(libc_a-findfp.o)
                                 0x24 (size before relaxing)
 .comment       0x00000046        0x0 /usr/lib/gcc/arm-none-eabi/15.2.0/../../../../arm-none-eabi/lib/thumb/v7e-m+fp/hard/libg_nano.a(libc_a-fwalk.o)
                                 0x24 (size before relaxing)
 .comment       0x00000046        0x0 /usr/lib/gcc/arm-none-eabi/15.2.0/../../../../arm-none-eabi/lib/thumb/v7e-m+fp/hard/libg_nano.a(libc_a-printf.o)
                                 0x24 (size before relaxing)
 .comment       0x00000046        0x0 /usr/lib/gcc/arm-none-eabi/15.2.0/../../../../arm-none-eabi/lib/thumb/v7e-m+fp/hard/libg_nano.a(libc_a-stdio.o)
                                 0x24 (size before relaxing)
 .comment       0x00000046        0x0 /usr/lib/gcc/arm-none-eabi/15.2.0/../../../../arm-none-eabi/lib/thumb/v7e-m+fp/hard/libg_nano.a(libc_a-memset.o)
                                 0x24 (size before relaxing)
 .comment       0x00000046        0x0 /usr/lib/gcc/arm-none-eabi/15.2.0/../../../../arm-none-eabi/lib/thumb/v7e-m+fp/hard/libg_nano.a(libc_a-closer.o)
                                 0x24 (size before relaxing)
 .comment       0x00000046        0x0 /usr/lib/gcc/arm-none-eabi/15.2.0/../../../../arm-none-eabi/lib/thumb/v7e-m+fp/hard/libg_nano.a(libc_a-reent.o)
                                 0x24 (size before relaxing)
 .comment       0x00000046        0x0 /usr/lib/gcc/arm-none-eabi/15.2.0/../../../../arm-none-eabi/lib/thumb/v7e-m+fp/hard/libg_nano.a(libc_a-impure.o)
                                 0x24 (size before relaxing)
 .comment       0x00000046        0x0 /usr/lib/gcc/arm-none-eabi/15.2.0/../../../../arm-none-eabi/lib/thumb/v7e-m+fp/hard/libg_nano.a(libc_a-lseekr.o)
                                 0x24 (size before relaxing)
 .comment       0x00000046        0x0 /usr/lib/gcc/arm-none-eabi/15.2.0/../../../../arm-none-eabi/lib/thumb/v7e-m+fp/hard/libg_nano.a(libc_a-readr.o)
                                 0x24 (size before relaxing)
 .comment       0x00000046        0x0 /usr/lib/gcc/arm-none-eabi/15.2.0/../../../../arm-none-eabi/lib/thumb/v7e-m+fp/hard/libg_nano.a(libc_a-writer.o)
                                 0x24 (size before relaxing)
 .comment       0x00000046        0x0 /usr/lib/gcc/arm-none-eabi/15.2.0/../../../../arm-none-eabi/lib/thumb/v7e-m+fp/hard/libg_nano.a(libc_a-init.o)
                                 0x24 (size before relaxing)
 .comment       0x00000046        0x0 /usr/lib/gcc/arm-none-eabi/15.2.0/../../../../arm-none-eabi/lib/thumb/v7e-m+fp/hard/libg_nano.a(libc_a-lock.o)
                                 0x24 (size before relaxing)
 .comment       0x00000046        0x0 /usr/lib/gcc/arm-none-eabi/15.2.0/../../../../arm-none-eabi/lib/thumb/v7e-m+fp/hard/libg_nano.a(libc_a-memcpy-stub.o)
                                 0x24 (size before relaxing)
 .comment       0x00000046        0x0 /usr/lib/gcc/arm-none-eabi/15.2.0/../../../../arm-none-eabi/lib/thumb/v7e-m+fp/hard/libg_nano.a(libc_a-freer.o)
                                 0x24 (size before relaxing)
 .comment       0x00000046        0x0 /usr/lib/gcc/arm-none-eabi/15.2.0/../../../../arm-none-eabi/lib/thumb/v7e-m+fp/hard/libg_nano.a(libc_a-mallocr.o)
                                 0x24 (size before relaxing)
 .comment       0x00000046        0x0 /usr/lib/gcc/arm-none-eabi/15.2.0/../../../../arm-none-eabi/lib/thumb/v7e-m+fp/hard/libg_nano.a(libc_a-mlock.o)
                                 0x24 (size before relaxing)
 .comment       0x00000046        0x0 /usr/lib/gcc/arm-none-eabi/15.2.0/../../../../arm-none-eabi/lib/thumb/v7e-m+fp/hard/libg_nano.a(libc_a-nano-vfprintf.o)
                                 0x24 (size before relaxing)
 .comment       0x00000046        0x0 /usr/lib/gcc/arm-none-eabi/15.2.0/../../../../arm-none-eabi/lib/thumb/v7e-m+fp/hard/libg_nano.a(libc_a-nano-vfprintf_i.o)
                                 0x24 (size before relaxing)
 .comment       0x00000046        0x0 /usr/lib/gcc/arm-none-eabi/15.2.0/../../../../arm-none-eabi/lib/thumb/v7e-m+fp/hard/libg_nano.a(libc_a-fflush.o)
                                 0x24 (size before relaxing)
 .comment       0x00000046        0x0 /usr/lib/gcc/arm-none-eabi/15.2.0/../../../../arm-none-eabi/lib/thumb/v7e-m+fp/hard/libg_nano.a(libc_a-wbuf.o)
                                 0x24 (size before relaxing)
 .comment       0x00000046        0x0 /usr/lib/gcc/arm-none-eabi/15.2.0/../../../../arm-none-eabi/lib/thumb/v7e-m+fp/hard/libg_nano.a(libc_a-wsetup.o)
                                 0x24 (size before relaxing)
 .comment       0x00000046        0x0 /usr/lib/gcc/arm-none-eabi/15.2.0/../../../../arm-none-eabi/lib/thumb/v7e-m+fp/hard/libg_nano.a(libc_a-sbrkr.o)
                                 0x24 (size before relaxing)
 .comment       0x00000046        0x0 /usr/lib/gcc/arm-none-eabi/15.2.0/../../../../arm-none-eabi/lib/thumb/v7e-m+fp/hard/libg_nano.a(libc_a-makebuf.o)
                                 0x24 (size before relaxing)
 .comment       0x00000046        0x0 /usr/lib/gcc/arm-none-eabi/15.2.0/../../../../arm-none-eabi/lib/thumb/v7e-m+fp/hard/libg_nano.a(libc_a-fstatr.o)
                                 0x24 (size before relaxing)
 .comment       0x00000046        0x0 /usr/lib/gcc/arm-none-eabi/15.2.0/../../../../arm-none-eabi/lib/thumb/v7e-m+fp/hard/libg_nano.a(libc_a-isattyr.o)
                                 0x24 (size before relaxing)
 .comment       0x00000046        0x0 /usr/lib/gcc/arm-none-eabi/15.2.0/thumb/v7e-m+fp/hard/crtend.o
                                 0x24 (size before relaxing)

.debug_info     0x00000000    0x20a23
 .debug_info    0x00000000      0x98a CMakeFiles/MyStm32F407Project.elf.dir/Core/Src/app.c.obj
 .debug_info    0x0000098a      0xfd3 CMakeFiles/MyStm32F407Project.elf.dir/Core/Src/bsp.c.obj
 .debug_info    0x0000195d       0xf7 CMakeFiles/MyStm32F407Project.elf.dir/Core/Src/main.c.obj
 .debug_info    0x00001a54      0xec2 CMakeFiles/MyStm32F407Project.elf.dir/Core/Src/stm32f4xx_hal_msp.c.obj
 .debug_info    0x00002916      0x6b5 CMakeFiles/MyStm32F407Project.elf.dir/Core/Src/stm32f4xx_it.c.obj
 .debug_info    0x00002fcb      0x85c CMakeFiles/MyStm32F407Project.elf.dir/Core/Src/syscalls.c.obj
 .debug_info    0x00003827     0x2105 libSYS_LIB.a(tasks.c.obj)
 .debug_info    0x0000592c      0xda8 libSYS_LIB.a(timers.c.obj)
 .debug_info    0x000066d4      0x516 libSYS_LIB.a(heap_4.c.obj)
 .debug_info    0x00006bea      0x4be libSYS_LIB.a(port.c.obj)
 .debug_info    0x000070a8       0x30 libSYS_LIB.a(startup_stm32f407xx.s.obj)
 .debug_info    0x000070d8      0x507 libSYS_LIB.a(system_stm32f4xx.c.obj)
 .debug_info    0x000075df      0x2a4 libSYS_LIB.a(list.c.obj)
 .debug_info    0x00007883     0x1a0d libSYS_LIB.a(queue.c.obj)
 .debug_info    0x00009290      0x939 libHAL_LIB.a(stm32f4xx_hal.c.obj)
 .debug_info    0x00009bc9      0xd4c libHAL_LIB.a(stm32f4xx_hal_cortex.c.obj)
 .debug_info    0x0000a915      0x6b8 libHAL_LIB.a(stm32f4xx_hal_gpio.c.obj)
 .debug_info    0x0000afcd      0x8a6 libHAL_LIB.a(stm32f4xx_hal_rcc.c.obj)
 .debug_info    0x0000b873     0x2992 libHAL_LIB.a(stm32f4xx_hal_tim.c.obj)
 .debug_info    0x0000e205     0x14d0 libHAL_LIB.a(stm32f4xx_hal_tim_ex.c.obj)
 .debug_info    0x0000f6d5     0x2f44 libHAL_LIB.a(stm32f4xx_hal_uart.c.obj)
 .debug_info    0x00012619      0x8dc libHAL_LIB.a(stm32f4xx_hal_dma.c.obj)
 .debug_info    0x00012ef5       0x24 /usr/lib/gcc/arm-none-eabi/15.2.0/thumb/v7e-m+fp/hard/libgcc.a(_aeabi_uldivmod.o)
 .debug_info    0x00012f19      0x6fa /usr/lib/gcc/arm-none-eabi/15.2.0/thumb/v7e-m+fp/hard/libgcc.a(_udivmoddi4.o)
 .debug_info    0x00013613       0x3c /usr/lib/gcc/arm-none-eabi/15.2.0/thumb/v7e-m+fp/hard/libgcc.a(_dvmd_tls.o)
 .debug_info    0x0001364f      0xfbf /usr/lib/gcc/arm-none-eabi/15.2.0/../../../../arm-none-eabi/lib/thumb/v7e-m+fp/hard/libg_nano.a(libc_a-findfp.o)
 .debug_info    0x0001460e      0x7d7 /usr/lib/gcc/arm-none-eabi/15.2.0/../../../../arm-none-eabi/lib/thumb/v7e-m+fp/hard/libg_nano.a(libc_a-fwalk.o)
 .debug_info    0x00014de5      0x846 /usr/lib/gcc/arm-none-eabi/15.2.0/../../../../arm-none-eabi/lib/thumb/v7e-m+fp/hard/libg_nano.a(libc_a-printf.o)
 .debug_info    0x0001562b      0xa95 /usr/lib/gcc/arm-none-eabi/15.2.0/../../../../arm-none-eabi/lib/thumb/v7e-m+fp/hard/libg_nano.a(libc_a-stdio.o)
 .debug_info    0x000160c0       0xe5 /usr/lib/gcc/arm-none-eabi/15.2.0/../../../../arm-none-eabi/lib/thumb/v7e-m+fp/hard/libg_nano.a(libc_a-memset.o)
 .debug_info    0x000161a5      0x762 /usr/lib/gcc/arm-none-eabi/15.2.0/../../../../arm-none-eabi/lib/thumb/v7e-m+fp/hard/libg_nano.a(libc_a-closer.o)
 .debug_info    0x00016907      0x8a6 /usr/lib/gcc/arm-none-eabi/15.2.0/../../../../arm-none-eabi/lib/thumb/v7e-m+fp/hard/libg_nano.a(libc_a-reent.o)
 .debug_info    0x000171ad      0x71a /usr/lib/gcc/arm-none-eabi/15.2.0/../../../../arm-none-eabi/lib/thumb/v7e-m+fp/hard/libg_nano.a(libc_a-impure.o)
 .debug_info    0x000178c7      0x7ad /usr/lib/gcc/arm-none-eabi/15.2.0/../../../../arm-none-eabi/lib/thumb/v7e-m+fp/hard/libg_nano.a(libc_a-lseekr.o)
 .debug_info    0x00018074      0x7c4 /usr/lib/gcc/arm-none-eabi/15.2.0/../../../../arm-none-eabi/lib/thumb/v7e-m+fp/hard/libg_nano.a(libc_a-readr.o)
 .debug_info    0x00018838      0x7ca /usr/lib/gcc/arm-none-eabi/15.2.0/../../../../arm-none-eabi/lib/thumb/v7e-m+fp/hard/libg_nano.a(libc_a-writer.o)
 .debug_info    0x00019002      0x110 /usr/lib/gcc/arm-none-eabi/15.2.0/../../../../arm-none-eabi/lib/thumb/v7e-m+fp/hard/libg_nano.a(libc_a-init.o)
 .debug_info    0x00019112      0x21d /usr/lib/gcc/arm-none-eabi/15.2.0/../../../../arm-none-eabi/lib/thumb/v7e-m+fp/hard/libg_nano.a(libc_a-lock.o)
 .debug_info    0x0001932f      0x126 /usr/lib/gcc/arm-none-eabi/15.2.0/../../../../arm-none-eabi/lib/thumb/v7e-m+fp/hard/libg_nano.a(libc_a-memcpy-stub.o)
 .debug_info    0x00019455      0x845 /usr/lib/gcc/arm-none-eabi/15.2.0/../../../../arm-none-eabi/lib/thumb/v7e-m+fp/hard/libg_nano.a(libc_a-freer.o)
 .debug_info    0x00019c9a      0x9c1 /usr/lib/gcc/arm-none-eabi/15.2.0/../../../../arm-none-eabi/lib/thumb/v7e-m+fp/hard/libg_nano.a(libc_a-mallocr.o)
 .debug_info    0x0001a65b      0x770 /usr/lib/gcc/arm-none-eabi/15.2.0/../../../../arm-none-eabi/lib/thumb/v7e-m+fp/hard/libg_nano.a(libc_a-mlock.o)
 .debug_info    0x0001adcb     0x1099 /usr/lib/gcc/arm-none-eabi/15.2.0/../../../../arm-none-eabi/lib/thumb/v7e-m+fp/hard/libg_nano.a(libc_a-nano-vfprintf.o)
 .debug_info    0x0001be64      0xde7 /usr/lib/gcc/arm-none-eabi/15.2.0/../../../../arm-none-eabi/lib/thumb/v7e-m+fp/hard/libg_nano.a(libc_a-nano-vfprintf_i.o)
 .debug_info    0x0001cc4b      0x9f7 /usr/lib/gcc/arm-none-eabi/15.2.0/../../../../arm-none-eabi/lib/thumb/v7e-m+fp/hard/libg_nano.a(libc_a-fflush.o)
 .debug_info    0x0001d642      0x879 /usr/lib/gcc/arm-none-eabi/15.2.0/../../../../arm-none-eabi/lib/thumb/v7e-m+fp/hard/libg_nano.a(libc_a-wbuf.o)
 .debug_info    0x0001debb      0x7c0 /usr/lib/gcc/arm-none-eabi/15.2.0/../../../../arm-none-eabi/lib/thumb/v7e-m+fp/hard/libg_nano.a(libc_a-wsetup.o)
 .debug_info    0x0001e67b      0x787 /usr/lib/gcc/arm-none-eabi/15.2.0/../../../../arm-none-eabi/lib/thumb/v7e-m+fp/hard/libg_nano.a(libc_a-sbrkr.o)
 .debug_info    0x0001ee02       0x25 /usr/lib/gcc/arm-none-eabi/15.2.0/../../../../arm-none-eabi/lib/thumb/v7e-m+fp/hard/libg_nano.a(libc_a-memchr.o)
 .debug_info    0x0001ee27      0xb14 /usr/lib/gcc/arm-none-eabi/15.2.0/../../../../arm-none-eabi/lib/thumb/v7e-m+fp/hard/libg_nano.a(libc_a-makebuf.o)
 .debug_info    0x0001f93b      0x986 /usr/lib/gcc/arm-none-eabi/15.2.0/../../../../arm-none-eabi/lib/thumb/v7e-m+fp/hard/libg_nano.a(libc_a-fstatr.o)
 .debug_info    0x000202c1      0x762 /usr/lib/gcc/arm-none-eabi/15.2.0/../../../../arm-none-eabi/lib/thumb/v7e-m+fp/hard/libg_nano.a(libc_a-isattyr.o)

.debug_abbrev   0x00000000     0x6329
 .debug_abbrev  0x00000000      0x27d CMakeFiles/MyStm32F407Project.elf.dir/Core/Src/app.c.obj
 .debug_abbrev  0x0000027d      0x24e CMakeFiles/MyStm32F407Project.elf.dir/Core/Src/bsp.c.obj
 .debug_abbrev  0x000004cb       0xb9 CMakeFiles/MyStm32F407Project.elf.dir/Core/Src/main.c.obj
 .debug_abbrev  0x00000584      0x1d8 CMakeFiles/MyStm32F407Project.elf.dir/Core/Src/stm32f4xx_hal_msp.c.obj
 .debug_abbrev  0x0000075c      0x186 CMakeFiles/MyStm32F407Project.elf.dir/Core/Src/stm32f4xx_it.c.obj
 .debug_abbrev  0x000008e2      0x20e CMakeFiles/MyStm32F407Project.elf.dir/Core/Src/syscalls.c.obj
 .debug_abbrev  0x00000af0      0x36f libSYS_LIB.a(tasks.c.obj)
 .debug_abbrev  0x00000e5f      0x2ae libSYS_LIB.a(timers.c.obj)
 .debug_abbrev  0x0000110d      0x254 libSYS_LIB.a(heap_4.c.obj)
 .debug_abbrev  0x00001361      0x245 libSYS_LIB.a(port.c.obj)
 .debug_abbrev  0x000015a6       0x24 libSYS_LIB.a(startup_stm32f407xx.s.obj)
 .debug_abbrev  0x000015ca      0x118 libSYS_LIB.a(system_stm32f4xx.c.obj)
 .debug_abbrev  0x000016e2       0xf3 libSYS_LIB.a(list.c.obj)
 .debug_abbrev  0x000017d5      0x320 libSYS_LIB.a(queue.c.obj)
 .debug_abbrev  0x00001af5      0x212 libHAL_LIB.a(stm32f4xx_hal.c.obj)
 .debug_abbrev  0x00001d07      0x326 libHAL_LIB.a(stm32f4xx_hal_cortex.c.obj)
 .debug_abbrev  0x0000202d      0x1d2 libHAL_LIB.a(stm32f4xx_hal_gpio.c.obj)
 .debug_abbrev  0x000021ff      0x2b4 libHAL_LIB.a(stm32f4xx_hal_rcc.c.obj)
 .debug_abbrev  0x000024b3      0x276 libHAL_LIB.a(stm32f4xx_hal_tim.c.obj)
 .debug_abbrev  0x00002729      0x281 libHAL_LIB.a(stm32f4xx_hal_tim_ex.c.obj)
 .debug_abbrev  0x000029aa      0x30c libHAL_LIB.a(stm32f4xx_hal_uart.c.obj)
 .debug_abbrev  0x00002cb6      0x262 libHAL_LIB.a(stm32f4xx_hal_dma.c.obj)
 .debug_abbrev  0x00002f18       0x14 /usr/lib/gcc/arm-none-eabi/15.2.0/thumb/v7e-m+fp/hard/libgcc.a(_aeabi_uldivmod.o)
 .debug_abbrev  0x00002f2c      0x170 /usr/lib/gcc/arm-none-eabi/15.2.0/thumb/v7e-m+fp/hard/libgcc.a(_udivmoddi4.o)
 .debug_abbrev  0x0000309c       0x26 /usr/lib/gcc/arm-none-eabi/15.2.0/thumb/v7e-m+fp/hard/libgcc.a(_dvmd_tls.o)
 .debug_abbrev  0x000030c2      0x419 /usr/lib/gcc/arm-none-eabi/15.2.0/../../../../arm-none-eabi/lib/thumb/v7e-m+fp/hard/libg_nano.a(libc_a-findfp.o)
 .debug_abbrev  0x000034db      0x1a1 /usr/lib/gcc/arm-none-eabi/15.2.0/../../../../arm-none-eabi/lib/thumb/v7e-m+fp/hard/libg_nano.a(libc_a-fwalk.o)
 .debug_abbrev  0x0000367c      0x220 /usr/lib/gcc/arm-none-eabi/15.2.0/../../../../arm-none-eabi/lib/thumb/v7e-m+fp/hard/libg_nano.a(libc_a-printf.o)
 .debug_abbrev  0x0000389c      0x227 /usr/lib/gcc/arm-none-eabi/15.2.0/../../../../arm-none-eabi/lib/thumb/v7e-m+fp/hard/libg_nano.a(libc_a-stdio.o)
 .debug_abbrev  0x00003ac3       0xa4 /usr/lib/gcc/arm-none-eabi/15.2.0/../../../../arm-none-eabi/lib/thumb/v7e-m+fp/hard/libg_nano.a(libc_a-memset.o)
 .debug_abbrev  0x00003b67      0x1b6 /usr/lib/gcc/arm-none-eabi/15.2.0/../../../../arm-none-eabi/lib/thumb/v7e-m+fp/hard/libg_nano.a(libc_a-closer.o)
 .debug_abbrev  0x00003d1d      0x1fd /usr/lib/gcc/arm-none-eabi/15.2.0/../../../../arm-none-eabi/lib/thumb/v7e-m+fp/hard/libg_nano.a(libc_a-reent.o)
 .debug_abbrev  0x00003f1a      0x14f /usr/lib/gcc/arm-none-eabi/15.2.0/../../../../arm-none-eabi/lib/thumb/v7e-m+fp/hard/libg_nano.a(libc_a-impure.o)
 .debug_abbrev  0x00004069      0x1ca /usr/lib/gcc/arm-none-eabi/15.2.0/../../../../arm-none-eabi/lib/thumb/v7e-m+fp/hard/libg_nano.a(libc_a-lseekr.o)
 .debug_abbrev  0x00004233      0x1b6 /usr/lib/gcc/arm-none-eabi/15.2.0/../../../../arm-none-eabi/lib/thumb/v7e-m+fp/hard/libg_nano.a(libc_a-readr.o)
 .debug_abbrev  0x000043e9      0x1bb /usr/lib/gcc/arm-none-eabi/15.2.0/../../../../arm-none-eabi/lib/thumb/v7e-m+fp/hard/libg_nano.a(libc_a-writer.o)
 .debug_abbrev  0x000045a4       0xcf /usr/lib/gcc/arm-none-eabi/15.2.0/../../../../arm-none-eabi/lib/thumb/v7e-m+fp/hard/libg_nano.a(libc_a-init.o)
 .debug_abbrev  0x00004673      0x11b /usr/lib/gcc/arm-none-eabi/15.2.0/../../../../arm-none-eabi/lib/thumb/v7e-m+fp/hard/libg_nano.a(libc_a-lock.o)
 .debug_abbrev  0x0000478e       0xc7 /usr/lib/gcc/arm-none-eabi/15.2.0/../../../../arm-none-eabi/lib/thumb/v7e-m+fp/hard/libg_nano.a(libc_a-memcpy-stub.o)
 .debug_abbrev  0x00004855      0x23a /usr/lib/gcc/arm-none-eabi/15.2.0/../../../../arm-none-eabi/lib/thumb/v7e-m+fp/hard/libg_nano.a(libc_a-freer.o)
 .debug_abbrev  0x00004a8f      0x250 /usr/lib/gcc/arm-none-eabi/15.2.0/../../../../arm-none-eabi/lib/thumb/v7e-m+fp/hard/libg_nano.a(libc_a-mallocr.o)
 .debug_abbrev  0x00004cdf      0x1c5 /usr/lib/gcc/arm-none-eabi/15.2.0/../../../../arm-none-eabi/lib/thumb/v7e-m+fp/hard/libg_nano.a(libc_a-mlock.o)
 .debug_abbrev  0x00004ea4      0x31c /usr/lib/gcc/arm-none-eabi/15.2.0/../../../../arm-none-eabi/lib/thumb/v7e-m+fp/hard/libg_nano.a(libc_a-nano-vfprintf.o)
 .debug_abbrev  0x000051c0      0x294 /usr/lib/gcc/arm-none-eabi/15.2.0/../../../../arm-none-eabi/lib/thumb/v7e-m+fp/hard/libg_nano.a(libc_a-nano-vfprintf_i.o)
 .debug_abbrev  0x00005454      0x2b8 /usr/lib/gcc/arm-none-eabi/15.2.0/../../../../arm-none-eabi/lib/thumb/v7e-m+fp/hard/libg_nano.a(libc_a-fflush.o)
 .debug_abbrev  0x0000570c      0x233 /usr/lib/gcc/arm-none-eabi/15.2.0/../../../../arm-none-eabi/lib/thumb/v7e-m+fp/hard/libg_nano.a(libc_a-wbuf.o)
 .debug_abbrev  0x0000593f      0x1e8 /usr/lib/gcc/arm-none-eabi/15.2.0/../../../../arm-none-eabi/lib/thumb/v7e-m+fp/hard/libg_nano.a(libc_a-wsetup.o)
 .debug_abbrev  0x00005b27      0x1e0 /usr/lib/gcc/arm-none-eabi/15.2.0/../../../../arm-none-eabi/lib/thumb/v7e-m+fp/hard/libg_nano.a(libc_a-sbrkr.o)
 .debug_abbrev  0x00005d07       0x14 /usr/lib/gcc/arm-none-eabi/15.2.0/../../../../arm-none-eabi/lib/thumb/v7e-m+fp/hard/libg_nano.a(libc_a-memchr.o)
 .debug_abbrev  0x00005d1b      0x28f /usr/lib/gcc/arm-none-eabi/15.2.0/../../../../arm-none-eabi/lib/thumb/v7e-m+fp/hard/libg_nano.a(libc_a-makebuf.o)
 .debug_abbrev  0x00005faa      0x1c9 /usr/lib/gcc/arm-none-eabi/15.2.0/../../../../arm-none-eabi/lib/thumb/v7e-m+fp/hard/libg_nano.a(libc_a-fstatr.o)
 .debug_abbrev  0x00006173      0x1b6 /usr/lib/gcc/arm-none-eabi/15.2.0/../../../../arm-none-eabi/lib/thumb/v7e-m+fp/hard/libg_nano.a(libc_a-isattyr.o)

.debug_loclists
                0x00000000     0x28fe
 .debug_loclists
                0x00000000       0x46 CMakeFiles/MyStm32F407Project.elf.dir/Core/Src/app.c.obj
 .debug_loclists
                0x00000046       0x5d CMakeFiles/MyStm32F407Project.elf.dir/Core/Src/stm32f4xx_hal_msp.c.obj
 .debug_loclists
                0x000000a3      0x325 CMakeFiles/MyStm32F407Project.elf.dir/Core/Src/syscalls.c.obj
 .debug_loclists
                0x000003c8      0xa2a /usr/lib/gcc/arm-none-eabi/15.2.0/thumb/v7e-m+fp/hard/libgcc.a(_udivmoddi4.o)
 .debug_loclists
                0x00000df2      0x2f0 /usr/lib/gcc/arm-none-eabi/15.2.0/../../../../arm-none-eabi/lib/thumb/v7e-m+fp/hard/libg_nano.a(libc_a-findfp.o)
 .debug_loclists
                0x000010e2       0x91 /usr/lib/gcc/arm-none-eabi/15.2.0/../../../../arm-none-eabi/lib/thumb/v7e-m+fp/hard/libg_nano.a(libc_a-fwalk.o)
 .debug_loclists
                0x00001173       0x4a /usr/lib/gcc/arm-none-eabi/15.2.0/../../../../arm-none-eabi/lib/thumb/v7e-m+fp/hard/libg_nano.a(libc_a-printf.o)
 .debug_loclists
                0x000011bd      0x25d /usr/lib/gcc/arm-none-eabi/15.2.0/../../../../arm-none-eabi/lib/thumb/v7e-m+fp/hard/libg_nano.a(libc_a-stdio.o)
 .debug_loclists
                0x0000141a       0x4d /usr/lib/gcc/arm-none-eabi/15.2.0/../../../../arm-none-eabi/lib/thumb/v7e-m+fp/hard/libg_nano.a(libc_a-memset.o)
 .debug_loclists
                0x00001467       0x58 /usr/lib/gcc/arm-none-eabi/15.2.0/../../../../arm-none-eabi/lib/thumb/v7e-m+fp/hard/libg_nano.a(libc_a-closer.o)
 .debug_loclists
                0x000014bf       0x9c /usr/lib/gcc/arm-none-eabi/15.2.0/../../../../arm-none-eabi/lib/thumb/v7e-m+fp/hard/libg_nano.a(libc_a-reent.o)
 .debug_loclists
                0x0000155b       0xa0 /usr/lib/gcc/arm-none-eabi/15.2.0/../../../../arm-none-eabi/lib/thumb/v7e-m+fp/hard/libg_nano.a(libc_a-lseekr.o)
 .debug_loclists
                0x000015fb       0xa0 /usr/lib/gcc/arm-none-eabi/15.2.0/../../../../arm-none-eabi/lib/thumb/v7e-m+fp/hard/libg_nano.a(libc_a-readr.o)
 .debug_loclists
                0x0000169b       0xa0 /usr/lib/gcc/arm-none-eabi/15.2.0/../../../../arm-none-eabi/lib/thumb/v7e-m+fp/hard/libg_nano.a(libc_a-writer.o)
 .debug_loclists
                0x0000173b       0x48 /usr/lib/gcc/arm-none-eabi/15.2.0/../../../../arm-none-eabi/lib/thumb/v7e-m+fp/hard/libg_nano.a(libc_a-init.o)
 .debug_loclists
                0x00001783       0x29 /usr/lib/gcc/arm-none-eabi/15.2.0/../../../../arm-none-eabi/lib/thumb/v7e-m+fp/hard/libg_nano.a(libc_a-lock.o)
 .debug_loclists
                0x000017ac       0x9d /usr/lib/gcc/arm-none-eabi/15.2.0/../../../../arm-none-eabi/lib/thumb/v7e-m+fp/hard/libg_nano.a(libc_a-memcpy-stub.o)
 .debug_loclists
                0x00001849       0xda /usr/lib/gcc/arm-none-eabi/15.2.0/../../../../arm-none-eabi/lib/thumb/v7e-m+fp/hard/libg_nano.a(libc_a-freer.o)
 .debug_loclists
                0x00001923      0x20c /usr/lib/gcc/arm-none-eabi/15.2.0/../../../../arm-none-eabi/lib/thumb/v7e-m+fp/hard/libg_nano.a(libc_a-mallocr.o)
 .debug_loclists
                0x00001b2f       0x46 /usr/lib/gcc/arm-none-eabi/15.2.0/../../../../arm-none-eabi/lib/thumb/v7e-m+fp/hard/libg_nano.a(libc_a-mlock.o)
 .debug_loclists